******************************************************************************
                  TI ARM Linker PC v18.1.4                     
******************************************************************************
>> Linked Wed Jun 21 17:16:03 2023

OUTPUT FILE NAME:   <Switchy_uSING_api.out>
ENTRY POINT SYMBOL: "_c_int00_noinit_noargs"  address: 000004fd


MEMORY CONFIGURATION

         name            origin    length      used     unused   attr    fill
----------------------  --------  ---------  --------  --------  ----  --------
  FLASH                 00000000   00100000  000005b6  000ffa4a  R  X
  SRAM                  20000000   00040000  00000200  0003fe00  RW X


SEGMENT ALLOCATION MAP

run origin  load origin   length   init length attrs members
----------  ----------- ---------- ----------- ----- -------
00000000    00000000    000005b6   000005b6    r-x
  00000000    00000000    00000208   00000208    r-- .intvecs
  00000208    00000208    000003ae   000003ae    r-x .text
20000000    20000000    00000200   00000000    rw-
  20000000    20000000    00000200   00000000    rw- .stack


SECTION ALLOCATION MAP

 output                                  attributes/
section   page    origin      length       input sections
--------  ----  ----------  ----------   ----------------
.intvecs   0    00000000    00000208     
                  00000000    00000208     tm4c129encpdt_startup_ccs.obj (.intvecs)

.text      0    00000208    000003ae     
                  00000208    00000132     driverlib.lib : gpio.obj (.text:GPIOPadConfigSet)
                  0000033a    00000002     --HOLE-- [fill = 0]
                  0000033c    000000f4                   : sysctl.obj (.text:SysCtlClockSet)
                  00000430    00000098     main.obj (.text)
                  000004c8    00000034     driverlib.lib : sysctl.obj (.text:SysCtlPeripheralEnable)
                  000004fc    00000030     rtsv7M4_T_le_v4SPD16_eabi.lib : boot_cortex_m.c.obj (.text:_c_int00_noinit_noargs:_c_int00_noinit_noargs)
                  0000052c    0000002a     driverlib.lib : gpio.obj (.text:GPIODirModeSet)
                  00000556    00000002     --HOLE-- [fill = 0]
                  00000558    0000001a     tm4c129encpdt_startup_ccs.obj (.text)
                  00000572    00000018     driverlib.lib : gpio.obj (.text:GPIOPinTypeGPIOOutput)
                  0000058a    00000012                   : gpio.obj (.text:GPIOPinTypeGPIOInput)
                  0000059c    00000006                   : gpio.obj (.text:GPIOPinRead)
                  000005a2    00000006                   : gpio.obj (.text:GPIOPinWrite)
                  000005a8    00000006                   : sysctl.obj (.text:SysCtlDelay)
                  000005ae    00000004     rtsv7M4_T_le_v4SPD16_eabi.lib : pre_init.c.obj (.text:_system_pre_init)
                  000005b2    00000004                                   : exit.c.obj (.text:abort:abort)

.cinit     0    00000000    00000000     UNINITIALIZED

.init_array 
*          0    00000000    00000000     UNINITIALIZED

.stack     0    20000000    00000200     UNINITIALIZED
                  20000000    00000004     rtsv7M4_T_le_v4SPD16_eabi.lib : boot_cortex_m.c.obj (.stack)
                  20000004    000001fc     --HOLE--

MODULE SUMMARY

       Module                          code   ro data   rw data
       ------                          ----   -------   -------
    .\
       tm4c129encpdt_startup_ccs.obj   26     520       0      
       main.obj                        152    0         0      
    +--+-------------------------------+------+---------+---------+
       Total:                          178    520       0      
                                                               
    C:/ti/tivaware_c_series_2_1_4_178/driverlib/ccs/Debug/driverlib.lib
       gpio.obj                        402    0         0      
       sysctl.obj                      302    0         0      
    +--+-------------------------------+------+---------+---------+
       Total:                          704    0         0      
                                                               
    C:\ti\ccsv8\tools\compiler\ti-cgt-arm_18.1.4.LTS\lib\rtsv7M4_T_le_v4SPD16_eabi.lib
       boot_cortex_m.c.obj             48     0         0      
       exit.c.obj                      4      0         0      
       pre_init.c.obj                  4      0         0      
    +--+-------------------------------+------+---------+---------+
       Total:                          56     0         0      
                                                               
       Stack:                          0      0         512    
    +--+-------------------------------+------+---------+---------+
       Grand Total:                    938    520       512    


GLOBAL SYMBOLS: SORTED ALPHABETICALLY BY Name 

address   name                  
-------   ----                  
000005b3  C$$EXIT               
0000052d  GPIODirModeSet        
00000209  GPIOPadConfigSet      
0000059d  GPIOPinRead           
0000058b  GPIOPinTypeGPIOInput  
00000573  GPIOPinTypeGPIOOutput 
000005a3  GPIOPinWrite          
00000559  ResetISR              
0000033d  SysCtlClockSet        
000005a9  SysCtlDelay           
000004c9  SysCtlPeripheralEnable
20000200  __STACK_END           
00000200  __STACK_SIZE          
20000200  __STACK_TOP           
ffffffff  __TI_pprof_out_hndl   
ffffffff  __TI_prof_data_size   
ffffffff  __TI_prof_data_start  
00000000  __TI_static_base__    
ffffffff  __binit__             
ffffffff  __c_args__            
UNDEFED   __mpu_init            
20000000  __stack               
000004fd  _c_int00_noinit_noargs
000005af  _system_pre_init      
000005b3  abort                 
ffffffff  binit                 
00000000  g_pfnVectors          
00000431  main                  


GLOBAL SYMBOLS: SORTED BY Symbol Address 

address   name                  
-------   ----                  
00000000  __TI_static_base__    
00000000  g_pfnVectors          
00000200  __STACK_SIZE          
00000209  GPIOPadConfigSet      
0000033d  SysCtlClockSet        
00000431  main                  
000004c9  SysCtlPeripheralEnable
000004fd  _c_int00_noinit_noargs
0000052d  GPIODirModeSet        
00000559  ResetISR              
00000573  GPIOPinTypeGPIOOutput 
0000058b  GPIOPinTypeGPIOInput  
0000059d  GPIOPinRead           
000005a3  GPIOPinWrite          
000005a9  SysCtlDelay           
000005af  _system_pre_init      
000005b3  C$$EXIT               
000005b3  abort                 
20000000  __stack               
20000200  __STACK_END           
20000200  __STACK_TOP           
ffffffff  __TI_pprof_out_hndl   
ffffffff  __TI_prof_data_size   
ffffffff  __TI_prof_data_start  
ffffffff  __binit__             
ffffffff  __c_args__            
ffffffff  binit                 
UNDEFED   __mpu_init            

[28 symbols]
