Archive member included to satisfy reference by file (symbol)

C:/Users/mahon/workspace_v8/tivac_EK-TM4C1294XL_core/Debug\libtivac_EK-TM4C1294XL_core.a(startup_gcc.o)
                              (ResetISR)
C:/Users/mahon/workspace_v8/tivac_EK-TM4C1294XL_core/Debug\libtivac_EK-TM4C1294XL_core.a(WInterrupts.o)
                              C:/Users/mahon/workspace_v8/tivac_EK-TM4C1294XL_core/Debug\libtivac_EK-TM4C1294XL_core.a(startup_gcc.o) (GPIOAIntHandler)
C:/Users/mahon/workspace_v8/tivac_EK-TM4C1294XL_core/Debug\libtivac_EK-TM4C1294XL_core.a(wiring.o)
                              ./Button.o (delay)
C:/Users/mahon/workspace_v8/tivac_EK-TM4C1294XL_core/Debug\libtivac_EK-TM4C1294XL_core.a(wiring_digital.o)
                              ./Button.o (pinMode)
C:/Users/mahon/workspace_v8/tivac_EK-TM4C1294XL_core/Debug\libtivac_EK-TM4C1294XL_core.a(HardwareSerial.o)
                              ./Button.o (HardwareSerial::begin(unsigned long))
C:/Users/mahon/workspace_v8/tivac_EK-TM4C1294XL_core/Debug\libtivac_EK-TM4C1294XL_core.a(main.o)
                              C:/Users/mahon/workspace_v8/tivac_EK-TM4C1294XL_core/Debug\libtivac_EK-TM4C1294XL_core.a(startup_gcc.o) (_init)
C:/Users/mahon/workspace_v8/tivac_EK-TM4C1294XL_core/Debug\libtivac_EK-TM4C1294XL_core.a(Print.o)
                              C:/Users/mahon/workspace_v8/tivac_EK-TM4C1294XL_core/Debug\libtivac_EK-TM4C1294XL_core.a(HardwareSerial.o) (Print::write(unsigned char const*, unsigned int))
C:/Users/mahon/workspace_v8/tivac_EK-TM4C1294XL_core/Debug\libtivac_EK-TM4C1294XL_core.a(new.o)
                              C:/Users/mahon/workspace_v8/tivac_EK-TM4C1294XL_core/Debug\libtivac_EK-TM4C1294XL_core.a(Print.o) (__cxa_pure_virtual)
C:/Users/mahon/AppData/Local/Energia15/packages/energia/hardware/tivac/1.0.3/system/driverlib\libdriverlib.a(eeprom.o)
                              C:/Users/mahon/workspace_v8/tivac_EK-TM4C1294XL_core/Debug\libtivac_EK-TM4C1294XL_core.a(main.o) (EEPROMMassErase)
C:/Users/mahon/AppData/Local/Energia15/packages/energia/hardware/tivac/1.0.3/system/driverlib\libdriverlib.a(gpio.o)
                              C:/Users/mahon/workspace_v8/tivac_EK-TM4C1294XL_core/Debug\libtivac_EK-TM4C1294XL_core.a(wiring_digital.o) (GPIOPadConfigSet)
C:/Users/mahon/AppData/Local/Energia15/packages/energia/hardware/tivac/1.0.3/system/driverlib\libdriverlib.a(interrupt.o)
                              C:/Users/mahon/AppData/Local/Energia15/packages/energia/hardware/tivac/1.0.3/system/driverlib\libdriverlib.a(gpio.o) (IntRegister)
C:/Users/mahon/AppData/Local/Energia15/packages/energia/hardware/tivac/1.0.3/system/driverlib\libdriverlib.a(sysctl.o)
                              C:/Users/mahon/AppData/Local/Energia15/packages/energia/hardware/tivac/1.0.3/system/driverlib\libdriverlib.a(eeprom.o) (SysCtlPeripheralReset)
C:/Users/mahon/AppData/Local/Energia15/packages/energia/hardware/tivac/1.0.3/system/driverlib\libdriverlib.a(cpu.o)
                              C:/Users/mahon/AppData/Local/Energia15/packages/energia/hardware/tivac/1.0.3/system/driverlib\libdriverlib.a(interrupt.o) (CPUcpsid)
c:/users/mahon/appdata/local/energia15/packages/energia/tools/arm-none-eabi-gcc/6.3.1-20170620/bin/../lib/gcc/arm-none-eabi/6.3.1/../../../../arm-none-eabi/lib/thumb/v7e-m/fpv4-sp/hard\libc_nano.a(lib_a-malloc.o)
                              C:/Users/mahon/workspace_v8/tivac_EK-TM4C1294XL_core/Debug\libtivac_EK-TM4C1294XL_core.a(HardwareSerial.o) (malloc)
c:/users/mahon/appdata/local/energia15/packages/energia/tools/arm-none-eabi-gcc/6.3.1-20170620/bin/../lib/gcc/arm-none-eabi/6.3.1/../../../../arm-none-eabi/lib/thumb/v7e-m/fpv4-sp/hard\libc_nano.a(lib_a-nano-freer.o)
                              c:/users/mahon/appdata/local/energia15/packages/energia/tools/arm-none-eabi-gcc/6.3.1-20170620/bin/../lib/gcc/arm-none-eabi/6.3.1/../../../../arm-none-eabi/lib/thumb/v7e-m/fpv4-sp/hard\libc_nano.a(lib_a-malloc.o) (_free_r)
c:/users/mahon/appdata/local/energia15/packages/energia/tools/arm-none-eabi-gcc/6.3.1-20170620/bin/../lib/gcc/arm-none-eabi/6.3.1/../../../../arm-none-eabi/lib/thumb/v7e-m/fpv4-sp/hard\libc_nano.a(lib_a-nano-mallocr.o)
                              c:/users/mahon/appdata/local/energia15/packages/energia/tools/arm-none-eabi-gcc/6.3.1-20170620/bin/../lib/gcc/arm-none-eabi/6.3.1/../../../../arm-none-eabi/lib/thumb/v7e-m/fpv4-sp/hard\libc_nano.a(lib_a-malloc.o) (_malloc_r)
c:/users/mahon/appdata/local/energia15/packages/energia/tools/arm-none-eabi-gcc/6.3.1-20170620/bin/../lib/gcc/arm-none-eabi/6.3.1/../../../../arm-none-eabi/lib/thumb/v7e-m/fpv4-sp/hard\libc_nano.a(lib_a-sbrkr.o)
                              c:/users/mahon/appdata/local/energia15/packages/energia/tools/arm-none-eabi-gcc/6.3.1-20170620/bin/../lib/gcc/arm-none-eabi/6.3.1/../../../../arm-none-eabi/lib/thumb/v7e-m/fpv4-sp/hard\libc_nano.a(lib_a-nano-mallocr.o) (_sbrk_r)
[...]
Memory Configuration

Name             Origin             Length             Attributes
flash            0x00000000         0x00100000         xr
ram              0x20000000         0x00040000         xrw
*default*        0x00000000         0xffffffff

Linker script and memory map

LOAD ./Button.o
START GROUP

.text           0x00000000     0x182c
                0x00000000                . = ALIGN (0x4)
                0x00000000                _text = .
 *(.isr_vector)
 .isr_vector    0x00000000      0x200 C:/Users/mahon/workspace_v8/tivac_EK-TM4C1294XL_core/Debug\libtivac_EK-TM4C1294XL_core.a(startup_gcc.o)
                0x00000000                g_pfnVectors
 *(.text .text* .gnu.linkonce.t.*)
 .text.setup    0x00000200       0x2c ./Button.o
                0x00000200                setup
 .text._Z4dashv
                0x0000022c       0x24 ./Button.o
                0x0000022c                dash()
 .text._Z3dotv  0x00000250       0x22 ./Button.o
                0x00000250                dot()
 *fill*         0x00000272        0x2 
 .text.loop     0x00000274       0x3c ./Button.o
                0x00000274                loop
 .text.NmiSR    0x000002b0        0x2 C:/Users/mahon/workspace_v8/tivac_EK-TM4C1294XL_core/Debug\libtivac_EK-TM4C1294XL_core.a(startup_gcc.o)
 .text.FaultISR
                0x000002b2        0x2 C:/Users/mahon/workspace_v8/tivac_EK-TM4C1294XL_core/Debug\libtivac_EK-TM4C1294XL_core.a(startup_gcc.o)
 .text.IntDefaultHandler
                0x000002b4        0x2 C:/Users/mahon/workspace_v8/tivac_EK-TM4C1294XL_core/Debug\libtivac_EK-TM4C1294XL_core.a(startup_gcc.o)
 *fill*         0x000002b6        0x2 
 .text.ResetISR
                0x000002b8       0x98 C:/Users/mahon/workspace_v8/tivac_EK-TM4C1294XL_core/Debug\libtivac_EK-TM4C1294XL_core.a(startup_gcc.o)
                0x000002b8                ResetISR
 .text.ToneIntHandler
                0x00000350        0x2 C:/Users/mahon/workspace_v8/tivac_EK-TM4C1294XL_core/Debug\libtivac_EK-TM4C1294XL_core.a(startup_gcc.o)
                0x00000350                ToneIntHandler
 *fill*         0x00000352        0x2 
 .text._sbrk    0x00000354       0x28 C:/Users/mahon/workspace_v8/tivac_EK-TM4C1294XL_core/Debug\libtivac_EK-TM4C1294XL_core.a(startup_gcc.o)
                0x00000354                _sbrk
 .text.GPIOXIntHandler
                0x0000037c       0x30 C:/Users/mahon/workspace_v8/tivac_EK-TM4C1294XL_core/Debug\libtivac_EK-TM4C1294XL_core.a(WInterrupts.o)
                0x0000037c                GPIOXIntHandler
 .text.GPIOAIntHandler
                0x000003ac       0x10 C:/Users/mahon/workspace_v8/tivac_EK-TM4C1294XL_core/Debug\libtivac_EK-TM4C1294XL_core.a(WInterrupts.o)
                0x000003ac                GPIOAIntHandler
 .text.GPIOBIntHandler
                0x000003bc       0x10 C:/Users/mahon/workspace_v8/tivac_EK-TM4C1294XL_core/Debug\libtivac_EK-TM4C1294XL_core.a(WInterrupts.o)
                0x000003bc                GPIOBIntHandler
 .text.GPIOCIntHandler
                0x000003cc       0x10 C:/Users/mahon/workspace_v8/tivac_EK-TM4C1294XL_core/Debug\libtivac_EK-TM4C1294XL_core.a(WInterrupts.o)
                0x000003cc                GPIOCIntHandler
 .text.GPIODIntHandler
                0x000003dc       0x10 C:/Users/mahon/workspace_v8/tivac_EK-TM4C1294XL_core/Debug\libtivac_EK-TM4C1294XL_core.a(WInterrupts.o)
                0x000003dc                GPIODIntHandler
 .text.GPIOEIntHandler
                0x000003ec       0x10 C:/Users/mahon/workspace_v8/tivac_EK-TM4C1294XL_core/Debug\libtivac_EK-TM4C1294XL_core.a(WInterrupts.o)
                0x000003ec                GPIOEIntHandler
 .text.GPIOFIntHandler
                0x000003fc       0x10 C:/Users/mahon/workspace_v8/tivac_EK-TM4C1294XL_core/Debug\libtivac_EK-TM4C1294XL_core.a(WInterrupts.o)
                0x000003fc                GPIOFIntHandler
 .text.GPIOGIntHandler
                0x0000040c       0x10 C:/Users/mahon/workspace_v8/tivac_EK-TM4C1294XL_core/Debug\libtivac_EK-TM4C1294XL_core.a(WInterrupts.o)
                0x0000040c                GPIOGIntHandler
 .text.GPIOHIntHandler
                0x0000041c       0x10 C:/Users/mahon/workspace_v8/tivac_EK-TM4C1294XL_core/Debug\libtivac_EK-TM4C1294XL_core.a(WInterrupts.o)
                0x0000041c                GPIOHIntHandler
 .text.GPIOJIntHandler
                0x0000042c       0x10 C:/Users/mahon/workspace_v8/tivac_EK-TM4C1294XL_core/Debug\libtivac_EK-TM4C1294XL_core.a(WInterrupts.o)
                0x0000042c                GPIOJIntHandler
 .text.GPIOKIntHandler
                0x0000043c       0x10 C:/Users/mahon/workspace_v8/tivac_EK-TM4C1294XL_core/Debug\libtivac_EK-TM4C1294XL_core.a(WInterrupts.o)
                0x0000043c                GPIOKIntHandler
 .text.GPIOLIntHandler
                0x0000044c       0x10 C:/Users/mahon/workspace_v8/tivac_EK-TM4C1294XL_core/Debug\libtivac_EK-TM4C1294XL_core.a(WInterrupts.o)
                0x0000044c                GPIOLIntHandler
 .text.GPIOMIntHandler
                0x0000045c       0x10 C:/Users/mahon/workspace_v8/tivac_EK-TM4C1294XL_core/Debug\libtivac_EK-TM4C1294XL_core.a(WInterrupts.o)
                0x0000045c                GPIOMIntHandler
 .text.GPIONIntHandler
                0x0000046c       0x10 C:/Users/mahon/workspace_v8/tivac_EK-TM4C1294XL_core/Debug\libtivac_EK-TM4C1294XL_core.a(WInterrupts.o)
                0x0000046c                GPIONIntHandler
 .text.GPIOPIntHandler
                0x0000047c       0x10 C:/Users/mahon/workspace_v8/tivac_EK-TM4C1294XL_core/Debug\libtivac_EK-TM4C1294XL_core.a(WInterrupts.o)
                0x0000047c                GPIOPIntHandler
 .text.GPIOQIntHandler
                0x0000048c       0x10 C:/Users/mahon/workspace_v8/tivac_EK-TM4C1294XL_core/Debug\libtivac_EK-TM4C1294XL_core.a(WInterrupts.o)
                0x0000048c                GPIOQIntHandler
 .text.GPIORIntHandler
                0x0000049c       0x10 C:/Users/mahon/workspace_v8/tivac_EK-TM4C1294XL_core/Debug\libtivac_EK-TM4C1294XL_core.a(WInterrupts.o)
                0x0000049c                GPIORIntHandler
 .text.GPIOSIntHandler
                0x000004ac       0x10 C:/Users/mahon/workspace_v8/tivac_EK-TM4C1294XL_core/Debug\libtivac_EK-TM4C1294XL_core.a(WInterrupts.o)
                0x000004ac                GPIOSIntHandler
 .text.GPIOTIntHandler
                0x000004bc       0x10 C:/Users/mahon/workspace_v8/tivac_EK-TM4C1294XL_core/Debug\libtivac_EK-TM4C1294XL_core.a(WInterrupts.o)
                0x000004bc                GPIOTIntHandler
 .text.timerInit
                0x000004cc       0x5c C:/Users/mahon/workspace_v8/tivac_EK-TM4C1294XL_core/Debug\libtivac_EK-TM4C1294XL_core.a(wiring.o)
                0x000004cc                timerInit
 .text.delay    0x00000528       0x18 C:/Users/mahon/workspace_v8/tivac_EK-TM4C1294XL_core/Debug\libtivac_EK-TM4C1294XL_core.a(wiring.o)
                0x00000528                delay
 .text.delayMicroseconds
                0x00000540       0x50 C:/Users/mahon/workspace_v8/tivac_EK-TM4C1294XL_core/Debug\libtivac_EK-TM4C1294XL_core.a(wiring.o)
                0x00000540                delayMicroseconds
 .text.SysTickIntHandler
                0x00000590       0x28 C:/Users/mahon/workspace_v8/tivac_EK-TM4C1294XL_core/Debug\libtivac_EK-TM4C1294XL_core.a(wiring.o)
                0x00000590                SysTickIntHandler
 .text.pinMode  0x000005b8       0xa8 C:/Users/mahon/workspace_v8/tivac_EK-TM4C1294XL_core/Debug\libtivac_EK-TM4C1294XL_core.a(wiring_digital.o)
                0x000005b8                pinMode
 .text.digitalRead
                0x00000660       0x38 C:/Users/mahon/workspace_v8/tivac_EK-TM4C1294XL_core/Debug\libtivac_EK-TM4C1294XL_core.a(wiring_digital.o)
                0x00000660                digitalRead
 .text.digitalWrite
                0x00000698       0x3c C:/Users/mahon/workspace_v8/tivac_EK-TM4C1294XL_core/Debug\libtivac_EK-TM4C1294XL_core.a(wiring_digital.o)
                0x00000698                digitalWrite
 .text._ZN5Print17availableForWriteEv
                0x000006d4        0x4 C:/Users/mahon/workspace_v8/tivac_EK-TM4C1294XL_core/Debug\libtivac_EK-TM4C1294XL_core.a(HardwareSerial.o)
                0x000006d4                Print::availableForWrite()
 .text._ZN14HardwareSerial9availableEv
                0x000006d8       0x12 C:/Users/mahon/workspace_v8/tivac_EK-TM4C1294XL_core/Debug\libtivac_EK-TM4C1294XL_core.a(HardwareSerial.o)
                0x000006d8                HardwareSerial::available()
 .text._ZN14HardwareSerial4peekEv
                0x000006ea       0x12 C:/Users/mahon/workspace_v8/tivac_EK-TM4C1294XL_core/Debug\libtivac_EK-TM4C1294XL_core.a(HardwareSerial.o)
                0x000006ea                HardwareSerial::peek()
 .text._ZN14HardwareSerial4readEv
                0x000006fc       0x26 C:/Users/mahon/workspace_v8/tivac_EK-TM4C1294XL_core/Debug\libtivac_EK-TM4C1294XL_core.a(HardwareSerial.o)
                0x000006fc                HardwareSerial::read()
 *fill*         0x00000722        0x2 
 .text._ZN14HardwareSerial5flushEv
                0x00000724       0x2c C:/Users/mahon/workspace_v8/tivac_EK-TM4C1294XL_core/Debug\libtivac_EK-TM4C1294XL_core.a(HardwareSerial.o)
                0x00000724                HardwareSerial::flush()
 .text._ZN14HardwareSerialC2Ev
                0x00000750       0x30 C:/Users/mahon/workspace_v8/tivac_EK-TM4C1294XL_core/Debug\libtivac_EK-TM4C1294XL_core.a(HardwareSerial.o)
                0x00000750                HardwareSerial::HardwareSerial()
                0x00000750                HardwareSerial::HardwareSerial()
 .text._ZN14HardwareSerialC2Em
                0x00000780       0x30 C:/Users/mahon/workspace_v8/tivac_EK-TM4C1294XL_core/Debug\libtivac_EK-TM4C1294XL_core.a(HardwareSerial.o)
                0x00000780                HardwareSerial::HardwareSerial(unsigned long)
                0x00000780                HardwareSerial::HardwareSerial(unsigned long)
 .text._ZN14HardwareSerial8flushAllEv
                0x000007b0       0x34 C:/Users/mahon/workspace_v8/tivac_EK-TM4C1294XL_core/Debug\libtivac_EK-TM4C1294XL_core.a(HardwareSerial.o)
                0x000007b0                HardwareSerial::flushAll()
 .text._ZN14HardwareSerial13primeTransmitEm
                0x000007e4       0x80 C:/Users/mahon/workspace_v8/tivac_EK-TM4C1294XL_core/Debug\libtivac_EK-TM4C1294XL_core.a(HardwareSerial.o)
                0x000007e4                HardwareSerial::primeTransmit(unsigned long)
 .text._ZN14HardwareSerial5writeEh
                0x00000864       0x5c C:/Users/mahon/workspace_v8/tivac_EK-TM4C1294XL_core/Debug\libtivac_EK-TM4C1294XL_core.a(HardwareSerial.o)
                0x00000864                HardwareSerial::write(unsigned char)
 .text._ZN14HardwareSerial5beginEm
                0x000008c0      0x110 C:/Users/mahon/workspace_v8/tivac_EK-TM4C1294XL_core/Debug\libtivac_EK-TM4C1294XL_core.a(HardwareSerial.o)
                0x000008c0                HardwareSerial::begin(unsigned long)
 .text._ZN14HardwareSerial14UARTIntHandlerEv
                0x000009d0       0xcc C:/Users/mahon/workspace_v8/tivac_EK-TM4C1294XL_core/Debug\libtivac_EK-TM4C1294XL_core.a(HardwareSerial.o)
                0x000009d0                HardwareSerial::UARTIntHandler()
 .text.UARTIntHandler
                0x00000a9c        0xc C:/Users/mahon/workspace_v8/tivac_EK-TM4C1294XL_core/Debug\libtivac_EK-TM4C1294XL_core.a(HardwareSerial.o)
                0x00000a9c                UARTIntHandler
 .text.UARTIntHandler1
                0x00000aa8        0xc C:/Users/mahon/workspace_v8/tivac_EK-TM4C1294XL_core/Debug\libtivac_EK-TM4C1294XL_core.a(HardwareSerial.o)
                0x00000aa8                UARTIntHandler1
 .text.UARTIntHandler2
                0x00000ab4        0xc C:/Users/mahon/workspace_v8/tivac_EK-TM4C1294XL_core/Debug\libtivac_EK-TM4C1294XL_core.a(HardwareSerial.o)
                0x00000ab4                UARTIntHandler2
 .text.UARTIntHandler3
                0x00000ac0        0xc C:/Users/mahon/workspace_v8/tivac_EK-TM4C1294XL_core/Debug\libtivac_EK-TM4C1294XL_core.a(HardwareSerial.o)
                0x00000ac0                UARTIntHandler3
 .text.UARTIntHandler4
                0x00000acc        0xc C:/Users/mahon/workspace_v8/tivac_EK-TM4C1294XL_core/Debug\libtivac_EK-TM4C1294XL_core.a(HardwareSerial.o)
                0x00000acc                UARTIntHandler4
 .text.UARTIntHandler5
                0x00000ad8        0xc C:/Users/mahon/workspace_v8/tivac_EK-TM4C1294XL_core/Debug\libtivac_EK-TM4C1294XL_core.a(HardwareSerial.o)
                0x00000ad8                UARTIntHandler5
 .text.UARTIntHandler6
                0x00000ae4        0xc C:/Users/mahon/workspace_v8/tivac_EK-TM4C1294XL_core/Debug\libtivac_EK-TM4C1294XL_core.a(HardwareSerial.o)
                0x00000ae4                UARTIntHandler6
 .text.UARTIntHandler7
                0x00000af0        0xc C:/Users/mahon/workspace_v8/tivac_EK-TM4C1294XL_core/Debug\libtivac_EK-TM4C1294XL_core.a(HardwareSerial.o)
                0x00000af0                UARTIntHandler7
 .text._Z11serialEventv
                0x00000afc        0x2 C:/Users/mahon/workspace_v8/tivac_EK-TM4C1294XL_core/Debug\libtivac_EK-TM4C1294XL_core.a(HardwareSerial.o)
                0x00000afc                serialEvent()
 .text._Z12serialEvent1v
                0x00000afe        0x2 C:/Users/mahon/workspace_v8/tivac_EK-TM4C1294XL_core/Debug\libtivac_EK-TM4C1294XL_core.a(HardwareSerial.o)
                0x00000afe                serialEvent1()
 .text._Z12serialEvent2v
                0x00000b00        0x2 C:/Users/mahon/workspace_v8/tivac_EK-TM4C1294XL_core/Debug\libtivac_EK-TM4C1294XL_core.a(HardwareSerial.o)
                0x00000b00                serialEvent2()
 .text._Z12serialEvent3v
                0x00000b02        0x2 C:/Users/mahon/workspace_v8/tivac_EK-TM4C1294XL_core/Debug\libtivac_EK-TM4C1294XL_core.a(HardwareSerial.o)
                0x00000b02                serialEvent3()
 .text._Z12serialEvent4v
                0x00000b04        0x2 C:/Users/mahon/workspace_v8/tivac_EK-TM4C1294XL_core/Debug\libtivac_EK-TM4C1294XL_core.a(HardwareSerial.o)
                0x00000b04                serialEvent4()
 .text._Z12serialEvent5v
                0x00000b06        0x2 C:/Users/mahon/workspace_v8/tivac_EK-TM4C1294XL_core/Debug\libtivac_EK-TM4C1294XL_core.a(HardwareSerial.o)
                0x00000b06                serialEvent5()
 .text._Z12serialEvent6v
                0x00000b08        0x2 C:/Users/mahon/workspace_v8/tivac_EK-TM4C1294XL_core/Debug\libtivac_EK-TM4C1294XL_core.a(HardwareSerial.o)
                0x00000b08                serialEvent6()
 .text._Z12serialEvent7v
                0x00000b0a        0x2 C:/Users/mahon/workspace_v8/tivac_EK-TM4C1294XL_core/Debug\libtivac_EK-TM4C1294XL_core.a(HardwareSerial.o)
                0x00000b0a                serialEvent7()
 .text._Z14serialEventRunv
                0x00000b0c       0x84 C:/Users/mahon/workspace_v8/tivac_EK-TM4C1294XL_core/Debug\libtivac_EK-TM4C1294XL_core.a(HardwareSerial.o)
                0x00000b0c                serialEventRun()
 .text.startup._GLOBAL__sub_I__ZN14HardwareSerialC2Ev
                0x00000b90       0x64 C:/Users/mahon/workspace_v8/tivac_EK-TM4C1294XL_core/Debug\libtivac_EK-TM4C1294XL_core.a(HardwareSerial.o)
 .text._init    0x00000bf4      0x15c C:/Users/mahon/workspace_v8/tivac_EK-TM4C1294XL_core/Debug\libtivac_EK-TM4C1294XL_core.a(main.o)
                0x00000bf4                _init
 .text.startup.main
                0x00000d50       0x1c C:/Users/mahon/workspace_v8/tivac_EK-TM4C1294XL_core/Debug\libtivac_EK-TM4C1294XL_core.a(main.o)
                0x00000d50                main
 .text._ZN5Print5writeEPKhj
                0x00000d6c       0x2c C:/Users/mahon/workspace_v8/tivac_EK-TM4C1294XL_core/Debug\libtivac_EK-TM4C1294XL_core.a(Print.o)
                0x00000d6c                Print::write(unsigned char const*, unsigned int)
 .text._EEPROMWaitForDone
                0x00000d98       0x10 C:/Users/mahon/AppData/Local/Energia15/packages/energia/hardware/tivac/1.0.3/system/driverlib\libdriverlib.a(eeprom.o)
 .text._EEPROMSectorMaskClear
                0x00000da8       0x34 C:/Users/mahon/AppData/Local/Energia15/packages/energia/hardware/tivac/1.0.3/system/driverlib\libdriverlib.a(eeprom.o)
 .text.EEPROMMassErase
                0x00000ddc       0x58 C:/Users/mahon/AppData/Local/Energia15/packages/energia/hardware/tivac/1.0.3/system/driverlib\libdriverlib.a(eeprom.o)
                0x00000ddc                EEPROMMassErase
 .text.GPIOPadConfigSet
                0x00000e34      0x130 C:/Users/mahon/AppData/Local/Energia15/packages/energia/hardware/tivac/1.0.3/system/driverlib\libdriverlib.a(gpio.o)
                0x00000e34                GPIOPadConfigSet
 .text.GPIOIntStatus
                0x00000f64        0xe C:/Users/mahon/AppData/Local/Energia15/packages/energia/hardware/tivac/1.0.3/system/driverlib\libdriverlib.a(gpio.o)
                0x00000f64                GPIOIntStatus
 .text.GPIOIntClear
                0x00000f72        0x6 C:/Users/mahon/AppData/Local/Energia15/packages/energia/hardware/tivac/1.0.3/system/driverlib\libdriverlib.a(gpio.o)
                0x00000f72                GPIOIntClear
 .text._SysCtlMemTimingGet
                0x00000f78       0x24 C:/Users/mahon/AppData/Local/Energia15/packages/energia/hardware/tivac/1.0.3/system/driverlib\libdriverlib.a(sysctl.o)
 .text.SysCtlPeripheralReset
                0x00000f9c       0x3a C:/Users/mahon/AppData/Local/Energia15/packages/energia/hardware/tivac/1.0.3/system/driverlib\libdriverlib.a(sysctl.o)
                0x00000f9c                SysCtlPeripheralReset
 *fill*         0x00000fd6        0x2 
 .text.SysCtlDeepSleepPowerSet
                0x00000fd8        0xc C:/Users/mahon/AppData/Local/Energia15/packages/energia/hardware/tivac/1.0.3/system/driverlib\libdriverlib.a(sysctl.o)
                0x00000fd8                SysCtlDeepSleepPowerSet
 .text.SysCtlDelay
                0x00000fe4        0x8 C:/Users/mahon/AppData/Local/Energia15/packages/energia/hardware/tivac/1.0.3/system/driverlib\libdriverlib.a(sysctl.o)
                0x00000fe4                SysCtlDelay
 .text.SysCtlClockFreqSet
                0x00000fec      0x248 C:/Users/mahon/AppData/Local/Energia15/packages/energia/hardware/tivac/1.0.3/system/driverlib\libdriverlib.a(sysctl.o)
                0x00000fec                SysCtlClockFreqSet
 .text.malloc   0x00001234       0x10 c:/users/mahon/appdata/local/energia15/packages/energia/tools/arm-none-eabi-gcc/6.3.1-20170620/bin/../lib/gcc/arm-none-eabi/6.3.1/../../../../arm-none-eabi/lib/thumb/v7e-m/fpv4-sp/hard\libc_nano.a(lib_a-malloc.o)
                0x00001234                malloc
 .text.free     0x00001244       0x10 c:/users/mahon/appdata/local/energia15/packages/energia/tools/arm-none-eabi-gcc/6.3.1-20170620/bin/../lib/gcc/arm-none-eabi/6.3.1/../../../../arm-none-eabi/lib/thumb/v7e-m/fpv4-sp/hard\libc_nano.a(lib_a-malloc.o)
                0x00001244                free
 .text._free_r  0x00001254       0x9c c:/users/mahon/appdata/local/energia15/packages/energia/tools/arm-none-eabi-gcc/6.3.1-20170620/bin/../lib/gcc/arm-none-eabi/6.3.1/../../../../arm-none-eabi/lib/thumb/v7e-m/fpv4-sp/hard\libc_nano.a(lib_a-nano-freer.o)
                0x00001254                _free_r
 .text._malloc_r
                0x000012f0       0xbc c:/users/mahon/appdata/local/energia15/packages/energia/tools/arm-none-eabi-gcc/6.3.1-20170620/bin/../lib/gcc/arm-none-eabi/6.3.1/../../../../arm-none-eabi/lib/thumb/v7e-m/fpv4-sp/hard\libc_nano.a(lib_a-nano-mallocr.o)
                0x000012f0                _malloc_r
 .text._sbrk_r  0x000013ac       0x20 c:/users/mahon/appdata/local/energia15/packages/energia/tools/arm-none-eabi-gcc/6.3.1-20170620/bin/../lib/gcc/arm-none-eabi/6.3.1/../../../../arm-none-eabi/lib/thumb/v7e-m/fpv4-sp/hard\libc_nano.a(lib_a-sbrkr.o)
                0x000013ac                _sbrk_r
 .text.__malloc_lock
                0x000013cc        0x2 c:/users/mahon/appdata/local/energia15/packages/energia/tools/arm-none-eabi-gcc/6.3.1-20170620/bin/../lib/gcc/arm-none-eabi/6.3.1/../../../../arm-none-eabi/lib/thumb/v7e-m/fpv4-sp/hard\libc_nano.a(lib_a-mlock.o)
                0x000013cc                __malloc_lock
 .text.__malloc_unlock
                0x000013ce        0x2 c:/users/mahon/appdata/local/energia15/packages/energia/tools/arm-none-eabi-gcc/6.3.1-20170620/bin/../lib/gcc/arm-none-eabi/6.3.1/../../../../arm-none-eabi/lib/thumb/v7e-m/fpv4-sp/hard\libc_nano.a(lib_a-mlock.o)
                0x000013ce                __malloc_unlock
 *(.glue_7t)
 .glue_7t       0x000013d0        0x0 linker stubs
 *(.glue_7)
 .glue_7        0x000013d0        0x0 linker stubs
 *(.rodata .rodata* .gnu.linkonce.r.*)
 .rodata.digital_pin_to_bit_mask
                0x000013d0       0x60 C:/Users/mahon/workspace_v8/tivac_EK-TM4C1294XL_core/Debug\libtivac_EK-TM4C1294XL_core.a(wiring_digital.o)
                0x000013d0                digital_pin_to_bit_mask
 .rodata.digital_pin_to_port
                0x00001430       0x60 C:/Users/mahon/workspace_v8/tivac_EK-TM4C1294XL_core/Debug\libtivac_EK-TM4C1294XL_core.a(wiring_digital.o)
                0x00001430                digital_pin_to_port
 .rodata.port_to_base
                0x00001490       0x40 C:/Users/mahon/workspace_v8/tivac_EK-TM4C1294XL_core/Debug\libtivac_EK-TM4C1294XL_core.a(wiring_digital.o)
                0x00001490                port_to_base
 .rodata._ZL11g_ulUARTInt
                0x000014d0       0x20 C:/Users/mahon/workspace_v8/tivac_EK-TM4C1294XL_core/Debug\libtivac_EK-TM4C1294XL_core.a(HardwareSerial.o)
 .rodata._ZL12g_ulUARTBase
                0x000014f0       0x20 C:/Users/mahon/workspace_v8/tivac_EK-TM4C1294XL_core/Debug\libtivac_EK-TM4C1294XL_core.a(HardwareSerial.o)
 .rodata._ZL12g_ulUARTPins
                0x00001510       0x20 C:/Users/mahon/workspace_v8/tivac_EK-TM4C1294XL_core/Debug\libtivac_EK-TM4C1294XL_core.a(HardwareSerial.o)
 .rodata._ZL12g_ulUARTPort
                0x00001530       0x20 C:/Users/mahon/workspace_v8/tivac_EK-TM4C1294XL_core/Debug\libtivac_EK-TM4C1294XL_core.a(HardwareSerial.o)
 .rodata._ZL14g_ulUARTConfig
                0x00001550       0x40 C:/Users/mahon/workspace_v8/tivac_EK-TM4C1294XL_core/Debug\libtivac_EK-TM4C1294XL_core.a(HardwareSerial.o)
 .rodata._ZL14g_ulUARTPeriph
                0x00001590       0x20 C:/Users/mahon/workspace_v8/tivac_EK-TM4C1294XL_core/Debug\libtivac_EK-TM4C1294XL_core.a(HardwareSerial.o)
 .rodata._ZTV14HardwareSerial
                0x000015b0       0x24 C:/Users/mahon/workspace_v8/tivac_EK-TM4C1294XL_core/Debug\libtivac_EK-TM4C1294XL_core.a(HardwareSerial.o)
                0x000015b0                vtable for HardwareSerial
 .rodata.g_pppui32XTALtoVCO
                0x000015d4      0x1b0 C:/Users/mahon/AppData/Local/Energia15/packages/energia/hardware/tivac/1.0.3/system/driverlib\libdriverlib.a(sysctl.o)
 .rodata.g_pui32VCOFrequencies
                0x00001784        0x8 C:/Users/mahon/AppData/Local/Energia15/packages/energia/hardware/tivac/1.0.3/system/driverlib\libdriverlib.a(sysctl.o)
 .rodata.g_sXTALtoMEMTIM
                0x0000178c       0x30 C:/Users/mahon/AppData/Local/Energia15/packages/energia/hardware/tivac/1.0.3/system/driverlib\libdriverlib.a(sysctl.o)
 .rodata.g_pui32Xtals
                0x000017bc       0x6c C:/Users/mahon/AppData/Local/Energia15/packages/energia/hardware/tivac/1.0.3/system/driverlib\libdriverlib.a(sysctl.o)
 *(.ARM.extab* .gnu.linkonce.armextab.*)
                0x00001828                . = ALIGN (0x4)
 *(.init)
                0x00001828                . = ALIGN (0x4)
                0x00001828                __preinit_array_start = .
 *(SORT(.preinit_array*))
 *(.preinit_array)
                0x00001828                __preinit_array_end = .
                0x00001828                . = ALIGN (0x4)
                0x00001828                __init_array_start = .
 *(SORT(.init_array.*))
 *(.init_array)
 .init_array    0x00001828        0x4 C:/Users/mahon/workspace_v8/tivac_EK-TM4C1294XL_core/Debug\libtivac_EK-TM4C1294XL_core.a(HardwareSerial.o)
                0x0000182c                __init_array_end = .
                0x0000182c                . = ALIGN (0x4)
 *(.fini)
                0x0000182c                . = ALIGN (0x4)
                0x0000182c                __fini_array_start = .
 *(.fini_array)
 *(SORT(.fini_array.*))
                0x0000182c                __fini_array_end = .
                0x0000182c                . = ALIGN (0x4)
                0x0000182c                _etext = .

.vfp11_veneer   0x0000182c        0x0
 .vfp11_veneer  0x0000182c        0x0 linker stubs

.v4_bx          0x0000182c        0x0
 .v4_bx         0x0000182c        0x0 linker stubs

.iplt           0x0000182c        0x0
 .iplt          0x0000182c        0x0 ./Button.o

.rel.dyn        0x0000182c        0x0
 .rel.iplt      0x0000182c        0x0 ./Button.o

.data           0x20000000       0x64 load address 0x0000182c
                0x20000000                . = ALIGN (0x4)
                0x20000000                _data = .
 *(vtable)
 *(.data .data* .gnu.linkonce.d.*)
 .data._impure_ptr
                0x20000000        0x4 c:/users/mahon/appdata/local/energia15/packages/energia/tools/arm-none-eabi-gcc/6.3.1-20170620/bin/../lib/gcc/arm-none-eabi/6.3.1/../../../../arm-none-eabi/lib/thumb/v7e-m/fpv4-sp/hard\libc_nano.a(lib_a-impure.o)
                0x20000000                _impure_ptr
 .data.impure_data
                0x20000004       0x60 c:/users/mahon/appdata/local/energia15/packages/energia/tools/arm-none-eabi-gcc/6.3.1-20170620/bin/../lib/gcc/arm-none-eabi/6.3.1/../../../../arm-none-eabi/lib/thumb/v7e-m/fpv4-sp/hard\libc_nano.a(lib_a-impure.o)
                0x20000064                _edata = .

.igot.plt       0x20000064        0x0 load address 0x00001890
 .igot.plt      0x20000064        0x0 ./Button.o

.bss            0x20000064      0x43c load address 0x00001890
                0x20000064                . = ALIGN (0x4)
                0x20000064                _bss = .
 *(.bss .bss*)
 .bss.buttonState1
                0x20000064        0x4 ./Button.o
                0x20000064                buttonState1
 .bss.buttonState2
                0x20000068        0x4 ./Button.o
                0x20000068                buttonState2
 .bss.heap_end.7731
                0x2000006c        0x4 C:/Users/mahon/workspace_v8/tivac_EK-TM4C1294XL_core/Debug\libtivac_EK-TM4C1294XL_core.a(startup_gcc.o)
 .bss.cbFuncsA  0x20000070       0x20 C:/Users/mahon/workspace_v8/tivac_EK-TM4C1294XL_core/Debug\libtivac_EK-TM4C1294XL_core.a(WInterrupts.o)
 .bss.cbFuncsB  0x20000090       0x20 C:/Users/mahon/workspace_v8/tivac_EK-TM4C1294XL_core/Debug\libtivac_EK-TM4C1294XL_core.a(WInterrupts.o)
 .bss.cbFuncsC  0x200000b0       0x20 C:/Users/mahon/workspace_v8/tivac_EK-TM4C1294XL_core/Debug\libtivac_EK-TM4C1294XL_core.a(WInterrupts.o)
 .bss.cbFuncsD  0x200000d0       0x20 C:/Users/mahon/workspace_v8/tivac_EK-TM4C1294XL_core/Debug\libtivac_EK-TM4C1294XL_core.a(WInterrupts.o)
 .bss.cbFuncsE  0x200000f0       0x20 C:/Users/mahon/workspace_v8/tivac_EK-TM4C1294XL_core/Debug\libtivac_EK-TM4C1294XL_core.a(WInterrupts.o)
 .bss.cbFuncsF  0x20000110       0x20 C:/Users/mahon/workspace_v8/tivac_EK-TM4C1294XL_core/Debug\libtivac_EK-TM4C1294XL_core.a(WInterrupts.o)
 .bss.cbFuncsG  0x20000130       0x20 C:/Users/mahon/workspace_v8/tivac_EK-TM4C1294XL_core/Debug\libtivac_EK-TM4C1294XL_core.a(WInterrupts.o)
 .bss.cbFuncsH  0x20000150       0x20 C:/Users/mahon/workspace_v8/tivac_EK-TM4C1294XL_core/Debug\libtivac_EK-TM4C1294XL_core.a(WInterrupts.o)
 .bss.cbFuncsJ  0x20000170       0x20 C:/Users/mahon/workspace_v8/tivac_EK-TM4C1294XL_core/Debug\libtivac_EK-TM4C1294XL_core.a(WInterrupts.o)
 .bss.cbFuncsK  0x20000190       0x20 C:/Users/mahon/workspace_v8/tivac_EK-TM4C1294XL_core/Debug\libtivac_EK-TM4C1294XL_core.a(WInterrupts.o)
 .bss.cbFuncsL  0x200001b0       0x20 C:/Users/mahon/workspace_v8/tivac_EK-TM4C1294XL_core/Debug\libtivac_EK-TM4C1294XL_core.a(WInterrupts.o)
 .bss.cbFuncsM  0x200001d0       0x20 C:/Users/mahon/workspace_v8/tivac_EK-TM4C1294XL_core/Debug\libtivac_EK-TM4C1294XL_core.a(WInterrupts.o)
 .bss.cbFuncsN  0x200001f0       0x20 C:/Users/mahon/workspace_v8/tivac_EK-TM4C1294XL_core/Debug\libtivac_EK-TM4C1294XL_core.a(WInterrupts.o)
 .bss.cbFuncsP  0x20000210       0x20 C:/Users/mahon/workspace_v8/tivac_EK-TM4C1294XL_core/Debug\libtivac_EK-TM4C1294XL_core.a(WInterrupts.o)
 .bss.cbFuncsQ  0x20000230       0x20 C:/Users/mahon/workspace_v8/tivac_EK-TM4C1294XL_core/Debug\libtivac_EK-TM4C1294XL_core.a(WInterrupts.o)
 .bss.cbFuncsR  0x20000250       0x20 C:/Users/mahon/workspace_v8/tivac_EK-TM4C1294XL_core/Debug\libtivac_EK-TM4C1294XL_core.a(WInterrupts.o)
 .bss.cbFuncsS  0x20000270       0x20 C:/Users/mahon/workspace_v8/tivac_EK-TM4C1294XL_core/Debug\libtivac_EK-TM4C1294XL_core.a(WInterrupts.o)
 .bss.cbFuncsT  0x20000290       0x20 C:/Users/mahon/workspace_v8/tivac_EK-TM4C1294XL_core/Debug\libtivac_EK-TM4C1294XL_core.a(WInterrupts.o)
 .bss.SysTickCbFuncs
                0x200002b0       0x20 C:/Users/mahon/workspace_v8/tivac_EK-TM4C1294XL_core/Debug\libtivac_EK-TM4C1294XL_core.a(wiring.o)
 .bss.milliseconds
                0x200002d0        0x4 C:/Users/mahon/workspace_v8/tivac_EK-TM4C1294XL_core/Debug\libtivac_EK-TM4C1294XL_core.a(wiring.o)
 .bss.Serial    0x200002d4       0x38 C:/Users/mahon/workspace_v8/tivac_EK-TM4C1294XL_core/Debug\libtivac_EK-TM4C1294XL_core.a(HardwareSerial.o)
                0x200002d4                Serial
 .bss.Serial1   0x2000030c       0x38 C:/Users/mahon/workspace_v8/tivac_EK-TM4C1294XL_core/Debug\libtivac_EK-TM4C1294XL_core.a(HardwareSerial.o)
                0x2000030c                Serial1
 .bss.Serial2   0x20000344       0x38 C:/Users/mahon/workspace_v8/tivac_EK-TM4C1294XL_core/Debug\libtivac_EK-TM4C1294XL_core.a(HardwareSerial.o)
                0x20000344                Serial2
 .bss.Serial3   0x2000037c       0x38 C:/Users/mahon/workspace_v8/tivac_EK-TM4C1294XL_core/Debug\libtivac_EK-TM4C1294XL_core.a(HardwareSerial.o)
                0x2000037c                Serial3
 .bss.Serial4   0x200003b4       0x38 C:/Users/mahon/workspace_v8/tivac_EK-TM4C1294XL_core/Debug\libtivac_EK-TM4C1294XL_core.a(HardwareSerial.o)
                0x200003b4                Serial4
 .bss.Serial5   0x200003ec       0x38 C:/Users/mahon/workspace_v8/tivac_EK-TM4C1294XL_core/Debug\libtivac_EK-TM4C1294XL_core.a(HardwareSerial.o)
                0x200003ec                Serial5
 .bss.Serial6   0x20000424       0x38 C:/Users/mahon/workspace_v8/tivac_EK-TM4C1294XL_core/Debug\libtivac_EK-TM4C1294XL_core.a(HardwareSerial.o)
                0x20000424                Serial6
 .bss.Serial7   0x2000045c       0x38 C:/Users/mahon/workspace_v8/tivac_EK-TM4C1294XL_core/Debug\libtivac_EK-TM4C1294XL_core.a(HardwareSerial.o)
                0x2000045c                Serial7
 .bss.__malloc_free_list
                0x20000494        0x4 c:/users/mahon/appdata/local/energia15/packages/energia/tools/arm-none-eabi-gcc/6.3.1-20170620/bin/../lib/gcc/arm-none-eabi/6.3.1/../../../../arm-none-eabi/lib/thumb/v7e-m/fpv4-sp/hard\libc_nano.a(lib_a-nano-mallocr.o)
                0x20000494                __malloc_free_list
 .bss.__malloc_sbrk_start
                0x20000498        0x4 c:/users/mahon/appdata/local/energia15/packages/energia/tools/arm-none-eabi-gcc/6.3.1-20170620/bin/../lib/gcc/arm-none-eabi/6.3.1/../../../../arm-none-eabi/lib/thumb/v7e-m/fpv4-sp/hard\libc_nano.a(lib_a-nano-mallocr.o)
                0x20000498                __malloc_sbrk_start
 *(COMMON)
 COMMON         0x2000049c        0x4 c:/users/mahon/appdata/local/energia15/packages/energia/tools/arm-none-eabi-gcc/6.3.1-20170620/bin/../lib/gcc/arm-none-eabi/6.3.1/../../../../arm-none-eabi/lib/thumb/v7e-m/fpv4-sp/hard\libc_nano.a(lib_a-reent.o)
                0x2000049c                errno
                0x200004a0                . = ALIGN (0x4)
                0x200004a0                _ebss = .
                0x200004a0                . = ALIGN (0x8)
                [!provide]                PROVIDE (__exidx_start, .)

.ARM.exidx
 *(.ARM.exidx* .gnu.linkonce.armexidx.*)
                [!provide]                PROVIDE (__exidx_end, .)
                0x200004a0                . = ALIGN (0x4)
                0x200004a0                _end = .
                0x200004a0                PROVIDE (end, _end)
                0x20040000                PROVIDE (_estack, (ORIGIN (ram) + LENGTH (ram)))
LOAD C:/Users/mahon/workspace_v8/tivac_EK-TM4C1294XL_core/Debug\libtivac_EK-TM4C1294XL_core.a
LOAD C:/Users/mahon/AppData/Local/Energia15/packages/energia/hardware/tivac/1.0.3/system/driverlib\libdriverlib.a
LOAD c:/users/mahon/appdata/local/energia15/packages/energia/tools/arm-none-eabi-gcc/6.3.1-20170620/bin/../lib/gcc/arm-none-eabi/6.3.1/../../../../arm-none-eabi/lib/thumb/v7e-m/fpv4-sp/hard\libm.a
LOAD c:/users/mahon/appdata/local/energia15/packages/energia/tools/arm-none-eabi-gcc/6.3.1-20170620/bin/../lib/gcc/arm-none-eabi/6.3.1/../../../../arm-none-eabi/lib/thumb/v7e-m/fpv4-sp/hard\libc_nano.a
LOAD c:/users/mahon/appdata/local/energia15/packages/energia/tools/arm-none-eabi-gcc/6.3.1-20170620/bin/../lib/gcc/arm-none-eabi/6.3.1/thumb/v7e-m/fpv4-sp/hard\libgcc.a
END GROUP
OUTPUT(MORSE.out elf32-littlearm)

.debug_info     0x00000000     0xdff2
 .debug_info    0x00000000     0x15a4 ./Button.o
 .debug_info    0x000015a4     0x1401 C:/Users/mahon/workspace_v8/tivac_EK-TM4C1294XL_core/Debug\libtivac_EK-TM4C1294XL_core.a(startup_gcc.o)
 .debug_info    0x000029a5     0x119f C:/Users/mahon/workspace_v8/tivac_EK-TM4C1294XL_core/Debug\libtivac_EK-TM4C1294XL_core.a(WInterrupts.o)
 .debug_info    0x00003b44     0x1015 C:/Users/mahon/workspace_v8/tivac_EK-TM4C1294XL_core/Debug\libtivac_EK-TM4C1294XL_core.a(wiring.o)
 .debug_info    0x00004b59      0xf95 C:/Users/mahon/workspace_v8/tivac_EK-TM4C1294XL_core/Debug\libtivac_EK-TM4C1294XL_core.a(wiring_digital.o)
 .debug_info    0x00005aee     0x36d4 C:/Users/mahon/workspace_v8/tivac_EK-TM4C1294XL_core/Debug\libtivac_EK-TM4C1294XL_core.a(HardwareSerial.o)
 .debug_info    0x000091c2     0x152f C:/Users/mahon/workspace_v8/tivac_EK-TM4C1294XL_core/Debug\libtivac_EK-TM4C1294XL_core.a(main.o)
 .debug_info    0x0000a6f1     0x3901 C:/Users/mahon/workspace_v8/tivac_EK-TM4C1294XL_core/Debug\libtivac_EK-TM4C1294XL_core.a(Print.o)

.debug_abbrev   0x00000000     0x1e50
 .debug_abbrev  0x00000000      0x344 ./Button.o
 .debug_abbrev  0x00000344      0x2e0 C:/Users/mahon/workspace_v8/tivac_EK-TM4C1294XL_core/Debug\libtivac_EK-TM4C1294XL_core.a(startup_gcc.o)
 .debug_abbrev  0x00000624      0x293 C:/Users/mahon/workspace_v8/tivac_EK-TM4C1294XL_core/Debug\libtivac_EK-TM4C1294XL_core.a(WInterrupts.o)
 .debug_abbrev  0x000008b7      0x2d7 C:/Users/mahon/workspace_v8/tivac_EK-TM4C1294XL_core/Debug\libtivac_EK-TM4C1294XL_core.a(wiring.o)
 .debug_abbrev  0x00000b8e      0x25e C:/Users/mahon/workspace_v8/tivac_EK-TM4C1294XL_core/Debug\libtivac_EK-TM4C1294XL_core.a(wiring_digital.o)
 .debug_abbrev  0x00000dec      0x702 C:/Users/mahon/workspace_v8/tivac_EK-TM4C1294XL_core/Debug\libtivac_EK-TM4C1294XL_core.a(HardwareSerial.o)
 .debug_abbrev  0x000014ee      0x31c C:/Users/mahon/workspace_v8/tivac_EK-TM4C1294XL_core/Debug\libtivac_EK-TM4C1294XL_core.a(main.o)
 .debug_abbrev  0x0000180a      0x646 C:/Users/mahon/workspace_v8/tivac_EK-TM4C1294XL_core/Debug\libtivac_EK-TM4C1294XL_core.a(Print.o)

.debug_aranges  0x00000000      0x448
 .debug_aranges
                0x00000000       0x38 ./Button.o
 .debug_aranges
                0x00000038       0x90 C:/Users/mahon/workspace_v8/tivac_EK-TM4C1294XL_core/Debug\libtivac_EK-TM4C1294XL_core.a(startup_gcc.o)
 .debug_aranges
                0x000000c8       0xc0 C:/Users/mahon/workspace_v8/tivac_EK-TM4C1294XL_core/Debug\libtivac_EK-TM4C1294XL_core.a(WInterrupts.o)
 .debug_aranges
                0x00000188       0x70 C:/Users/mahon/workspace_v8/tivac_EK-TM4C1294XL_core/Debug\libtivac_EK-TM4C1294XL_core.a(wiring.o)
 .debug_aranges
                0x000001f8       0x30 C:/Users/mahon/workspace_v8/tivac_EK-TM4C1294XL_core/Debug\libtivac_EK-TM4C1294XL_core.a(wiring_digital.o)
 .debug_aranges
                0x00000228       0xf8 C:/Users/mahon/workspace_v8/tivac_EK-TM4C1294XL_core/Debug\libtivac_EK-TM4C1294XL_core.a(HardwareSerial.o)
 .debug_aranges
                0x00000320       0x28 C:/Users/mahon/workspace_v8/tivac_EK-TM4C1294XL_core/Debug\libtivac_EK-TM4C1294XL_core.a(main.o)
 .debug_aranges
                0x00000348      0x100 C:/Users/mahon/workspace_v8/tivac_EK-TM4C1294XL_core/Debug\libtivac_EK-TM4C1294XL_core.a(Print.o)

.debug_ranges   0x00000000      0x508
 .debug_ranges  0x00000000       0x28 ./Button.o
 .debug_ranges  0x00000028       0x80 C:/Users/mahon/workspace_v8/tivac_EK-TM4C1294XL_core/Debug\libtivac_EK-TM4C1294XL_core.a(startup_gcc.o)
 .debug_ranges  0x000000a8       0xb0 C:/Users/mahon/workspace_v8/tivac_EK-TM4C1294XL_core/Debug\libtivac_EK-TM4C1294XL_core.a(WInterrupts.o)
 .debug_ranges  0x00000158       0x90 C:/Users/mahon/workspace_v8/tivac_EK-TM4C1294XL_core/Debug\libtivac_EK-TM4C1294XL_core.a(wiring.o)
 .debug_ranges  0x000001e8       0x20 C:/Users/mahon/workspace_v8/tivac_EK-TM4C1294XL_core/Debug\libtivac_EK-TM4C1294XL_core.a(wiring_digital.o)
 .debug_ranges  0x00000208      0x148 C:/Users/mahon/workspace_v8/tivac_EK-TM4C1294XL_core/Debug\libtivac_EK-TM4C1294XL_core.a(HardwareSerial.o)
 .debug_ranges  0x00000350       0x18 C:/Users/mahon/workspace_v8/tivac_EK-TM4C1294XL_core/Debug\libtivac_EK-TM4C1294XL_core.a(main.o)
 .debug_ranges  0x00000368      0x1a0 C:/Users/mahon/workspace_v8/tivac_EK-TM4C1294XL_core/Debug\libtivac_EK-TM4C1294XL_core.a(Print.o)

.debug_line     0x00000000     0x2d9e
 .debug_line    0x00000000      0x57d ./Button.o
 .debug_line    0x0000057d      0x4ac C:/Users/mahon/workspace_v8/tivac_EK-TM4C1294XL_core/Debug\libtivac_EK-TM4C1294XL_core.a(startup_gcc.o)
 .debug_line    0x00000a29      0x55f C:/Users/mahon/workspace_v8/tivac_EK-TM4C1294XL_core/Debug\libtivac_EK-TM4C1294XL_core.a(WInterrupts.o)
 .debug_line    0x00000f88      0x4ba C:/Users/mahon/workspace_v8/tivac_EK-TM4C1294XL_core/Debug\libtivac_EK-TM4C1294XL_core.a(wiring.o)
 .debug_line    0x00001442      0x3b2 C:/Users/mahon/workspace_v8/tivac_EK-TM4C1294XL_core/Debug\libtivac_EK-TM4C1294XL_core.a(wiring_digital.o)
 .debug_line    0x000017f4      0x84c C:/Users/mahon/workspace_v8/tivac_EK-TM4C1294XL_core/Debug\libtivac_EK-TM4C1294XL_core.a(HardwareSerial.o)
 .debug_line    0x00002040      0x54a C:/Users/mahon/workspace_v8/tivac_EK-TM4C1294XL_core/Debug\libtivac_EK-TM4C1294XL_core.a(main.o)
 .debug_line    0x0000258a      0x814 C:/Users/mahon/workspace_v8/tivac_EK-TM4C1294XL_core/Debug\libtivac_EK-TM4C1294XL_core.a(Print.o)

.debug_str      0x00000000     0x2d20
 .debug_str     0x00000000      0xa5e ./Button.o
                                0xb5d (size before relaxing)
 .debug_str     0x00000a5e      0x477 C:/Users/mahon/workspace_v8/tivac_EK-TM4C1294XL_core/Debug\libtivac_EK-TM4C1294XL_core.a(startup_gcc.o)
                                0xc2b (size before relaxing)
 .debug_str     0x00000ed5      0x287 C:/Users/mahon/workspace_v8/tivac_EK-TM4C1294XL_core/Debug\libtivac_EK-TM4C1294XL_core.a(WInterrupts.o)
                                0xb40 (size before relaxing)
 .debug_str     0x0000115c      0x151 C:/Users/mahon/workspace_v8/tivac_EK-TM4C1294XL_core/Debug\libtivac_EK-TM4C1294XL_core.a(wiring.o)
                                0x9d7 (size before relaxing)
 .debug_str     0x000012ad       0x95 C:/Users/mahon/workspace_v8/tivac_EK-TM4C1294XL_core/Debug\libtivac_EK-TM4C1294XL_core.a(wiring_digital.o)
                                0x929 (size before relaxing)
 .debug_str     0x00001342     0x152b C:/Users/mahon/workspace_v8/tivac_EK-TM4C1294XL_core/Debug\libtivac_EK-TM4C1294XL_core.a(HardwareSerial.o)
                               0x2119 (size before relaxing)
 .debug_str     0x0000286d       0x6d C:/Users/mahon/workspace_v8/tivac_EK-TM4C1294XL_core/Debug\libtivac_EK-TM4C1294XL_core.a(main.o)
                                0xb7a (size before relaxing)
 .debug_str     0x000028da      0x446 C:/Users/mahon/workspace_v8/tivac_EK-TM4C1294XL_core/Debug\libtivac_EK-TM4C1294XL_core.a(Print.o)
                               0x1b20 (size before relaxing)

.comment        0x00000000       0xef
 .comment       0x00000000       0x7f ./Button.o
                                 0x80 (size before relaxing)
 .comment       0x0000007f       0x80 C:/Users/mahon/workspace_v8/tivac_EK-TM4C1294XL_core/Debug\libtivac_EK-TM4C1294XL_core.a(startup_gcc.o)
 .comment       0x0000007f       0x80 C:/Users/mahon/workspace_v8/tivac_EK-TM4C1294XL_core/Debug\libtivac_EK-TM4C1294XL_core.a(WInterrupts.o)
 .comment       0x0000007f       0x80 C:/Users/mahon/workspace_v8/tivac_EK-TM4C1294XL_core/Debug\libtivac_EK-TM4C1294XL_core.a(wiring.o)
 .comment       0x0000007f       0x80 C:/Users/mahon/workspace_v8/tivac_EK-TM4C1294XL_core/Debug\libtivac_EK-TM4C1294XL_core.a(wiring_digital.o)
 .comment       0x0000007f       0x80 C:/Users/mahon/workspace_v8/tivac_EK-TM4C1294XL_core/Debug\libtivac_EK-TM4C1294XL_core.a(HardwareSerial.o)
 .comment       0x0000007f       0x80 C:/Users/mahon/workspace_v8/tivac_EK-TM4C1294XL_core/Debug\libtivac_EK-TM4C1294XL_core.a(main.o)
 .comment       0x0000007f       0x80 C:/Users/mahon/workspace_v8/tivac_EK-TM4C1294XL_core/Debug\libtivac_EK-TM4C1294XL_core.a(Print.o)
 .comment       0x0000007f       0x70 C:/Users/mahon/AppData/Local/Energia15/packages/energia/hardware/tivac/1.0.3/system/driverlib\libdriverlib.a(eeprom.o)
                                 0x71 (size before relaxing)
 .comment       0x000000ef       0x71 C:/Users/mahon/AppData/Local/Energia15/packages/energia/hardware/tivac/1.0.3/system/driverlib\libdriverlib.a(gpio.o)
 .comment       0x000000ef       0x71 C:/Users/mahon/AppData/Local/Energia15/packages/energia/hardware/tivac/1.0.3/system/driverlib\libdriverlib.a(sysctl.o)

.ARM.attributes
                0x00000000       0x37
 .ARM.attributes
                0x00000000       0x39 ./Button.o
 .ARM.attributes
                0x00000039       0x39 C:/Users/mahon/workspace_v8/tivac_EK-TM4C1294XL_core/Debug\libtivac_EK-TM4C1294XL_core.a(startup_gcc.o)
 .ARM.attributes
                0x00000072       0x39 C:/Users/mahon/workspace_v8/tivac_EK-TM4C1294XL_core/Debug\libtivac_EK-TM4C1294XL_core.a(WInterrupts.o)
 .ARM.attributes
                0x000000ab       0x39 C:/Users/mahon/workspace_v8/tivac_EK-TM4C1294XL_core/Debug\libtivac_EK-TM4C1294XL_core.a(wiring.o)
 .ARM.attributes
                0x000000e4       0x39 C:/Users/mahon/workspace_v8/tivac_EK-TM4C1294XL_core/Debug\libtivac_EK-TM4C1294XL_core.a(wiring_digital.o)
 .ARM.attributes
                0x0000011d       0x39 C:/Users/mahon/workspace_v8/tivac_EK-TM4C1294XL_core/Debug\libtivac_EK-TM4C1294XL_core.a(HardwareSerial.o)
 .ARM.attributes
                0x00000156       0x39 C:/Users/mahon/workspace_v8/tivac_EK-TM4C1294XL_core/Debug\libtivac_EK-TM4C1294XL_core.a(main.o)
 .ARM.attributes
                0x0000018f       0x39 C:/Users/mahon/workspace_v8/tivac_EK-TM4C1294XL_core/Debug\libtivac_EK-TM4C1294XL_core.a(Print.o)
 .ARM.attributes
                0x000001c8       0x3b C:/Users/mahon/AppData/Local/Energia15/packages/energia/hardware/tivac/1.0.3/system/driverlib\libdriverlib.a(eeprom.o)
 .ARM.attributes
                0x00000203       0x3b C:/Users/mahon/AppData/Local/Energia15/packages/energia/hardware/tivac/1.0.3/system/driverlib\libdriverlib.a(gpio.o)
 .ARM.attributes
                0x0000023e       0x3b C:/Users/mahon/AppData/Local/Energia15/packages/energia/hardware/tivac/1.0.3/system/driverlib\libdriverlib.a(sysctl.o)
 .ARM.attributes
                0x00000279       0x34 c:/users/mahon/appdata/local/energia15/packages/energia/tools/arm-none-eabi-gcc/6.3.1-20170620/bin/../lib/gcc/arm-none-eabi/6.3.1/../../../../arm-none-eabi/lib/thumb/v7e-m/fpv4-sp/hard\libc_nano.a(lib_a-malloc.o)
 .ARM.attributes
                0x000002ad       0x34 c:/users/mahon/appdata/local/energia15/packages/energia/tools/arm-none-eabi-gcc/6.3.1-20170620/bin/../lib/gcc/arm-none-eabi/6.3.1/../../../../arm-none-eabi/lib/thumb/v7e-m/fpv4-sp/hard\libc_nano.a(lib_a-nano-freer.o)
 .ARM.attributes
                0x000002e1       0x34 c:/users/mahon/appdata/local/energia15/packages/energia/tools/arm-none-eabi-gcc/6.3.1-20170620/bin/../lib/gcc/arm-none-eabi/6.3.1/../../../../arm-none-eabi/lib/thumb/v7e-m/fpv4-sp/hard\libc_nano.a(lib_a-nano-mallocr.o)
 .ARM.attributes
                0x00000315       0x34 c:/users/mahon/appdata/local/energia15/packages/energia/tools/arm-none-eabi-gcc/6.3.1-20170620/bin/../lib/gcc/arm-none-eabi/6.3.1/../../../../arm-none-eabi/lib/thumb/v7e-m/fpv4-sp/hard\libc_nano.a(lib_a-sbrkr.o)
 .ARM.attributes
                0x00000349       0x34 c:/users/mahon/appdata/local/energia15/packages/energia/tools/arm-none-eabi-gcc/6.3.1-20170620/bin/../lib/gcc/arm-none-eabi/6.3.1/../../../../arm-none-eabi/lib/thumb/v7e-m/fpv4-sp/hard\libc_nano.a(lib_a-impure.o)
 .ARM.attributes
                0x0000037d       0x34 c:/users/mahon/appdata/local/energia15/packages/energia/tools/arm-none-eabi-gcc/6.3.1-20170620/bin/../lib/gcc/arm-none-eabi/6.3.1/../../../../arm-none-eabi/lib/thumb/v7e-m/fpv4-sp/hard\libc_nano.a(lib_a-mlock.o)
 .ARM.attributes
                0x000003b1       0x34 c:/users/mahon/appdata/local/energia15/packages/energia/tools/arm-none-eabi-gcc/6.3.1-20170620/bin/../lib/gcc/arm-none-eabi/6.3.1/../../../../arm-none-eabi/lib/thumb/v7e-m/fpv4-sp/hard\libc_nano.a(lib_a-reent.o)

.debug_frame    0x00000000      0xd24
 .debug_frame   0x00000000       0x84 ./Button.o
 .debug_frame   0x00000084      0x1b0 C:/Users/mahon/workspace_v8/tivac_EK-TM4C1294XL_core/Debug\libtivac_EK-TM4C1294XL_core.a(startup_gcc.o)
 .debug_frame   0x00000234      0x194 C:/Users/mahon/workspace_v8/tivac_EK-TM4C1294XL_core/Debug\libtivac_EK-TM4C1294XL_core.a(WInterrupts.o)
 .debug_frame   0x000003c8      0x13c C:/Users/mahon/workspace_v8/tivac_EK-TM4C1294XL_core/Debug\libtivac_EK-TM4C1294XL_core.a(wiring.o)
 .debug_frame   0x00000504       0x74 C:/Users/mahon/workspace_v8/tivac_EK-TM4C1294XL_core/Debug\libtivac_EK-TM4C1294XL_core.a(wiring_digital.o)
 .debug_frame   0x00000578      0x308 C:/Users/mahon/workspace_v8/tivac_EK-TM4C1294XL_core/Debug\libtivac_EK-TM4C1294XL_core.a(HardwareSerial.o)
 .debug_frame   0x00000880       0x48 C:/Users/mahon/workspace_v8/tivac_EK-TM4C1294XL_core/Debug\libtivac_EK-TM4C1294XL_core.a(main.o)
 .debug_frame   0x000008c8      0x310 C:/Users/mahon/workspace_v8/tivac_EK-TM4C1294XL_core/Debug\libtivac_EK-TM4C1294XL_core.a(Print.o)
 .debug_frame   0x00000bd8       0x30 c:/users/mahon/appdata/local/energia15/packages/energia/tools/arm-none-eabi-gcc/6.3.1-20170620/bin/../lib/gcc/arm-none-eabi/6.3.1/../../../../arm-none-eabi/lib/thumb/v7e-m/fpv4-sp/hard\libc_nano.a(lib_a-malloc.o)
 .debug_frame   0x00000c08       0x38 c:/users/mahon/appdata/local/energia15/packages/energia/tools/arm-none-eabi-gcc/6.3.1-20170620/bin/../lib/gcc/arm-none-eabi/6.3.1/../../../../arm-none-eabi/lib/thumb/v7e-m/fpv4-sp/hard\libc_nano.a(lib_a-nano-freer.o)
 .debug_frame   0x00000c40       0x2c c:/users/mahon/appdata/local/energia15/packages/energia/tools/arm-none-eabi-gcc/6.3.1-20170620/bin/../lib/gcc/arm-none-eabi/6.3.1/../../../../arm-none-eabi/lib/thumb/v7e-m/fpv4-sp/hard\libc_nano.a(lib_a-nano-mallocr.o)
 .debug_frame   0x00000c6c       0x2c c:/users/mahon/appdata/local/energia15/packages/energia/tools/arm-none-eabi-gcc/6.3.1-20170620/bin/../lib/gcc/arm-none-eabi/6.3.1/../../../../arm-none-eabi/lib/thumb/v7e-m/fpv4-sp/hard\libc_nano.a(lib_a-sbrkr.o)
 .debug_frame   0x00000c98       0x30 c:/users/mahon/appdata/local/energia15/packages/energia/tools/arm-none-eabi-gcc/6.3.1-20170620/bin/../lib/gcc/arm-none-eabi/6.3.1/../../../../arm-none-eabi/lib/thumb/v7e-m/fpv4-sp/hard\libc_nano.a(lib_a-mlock.o)
 .debug_frame   0x00000cc8       0x5c c:/users/mahon/appdata/local/energia15/packages/energia/tools/arm-none-eabi-gcc/6.3.1-20170620/bin/../lib/gcc/arm-none-eabi/6.3.1/../../../../arm-none-eabi/lib/thumb/v7e-m/fpv4-sp/hard\libc_nano.a(lib_a-reent.o)

.debug_loc      0x00000000     0x1800
 .debug_loc     0x00000000      0x135 C:/Users/mahon/workspace_v8/tivac_EK-TM4C1294XL_core/Debug\libtivac_EK-TM4C1294XL_core.a(startup_gcc.o)
 .debug_loc     0x00000135      0x275 C:/Users/mahon/workspace_v8/tivac_EK-TM4C1294XL_core/Debug\libtivac_EK-TM4C1294XL_core.a(WInterrupts.o)
 .debug_loc     0x000003aa       0xcc C:/Users/mahon/workspace_v8/tivac_EK-TM4C1294XL_core/Debug\libtivac_EK-TM4C1294XL_core.a(wiring.o)
 .debug_loc     0x00000476      0x379 C:/Users/mahon/workspace_v8/tivac_EK-TM4C1294XL_core/Debug\libtivac_EK-TM4C1294XL_core.a(wiring_digital.o)
 .debug_loc     0x000007ef      0x329 C:/Users/mahon/workspace_v8/tivac_EK-TM4C1294XL_core/Debug\libtivac_EK-TM4C1294XL_core.a(HardwareSerial.o)
 .debug_loc     0x00000b18      0xce8 C:/Users/mahon/workspace_v8/tivac_EK-TM4C1294XL_core/Debug\libtivac_EK-TM4C1294XL_core.a(Print.o)
