******************************************************************************
                  TI ARM Linker PC v18.1.4                     
******************************************************************************
>> Linked Sat Jul 29 19:40:40 2023

OUTPUT FILE NAME:   <systicTimer_2Hz_0.5seconds.out>
ENTRY POINT SYMBOL: "_c_int00_noargs"  address: 000004b9


MEMORY CONFIGURATION

         name            origin    length      used     unused   attr    fill
----------------------  --------  ---------  --------  --------  ----  --------
  FLASH                 00000000   00100000  00000538  000ffac8  R  X
  SRAM                  20000000   00040000  00000201  0003fdff  RW X


SEGMENT ALLOCATION MAP

run origin  load origin   length   init length attrs members
----------  ----------- ---------- ----------- ----- -------
00000000    00000000    00000538   00000538    r-x
  00000000    00000000    00000208   00000208    r-- .intvecs
  00000208    00000208    00000318   00000318    r-x .text
  00000520    00000520    00000018   00000018    r-- .cinit
20000000    20000000    00000201   00000000    rw-
  20000000    20000000    00000200   00000000    rw- .stack
  20000200    20000200    00000001   00000000    rw- .data


SECTION ALLOCATION MAP

 output                                  attributes/
section   page    origin      length       input sections
--------  ----  ----------  ----------   ----------------
.intvecs   0    00000000    00000208     
                  00000000    00000208     tm4c129encpdt_startup_ccs.obj (.intvecs)

.text      0    00000208    00000318     
                  00000208    00000168     main.obj (.text)
                  00000370    0000009c     rtsv7M4_T_le_v4SPD16_eabi.lib : memcpy_t2.asm.obj (.text)
                  0000040c    00000068                                   : copy_decompress_lzss.c.obj (.text:decompress:lzss:__TI_decompress_lzss)
                  00000474    00000044                                   : autoinit.c.obj (.text:__TI_auto_init_nobinit_nopinit:__TI_auto_init_nobinit_nopinit)
                  000004b8    00000038                                   : boot_cortex_m.c.obj (.text:_c_int00_noargs:_c_int00_noargs)
                  000004f0    0000001a     tm4c129encpdt_startup_ccs.obj (.text)
                  0000050a    0000000e     rtsv7M4_T_le_v4SPD16_eabi.lib : copy_decompress_none.c.obj (.text:decompress:none:__TI_decompress_none)
                  00000518    00000004                                   : pre_init.c.obj (.text:_system_pre_init)
                  0000051c    00000004                                   : exit.c.obj (.text:abort:abort)

.cinit     0    00000520    00000018     
                  00000520    00000008     (__TI_handler_table)
                  00000528    00000005     (.cinit..data.load) [load image, compression = lzss]
                  0000052d    00000003     --HOLE-- [fill = 0]
                  00000530    00000008     (__TI_cinit_table)

.init_array 
*          0    00000000    00000000     UNINITIALIZED

.data      0    20000200    00000001     UNINITIALIZED
                  20000200    00000001     main.obj (.data)

.stack     0    20000000    00000200     UNINITIALIZED
                  20000000    00000004     rtsv7M4_T_le_v4SPD16_eabi.lib : boot_cortex_m.c.obj (.stack)
                  20000004    000001fc     --HOLE--

MODULE SUMMARY

       Module                          code   ro data   rw data
       ------                          ----   -------   -------
    .\
       tm4c129encpdt_startup_ccs.obj   26     520       0      
       main.obj                        360    0         1      
    +--+-------------------------------+------+---------+---------+
       Total:                          386    520       1      
                                                               
    C:\ti\ccsv8\tools\compiler\ti-cgt-arm_18.1.4.LTS\lib\rtsv7M4_T_le_v4SPD16_eabi.lib
       memcpy_t2.asm.obj               156    0         0      
       copy_decompress_lzss.c.obj      104    0         0      
       autoinit.c.obj                  68     0         0      
       boot_cortex_m.c.obj             56     0         0      
       copy_decompress_none.c.obj      14     0         0      
       exit.c.obj                      4      0         0      
       pre_init.c.obj                  4      0         0      
    +--+-------------------------------+------+---------+---------+
       Total:                          406    0         0      
                                                               
       Stack:                          0      0         512    
       Linker Generated:               0      21        0      
    +--+-------------------------------+------+---------+---------+
       Grand Total:                    792    541       513    


LINKER GENERATED COPY TABLES

__TI_cinit_table @ 00000530 records: 1, size/record: 8, table size: 8
	.data: load addr=00000528, load size=00000005 bytes, run addr=20000200, run size=00000001 bytes, compression=lzss


LINKER GENERATED HANDLER TABLE

__TI_handler_table @ 00000520 records: 2, size/record: 4, table size: 8
	index: 0, handler: __TI_decompress_lzss
	index: 1, handler: __TI_decompress_none


GLOBAL SYMBOLS: SORTED ALPHABETICALLY BY Name 

address   name                          
-------   ----                          
0000051d  C$$EXIT                       
000004f1  ResetISR                      
20000200  __STACK_END                   
00000200  __STACK_SIZE                  
20000200  __STACK_TOP                   
00000530  __TI_CINIT_Base               
00000538  __TI_CINIT_Limit              
00000520  __TI_Handler_Table_Base       
00000528  __TI_Handler_Table_Limit      
00000475  __TI_auto_init_nobinit_nopinit
0000040d  __TI_decompress_lzss          
0000050b  __TI_decompress_none          
ffffffff  __TI_pprof_out_hndl           
ffffffff  __TI_prof_data_size           
ffffffff  __TI_prof_data_start          
00000000  __TI_static_base__            
00000371  __aeabi_memcpy                
00000371  __aeabi_memcpy4               
00000371  __aeabi_memcpy8               
ffffffff  __binit__                     
ffffffff  __c_args__                    
UNDEFED   __mpu_init                    
20000000  __stack                       
000004b9  _c_int00_noargs               
UNDEFED   _system_post_cinit            
00000519  _system_pre_init              
0000051d  abort                         
ffffffff  binit                         
20000200  changer                       
00000000  g_pfnVectors                  
00000209  main                          
00000371  memcpy                        


GLOBAL SYMBOLS: SORTED BY Symbol Address 

address   name                          
-------   ----                          
00000000  __TI_static_base__            
00000000  g_pfnVectors                  
00000200  __STACK_SIZE                  
00000209  main                          
00000371  __aeabi_memcpy                
00000371  __aeabi_memcpy4               
00000371  __aeabi_memcpy8               
00000371  memcpy                        
0000040d  __TI_decompress_lzss          
00000475  __TI_auto_init_nobinit_nopinit
000004b9  _c_int00_noargs               
000004f1  ResetISR                      
0000050b  __TI_decompress_none          
00000519  _system_pre_init              
0000051d  C$$EXIT                       
0000051d  abort                         
00000520  __TI_Handler_Table_Base       
00000528  __TI_Handler_Table_Limit      
00000530  __TI_CINIT_Base               
00000538  __TI_CINIT_Limit              
20000000  __stack                       
20000200  __STACK_END                   
20000200  __STACK_TOP                   
20000200  changer                       
ffffffff  __TI_pprof_out_hndl           
ffffffff  __TI_prof_data_size           
ffffffff  __TI_prof_data_start          
ffffffff  __binit__                     
ffffffff  __c_args__                    
ffffffff  binit                         
UNDEFED   __mpu_init                    
UNDEFED   _system_post_cinit            

[32 symbols]
