******************************************************************************
                  TI ARM Linker PC v18.1.4                     
******************************************************************************
>> Linked Sat Jul 29 15:40:51 2023

OUTPUT FILE NAME:   <BlinkProjectUsingPeripheralDrivers.out>
ENTRY POINT SYMBOL: "_c_int00_noinit_noargs"  address: 00000651


MEMORY CONFIGURATION

         name            origin    length      used     unused   attr    fill
----------------------  --------  ---------  --------  --------  ----  --------
  FLASH                 00000000   00100000  00000960  000ff6a0  R  X
  SRAM                  20000000   00040000  00000080  0003ff80  RW X


SEGMENT ALLOCATION MAP

run origin  load origin   length   init length attrs members
----------  ----------- ---------- ----------- ----- -------
00000000    00000000    00000960   00000960    r-x
  00000000    00000000    00000208   00000208    r-- .intvecs
  00000208    00000208    00000504   00000504    r-x .text
  0000070c    0000070c    00000254   00000254    r-- .const
20000000    20000000    00000080   00000000    rw-
  20000000    20000000    00000080   00000000    rw- .stack


SECTION ALLOCATION MAP

 output                                  attributes/
section   page    origin      length       input sections
--------  ----  ----------  ----------   ----------------
.intvecs   0    00000000    00000208     
                  00000000    00000208     tm4c129encpdt_startup_ccs.obj (.intvecs)

.text      0    00000208    00000504     
                  00000208    00000200     driverlib.lib : sysctl.obj (.text:SysCtlClockFreqSet)
                  00000408    00000132                   : gpio.obj (.text:GPIOPadConfigSet)
                  0000053a    00000006                   : gpio.obj (.text:GPIOPinWrite)
                  00000540    00000094     main.obj (.text)
                  000005d4    00000048     driverlib.lib : sysctl.obj (.text:_SysCtlFrequencyGet)
                  0000061c    00000034                   : sysctl.obj (.text:SysCtlPeripheralEnable)
                  00000650    00000030     rtsv7M4_T_le_v4SPD16_eabi.lib : boot_cortex_m.c.obj (.text:_c_int00_noinit_noargs:_c_int00_noinit_noargs)
                  00000680    0000002a     driverlib.lib : gpio.obj (.text:GPIODirModeSet)
                  000006aa    00000002     --HOLE-- [fill = 0]
                  000006ac    00000020                   : sysctl.obj (.text:_SysCtlMemTimingGet)
                  000006cc    00000004     rtsv7M4_T_le_v4SPD16_eabi.lib : pre_init.c.obj (.text:_system_pre_init)
                  000006d0    0000001a     tm4c129encpdt_startup_ccs.obj (.text)
                  000006ea    00000018     driverlib.lib : gpio.obj (.text:GPIOPinTypeGPIOOutput)
                  00000702    00000006                   : sysctl.obj (.text:SysCtlDelay)
                  00000708    00000004     rtsv7M4_T_le_v4SPD16_eabi.lib : exit.c.obj (.text:abort:abort)

.const     0    0000070c    00000254     
                  0000070c    000001b0     driverlib.lib : sysctl.obj (.const:g_pppui32XTALtoVCO)
                  000008bc    0000006c                   : sysctl.obj (.const:g_pui32Xtals)
                  00000928    00000030                   : sysctl.obj (.const:g_sXTALtoMEMTIM)
                  00000958    00000008                   : sysctl.obj (.const)

.cinit     0    00000000    00000000     UNINITIALIZED

.init_array 
*          0    00000000    00000000     UNINITIALIZED

.stack     0    20000000    00000080     UNINITIALIZED
                  20000000    00000004     rtsv7M4_T_le_v4SPD16_eabi.lib : boot_cortex_m.c.obj (.stack)
                  20000004    0000007c     --HOLE--

MODULE SUMMARY

       Module                          code   ro data   rw data
       ------                          ----   -------   -------
    .\
       tm4c129encpdt_startup_ccs.obj   26     520       0      
       main.obj                        148    0         0      
    +--+-------------------------------+------+---------+---------+
       Total:                          174    520       0      
                                                               
    C:/ti/tivaware_c_series_2_1_4_178/driverlib/ccs/Debug/driverlib.lib
       sysctl.obj                      674    596       0      
       gpio.obj                        378    0         0      
    +--+-------------------------------+------+---------+---------+
       Total:                          1052   596       0      
                                                               
    C:\ti\ccsv8\tools\compiler\ti-cgt-arm_18.1.4.LTS\lib\rtsv7M4_T_le_v4SPD16_eabi.lib
       boot_cortex_m.c.obj             48     0         0      
       exit.c.obj                      4      0         0      
       pre_init.c.obj                  4      0         0      
    +--+-------------------------------+------+---------+---------+
       Total:                          56     0         0      
                                                               
       Stack:                          0      0         128    
    +--+-------------------------------+------+---------+---------+
       Grand Total:                    1282   1116      128    


GLOBAL SYMBOLS: SORTED ALPHABETICALLY BY Name 

address   name                  
-------   ----                  
00000709  C$$EXIT               
00000681  GPIODirModeSet        
00000409  GPIOPadConfigSet      
000006eb  GPIOPinTypeGPIOOutput 
0000053b  GPIOPinWrite          
000006d1  ResetISR              
00000209  SysCtlClockFreqSet    
00000703  SysCtlDelay           
0000061d  SysCtlPeripheralEnable
20000080  __STACK_END           
00000080  __STACK_SIZE          
20000200  __STACK_TOP           
ffffffff  __TI_pprof_out_hndl   
ffffffff  __TI_prof_data_size   
ffffffff  __TI_prof_data_start  
00000000  __TI_static_base__    
ffffffff  __binit__             
ffffffff  __c_args__            
UNDEFED   __mpu_init            
20000000  __stack               
00000651  _c_int00_noinit_noargs
000006cd  _system_pre_init      
00000709  abort                 
ffffffff  binit                 
00000000  g_pfnVectors          
00000541  main                  


GLOBAL SYMBOLS: SORTED BY Symbol Address 

address   name                  
-------   ----                  
00000000  __TI_static_base__    
00000000  g_pfnVectors          
00000080  __STACK_SIZE          
00000209  SysCtlClockFreqSet    
00000409  GPIOPadConfigSet      
0000053b  GPIOPinWrite          
00000541  main                  
0000061d  SysCtlPeripheralEnable
00000651  _c_int00_noinit_noargs
00000681  GPIODirModeSet        
000006cd  _system_pre_init      
000006d1  ResetISR              
000006eb  GPIOPinTypeGPIOOutput 
00000703  SysCtlDelay           
00000709  C$$EXIT               
00000709  abort                 
20000000  __stack               
20000080  __STACK_END           
20000200  __STACK_TOP           
ffffffff  __TI_pprof_out_hndl   
ffffffff  __TI_prof_data_size   
ffffffff  __TI_prof_data_start  
ffffffff  __binit__             
ffffffff  __c_args__            
ffffffff  binit                 
UNDEFED   __mpu_init            

[26 symbols]
