******************************************************************************
                  TI ARM Linker PC v20.2.5                     
******************************************************************************
>> Linked Fri Oct 22 11:24:10 2021

OUTPUT FILE NAME:   <LAB5.out>
ENTRY POINT SYMBOL: "_c_int00_noargs"  address: 000030bd


MEMORY CONFIGURATION

         name            origin    length      used     unused   attr    fill
----------------------  --------  ---------  --------  --------  ----  --------
  FLASH                 00000000   00100000  0000376e  000fc892  R  X
  SRAM                  20000000   00040000  0000c96f  00033691  RW X


SEGMENT ALLOCATION MAP

run origin  load origin   length   init length attrs members
----------  ----------- ---------- ----------- ----- -------
00000000    00000000    00003770   00003770    r-x
  00000000    00000000    00000208   00000208    r-- .intvecs
  00000208    00000208    0000302e   0000302e    r-x .text
  00003238    00003238    000004f0   000004f0    r-- .const
  00003728    00003728    00000048   00000048    r-- .cinit
20000000    20000000    0000c96f   00000000    rw-
  20000000    20000000    0000026c   00000000    rw- .vtable
  2000026c    2000026c    0000c4a4   00000000    rw- .bss
  2000c710    2000c710    00000200   00000000    rw- .stack
  2000c910    2000c910    0000005f   00000000    rw- .data


SECTION ALLOCATION MAP

 output                                  attributes/
section   page    origin      length       input sections
--------  ----  ----------  ----------   ----------------
.intvecs   0    00000000    00000208     
                  00000000    00000208     tm4c129encpdt_startup_ccs.obj (.intvecs)

.text      0    00000208    0000302e     
                  00000208    00001180     tasks.obj (.text)
                  00001388    000006c4     queue.obj (.text)
                  00001a4c    00000488     FreeRtos_Example.obj (.text)
                  00001ed4    0000038c     timers.obj (.text)
                  00002260    000002c8     pinout.obj (.text)
                  00002528    00000200     driverlib.lib : sysctl.obj (.text:SysCtlClockFreqSet)
                  00002728    00000132                   : gpio.obj (.text:GPIOPadConfigSet)
                  0000285a    00000002     --HOLE-- [fill = 0]
                  0000285c    00000118     heap_2.obj (.text)
                  00002974    000000dc     port.obj (.text)
                  00002a50    000000d2     portasm.obj (.text)
                  00002b22    00000002     --HOLE-- [fill = 0]
                  00002b24    000000cc     buttons.obj (.text)
                  00002bf0    0000009c     rtsv7M4_T_le_v4SPD16_eabi.lib : memcpy_t2.asm.obj (.text)
                  00002c8c    0000008c     list.obj (.text)
                  00002d18    0000007a     rtsv7M4_T_le_v4SPD16_eabi.lib : memset_t2.asm.obj (.text)
                  00002d92    00000002     --HOLE-- [fill = 0]
                  00002d94    00000068     driverlib.lib : interrupt.obj (.text:IntEnable)
                  00002dfc    00000068     rtsv7M4_T_le_v4SPD16_eabi.lib : copy_decompress_lzss.c.obj (.text:decompress:lzss:__TI_decompress_lzss)
                  00002e64    00000056     driverlib.lib : gpio.obj (.text:GPIOIntTypeSet)
                  00002eba    00000002     --HOLE-- [fill = 0]
                  00002ebc    00000048                   : gpio.obj (.text:GPIOPinConfigure)
                  00002f04    00000048                   : sysctl.obj (.text:_SysCtlFrequencyGet)
                  00002f4c    00000046                   : uart.obj (.text:UARTConfigSetExpClk)
                  00002f92    00000002     --HOLE-- [fill = 0]
                  00002f94    00000044                   : gpio.obj (.text:_GPIOIntNumberGet)
                  00002fd8    00000044     rtsv7M4_T_le_v4SPD16_eabi.lib : autoinit.c.obj (.text:__TI_auto_init_nobinit_nopinit:__TI_auto_init_nobinit_nopinit)
                  0000301c    00000038     driverlib.lib : sysctl.obj (.text:SysCtlPeripheralReady)
                  00003054    00000034                   : interrupt.obj (.text:IntRegister)
                  00003088    00000034                   : sysctl.obj (.text:SysCtlPeripheralEnable)
                  000030bc    00000034     rtsv7M4_T_le_v4SPD16_eabi.lib : boot_cortex_m.c.obj (.text:_c_int00_noargs:_c_int00_noargs)
                  000030f0    0000002a     driverlib.lib : gpio.obj (.text:GPIODirModeSet)
                  0000311a    00000002     --HOLE-- [fill = 0]
                  0000311c    00000020                   : uart.obj (.text:UARTDisable)
                  0000313c    00000020                   : sysctl.obj (.text:_SysCtlMemTimingGet)
                  0000315c    00000018                   : gpio.obj (.text:GPIOIntRegister)
                  00003174    00000018                   : gpio.obj (.text:GPIOPinTypeGPIOOutput)
                  0000318c    00000014                   : uart.obj (.text:UARTEnable)
                  000031a0    00000012                   : gpio.obj (.text:GPIOPinTypeEthernetLED)
                  000031b2    00000012                   : gpio.obj (.text:GPIOPinTypeUART)
                  000031c4    0000000e                   : gpio.obj (.text:GPIOIntDisable)
                  000031d2    0000000e                   : gpio.obj (.text:GPIOIntStatus)
                  000031e0    0000000e     rtsv7M4_T_le_v4SPD16_eabi.lib : copy_decompress_none.c.obj (.text:decompress:none:__TI_decompress_none)
                  000031ee    0000000c     driverlib.lib : gpio.obj (.text:GPIOIntEnable)
                  000031fa    0000000c     rtsv7M4_T_le_v4SPD16_eabi.lib : copy_zero_init.c.obj (.text:decompress:ZI:__TI_zero_init)
                  00003206    0000000c     tm4c129encpdt_startup_ccs.obj (.text)
                  00003212    0000000a     driverlib.lib : uart.obj (.text:UARTCharPut)
                  0000321c    00000006                   : gpio.obj (.text:GPIOIntClear)
                  00003222    00000006                   : gpio.obj (.text:GPIOPinRead)
                  00003228    00000006                   : gpio.obj (.text:GPIOPinWrite)
                  0000322e    00000004     rtsv7M4_T_le_v4SPD16_eabi.lib : pre_init.c.obj (.text:_system_pre_init)
                  00003232    00000004                                   : exit.c.obj (.text:abort:abort)

.const     0    00003238    000004f0     
                  00003238    000001b0     driverlib.lib : sysctl.obj (.const:g_pppui32XTALtoVCO)
                  000033e8    000000d8                   : gpio.obj (.const:g_ppui32GPIOIntMapSnowflake)
                  000034c0    000000c0                   : gpio.obj (.const:g_ppui32GPIOIntMapBlizzard)
                  00003580    00000090                   : gpio.obj (.const:g_pui32GPIOBaseAddrs)
                  00003610    00000070                   : interrupt.obj (.const)
                  00003680    0000006c                   : sysctl.obj (.const:g_pui32Xtals)
                  000036ec    00000030                   : sysctl.obj (.const:g_sXTALtoMEMTIM)
                  0000371c    00000008                   : sysctl.obj (.const)
                  00003724    00000004     port.obj (.const)

.cinit     0    00003728    00000048     
                  00003728    00000013     (.cinit..data.load) [load image, compression = lzss]
                  0000373b    00000001     --HOLE-- [fill = 0]
                  0000373c    0000000c     (__TI_handler_table)
                  00003748    00000008     (.cinit..bss.load) [load image, compression = zero_init]
                  00003750    00000008     (.cinit..vtable.load) [load image, compression = zero_init]
                  00003758    00000018     (__TI_cinit_table)

.init_array 
*          0    00000000    00000000     UNINITIALIZED

.vtable    0    20000000    0000026c     UNINITIALIZED
                  20000000    0000026c     driverlib.lib : interrupt.obj (.vtable)

.bss       0    2000026c    0000c4a4     UNINITIALIZED
                  2000026c    0000c350     heap_2.obj (.bss:ucHeap)
                  2000c5bc    00000064     tasks.obj (.bss:pxReadyTasksLists)
                  2000c620    00000040     (.common:xQueueRegistry)
                  2000c660    00000014     timers.obj (.bss:xActiveTimerList1)
                  2000c674    00000014     timers.obj (.bss:xActiveTimerList2)
                  2000c688    00000014     tasks.obj (.bss:xDelayedTaskList1)
                  2000c69c    00000014     tasks.obj (.bss:xDelayedTaskList2)
                  2000c6b0    00000014     tasks.obj (.bss:xPendingReadyList)
                  2000c6c4    00000014     tasks.obj (.bss:xSuspendedTaskList)
                  2000c6d8    00000014     tasks.obj (.bss:xTasksWaitingTermination)
                  2000c6ec    00000008     tasks.obj (.bss)
                  2000c6f4    00000008     timers.obj (.bss)
                  2000c6fc    00000008     heap_2.obj (.bss:xEnd)
                  2000c704    00000008     heap_2.obj (.bss:xStart)
                  2000c70c    00000004     (.common:xSemUART)

.data      0    2000c910    0000005f     UNINITIALIZED
                  2000c910    00000030     tasks.obj (.data)
                  2000c940    00000018     FreeRtos_Example.obj (.data)
                  2000c958    00000008     heap_2.obj (.data)
                  2000c960    00000008     timers.obj (.data)
                  2000c968    00000004     port.obj (.data)
                  2000c96c    00000003     buttons.obj (.data)

.stack     0    2000c710    00000200     UNINITIALIZED
                  2000c710    00000004     rtsv7M4_T_le_v4SPD16_eabi.lib : boot_cortex_m.c.obj (.stack)
                  2000c714    000001fc     --HOLE--

__llvm_prf_cnts 
*          0    20000000    00000000     UNINITIALIZED

MODULE SUMMARY

       Module                          code    ro data   rw data
       ------                          ----    -------   -------
    .\
       FreeRtos_Example.obj            1160    0         28     
       tm4c129encpdt_startup_ccs.obj   12      520       0      
    +--+-------------------------------+-------+---------+---------+
       Total:                          1172    520       28     
                                                                
    .\FreeRTOS\
       tasks.obj                       4480    0         256    
       queue.obj                       1732    0         64     
       timers.obj                      908     0         56     
       list.obj                        140     0         0      
    +--+-------------------------------+-------+---------+---------+
       Total:                          7260    0         376    
                                                                
    .\FreeRTOS\portable\CCS\ARM_CM4F\
       port.obj                        220     4         4      
       portasm.obj                     210     0         0      
    +--+-------------------------------+-------+---------+---------+
       Total:                          430     4         4      
                                                                
    .\FreeRTOS\portable\MemMang\
       heap_2.obj                      280     0         50024  
    +--+-------------------------------+-------+---------+---------+
       Total:                          280     0         50024  
                                                                
    .\drivers\
       pinout.obj                      712     0         0      
       buttons.obj                     204     0         3      
    +--+-------------------------------+-------+---------+---------+
       Total:                          916     0         3      
                                                                
    C:/ti/TivaWare_C_Series-2.1.4.178/driverlib/ccs/Debug/driverlib.lib
       sysctl.obj                      724     596       0      
       gpio.obj                        716     552       0      
       interrupt.obj                   156     112       620    
       uart.obj                        132     0         0      
    +--+-------------------------------+-------+---------+---------+
       Total:                          1728    1260      620    
                                                                
    C:\ti\ccs1040\ccs\tools\compiler\ti-cgt-arm_20.2.5.LTS\lib\rtsv7M4_T_le_v4SPD16_eabi.lib
       memcpy_t2.asm.obj               156     0         0      
       memset_t2.asm.obj               122     0         0      
       copy_decompress_lzss.c.obj      104     0         0      
       autoinit.c.obj                  68      0         0      
       boot_cortex_m.c.obj             52      0         0      
       copy_decompress_none.c.obj      14      0         0      
       copy_zero_init.c.obj            12      0         0      
       exit.c.obj                      4       0         0      
       pre_init.c.obj                  4       0         0      
    +--+-------------------------------+-------+---------+---------+
       Total:                          536     0         0      
                                                                
       Stack:                          0       0         512    
       Linker Generated:               0       71        0      
    +--+-------------------------------+-------+---------+---------+
       Grand Total:                    12322   1855      51567  


LINKER GENERATED COPY TABLES

__TI_cinit_table @ 00003758 records: 3, size/record: 8, table size: 24
	.data: load addr=00003728, load size=00000013 bytes, run addr=2000c910, run size=0000005f bytes, compression=lzss
	.bss: load addr=00003748, load size=00000008 bytes, run addr=2000026c, run size=0000c4a4 bytes, compression=zero_init
	.vtable: load addr=00003750, load size=00000008 bytes, run addr=20000000, run size=0000026c bytes, compression=zero_init


LINKER GENERATED HANDLER TABLE

__TI_handler_table @ 0000373c records: 3, size/record: 4, table size: 12
	index: 0, handler: __TI_zero_init
	index: 1, handler: __TI_decompress_lzss
	index: 2, handler: __TI_decompress_none


GLOBAL SYMBOLS: SORTED ALPHABETICALLY BY Name 

address   name                             
-------   ----                             
00001d57  ButtonIntHandler                 
00002b99  ButtonsInit                      
00002b25  ButtonsPoll                      
00003233  C$$EXIT                          
00001c0b  ConfigureUART                    
000030f1  GPIODirModeSet                   
0000321d  GPIOIntClear                     
000031c5  GPIOIntDisable                   
000031ef  GPIOIntEnable                    
0000315d  GPIOIntRegister                  
000031d3  GPIOIntStatus                    
00002e65  GPIOIntTypeSet                   
00002729  GPIOPadConfigSet                 
00002ebd  GPIOPinConfigure                 
00003223  GPIOPinRead                      
000031a1  GPIOPinTypeEthernetLED           
00003175  GPIOPinTypeGPIOOutput            
000031b3  GPIOPinTypeUART                  
00003229  GPIOPinWrite                     
00002d95  IntEnable                        
00003055  IntRegister                      
000024a1  LEDRead                          
0000243d  LEDWrite                         
00002261  PinoutSet                        
00003207  ResetISR                         
00002529  SysCtlClockFreqSet               
00003089  SysCtlPeripheralEnable           
0000301d  SysCtlPeripheralReady            
00003213  UARTCharPut                      
00002f4d  UARTConfigSetExpClk              
0000311d  UARTDisable                      
0000318d  UARTEnable                       
00001a4d  UARTStringPut                    
2000c910  __STACK_END                      
00000200  __STACK_SIZE                     
2000c910  __STACK_TOP                      
00003758  __TI_CINIT_Base                  
00003770  __TI_CINIT_Limit                 
0000373c  __TI_Handler_Table_Base          
00003748  __TI_Handler_Table_Limit         
00002fd9  __TI_auto_init_nobinit_nopinit   
00002dfd  __TI_decompress_lzss             
000031e1  __TI_decompress_none             
ffffffff  __TI_pprof_out_hndl              
ffffffff  __TI_prof_data_size              
ffffffff  __TI_prof_data_start             
00000000  __TI_static_base__               
000031fb  __TI_zero_init                   
00002d19  __aeabi_memclr                   
00002d19  __aeabi_memclr4                  
00002d19  __aeabi_memclr8                  
00002bf1  __aeabi_memcpy                   
00002bf1  __aeabi_memcpy4                  
00002bf1  __aeabi_memcpy8                  
00002d1b  __aeabi_memset                   
00002d1b  __aeabi_memset4                  
00002d1b  __aeabi_memset8                  
ffffffff  __binit__                        
ffffffff  __c_args__                       
00001d55  __error__                        
UNDEFED   __mpu_init                       
2000c710  __stack                          
20000000  __start___llvm_prf_cnts          
20000000  __stop___llvm_prf_cnts           
000030bd  _c_int00_noargs                  
UNDEFED   _system_post_cinit               
0000322f  _system_pre_init                 
00003233  abort                            
ffffffff  binit                            
20000000  g_pfnRAMVectors                  
00000000  g_pfnVectors                     
00001c49  main                             
00002bf1  memcpy                           
00002d21  memset                           
00002239  pcTimerGetTimerName              
000028c5  pvPortMalloc                     
000012bf  pvTaskIncrementMutexHeldCount    
00001feb  pvTimerGetTimerID                
2000c910  pxCurrentTCB                     
00002a0b  pxPortInitialiseStack            
00001a3f  ucQueueGetQueueType              
00003724  ulMaxSyscallInterruptPriority    
00002a61  ulPortGetIPSR                    
00001231  ulTaskNotifyTake                 
00002cf9  uxListRemove                     
00001a3b  uxQueueGetQueueNumber            
00001a29  uxQueueMessagesWaiting           
00001a25  uxQueueMessagesWaitingFromISR    
00001a11  uxQueueSpacesAvailable           
00001211  uxTaskGetNumberOfTasks           
0000118d  uxTaskGetSystemState             
000010e5  uxTaskGetTaskNumber              
000010c9  uxTaskPriorityGet                
000010a9  uxTaskPriorityGetFromISR         
00001095  uxTaskResetEventItemValue        
00001bb9  vLightLED1                       
00001b69  vLightLED2                       
00002ce3  vListInitialise                  
00002cdd  vListInitialiseItem              
00002ca5  vListInsert                      
00002c8d  vListInsertEnd                   
00002b15  vPortEnableVFP                   
00002a09  vPortEndScheduler                
000029f1  vPortEnterCritical               
000029df  vPortExitCritical                
00002865  vPortFree                        
00002863  vPortInitialiseBlocks            
00002ad9  vPortSVCHandler                  
0000299b  vPortSetupTimerInterrupt         
00002af9  vPortStartFirstTask              
000019f5  vQueueAddToRegistry              
000019e5  vQueueDelete                     
000019e1  vQueueSetQueueNumber             
000019c7  vQueueUnregisterQueue            
00001987  vQueueWaitForMessageRestricted   
00001b2f  vStartLED1                       
00001af5  vStartLED2                       
00001abb  vStartLED3                       
00001a81  vStartLED4                       
00001049  vTaskDelay                       
00000fcb  vTaskDelayUntil                  
00000f39  vTaskDelete                      
00000f21  vTaskEndScheduler                
00000f19  vTaskMissedYield                 
00000e99  vTaskNotifyGiveFromISR           
00000e35  vTaskPlaceOnEventList            
00000dd5  vTaskPlaceOnEventListRestricted  
00000d71  vTaskPlaceOnUnorderedEventList   
00000ced  vTaskPriorityInherit             
00000c1d  vTaskPrioritySet                 
00000bb1  vTaskResume                      
00000b95  vTaskSetTaskNumber               
000009f9  vTaskSetTimeOutState             
00000b47  vTaskStartScheduler              
00000ab5  vTaskSuspend                     
00000aa5  vTaskSuspendAll                  
00000a53  vTaskSwitchContext               
00001fd5  vTimerSetTimerID                 
2000c940  xHandleBlink1                    
2000c944  xHandleBlink2                    
2000c948  xHandleBlink3                    
2000c94c  xHandleBlink4                    
2000c950  xHandleButton1                   
2000c954  xHandleButton2                   
0000285d  xPortGetFreeHeapSize             
00002a79  xPortPendSVHandler               
000029a7  xPortStartScheduler              
00002975  xPortSysTickHandler              
00001973  xQueueCreateCountingSemaphore    
00001925  xQueueCreateMutex                
000018e9  xQueueGenericCreate              
0000142b  xQueueGenericReceive             
0000186b  xQueueGenericReset               
000016a3  xQueueGenericSend                
0000180f  xQueueGenericSendFromISR         
000017b9  xQueueGiveFromISR                
0000178d  xQueueGiveMutexRecursive         
00001609  xQueueIsQueueEmptyFromISR        
000015fb  xQueueIsQueueFullFromISR         
000015c9  xQueuePeekFromISR                
0000156d  xQueueReceiveFromISR             
2000c620  xQueueRegistry                   
0000153d  xQueueTakeMutexRecursive         
2000c70c  xSemUART                         
00000a07  xTaskCheckForTimeOut             
0000090d  xTaskGenericCreate               
00000791  xTaskGenericNotify               
000006e1  xTaskGenericNotifyFromISR        
000006d5  xTaskGetCurrentTaskHandle        
000006bd  xTaskGetSchedulerState           
000006b1  xTaskGetTickCount                
000006ab  xTaskGetTickCountFromISR         
000002ad  xTaskIncrementTick               
00000681  xTaskNotifyStateClear            
000005c5  xTaskNotifyWait                  
000004f9  xTaskPriorityDisinherit          
00000495  xTaskRemoveFromEventList         
00000445  xTaskRemoveFromUnorderedEventList
00000389  xTaskResumeAll                   
00000223  xTaskResumeFromISR               
00001f9b  xTimerCreate                     
00001f69  xTimerCreateTimerTask            
00001eed  xTimerGenericCommand             
00001ed5  xTimerIsTimerActive              


GLOBAL SYMBOLS: SORTED BY Symbol Address 

address   name                             
-------   ----                             
00000000  __TI_static_base__               
00000000  g_pfnVectors                     
00000200  __STACK_SIZE                     
00000223  xTaskResumeFromISR               
000002ad  xTaskIncrementTick               
00000389  xTaskResumeAll                   
00000445  xTaskRemoveFromUnorderedEventList
00000495  xTaskRemoveFromEventList         
000004f9  xTaskPriorityDisinherit          
000005c5  xTaskNotifyWait                  
00000681  xTaskNotifyStateClear            
000006ab  xTaskGetTickCountFromISR         
000006b1  xTaskGetTickCount                
000006bd  xTaskGetSchedulerState           
000006d5  xTaskGetCurrentTaskHandle        
000006e1  xTaskGenericNotifyFromISR        
00000791  xTaskGenericNotify               
0000090d  xTaskGenericCreate               
000009f9  vTaskSetTimeOutState             
00000a07  xTaskCheckForTimeOut             
00000a53  vTaskSwitchContext               
00000aa5  vTaskSuspendAll                  
00000ab5  vTaskSuspend                     
00000b47  vTaskStartScheduler              
00000b95  vTaskSetTaskNumber               
00000bb1  vTaskResume                      
00000c1d  vTaskPrioritySet                 
00000ced  vTaskPriorityInherit             
00000d71  vTaskPlaceOnUnorderedEventList   
00000dd5  vTaskPlaceOnEventListRestricted  
00000e35  vTaskPlaceOnEventList            
00000e99  vTaskNotifyGiveFromISR           
00000f19  vTaskMissedYield                 
00000f21  vTaskEndScheduler                
00000f39  vTaskDelete                      
00000fcb  vTaskDelayUntil                  
00001049  vTaskDelay                       
00001095  uxTaskResetEventItemValue        
000010a9  uxTaskPriorityGetFromISR         
000010c9  uxTaskPriorityGet                
000010e5  uxTaskGetTaskNumber              
0000118d  uxTaskGetSystemState             
00001211  uxTaskGetNumberOfTasks           
00001231  ulTaskNotifyTake                 
000012bf  pvTaskIncrementMutexHeldCount    
0000142b  xQueueGenericReceive             
0000153d  xQueueTakeMutexRecursive         
0000156d  xQueueReceiveFromISR             
000015c9  xQueuePeekFromISR                
000015fb  xQueueIsQueueFullFromISR         
00001609  xQueueIsQueueEmptyFromISR        
000016a3  xQueueGenericSend                
0000178d  xQueueGiveMutexRecursive         
000017b9  xQueueGiveFromISR                
0000180f  xQueueGenericSendFromISR         
0000186b  xQueueGenericReset               
000018e9  xQueueGenericCreate              
00001925  xQueueCreateMutex                
00001973  xQueueCreateCountingSemaphore    
00001987  vQueueWaitForMessageRestricted   
000019c7  vQueueUnregisterQueue            
000019e1  vQueueSetQueueNumber             
000019e5  vQueueDelete                     
000019f5  vQueueAddToRegistry              
00001a11  uxQueueSpacesAvailable           
00001a25  uxQueueMessagesWaitingFromISR    
00001a29  uxQueueMessagesWaiting           
00001a3b  uxQueueGetQueueNumber            
00001a3f  ucQueueGetQueueType              
00001a4d  UARTStringPut                    
00001a81  vStartLED4                       
00001abb  vStartLED3                       
00001af5  vStartLED2                       
00001b2f  vStartLED1                       
00001b69  vLightLED2                       
00001bb9  vLightLED1                       
00001c0b  ConfigureUART                    
00001c49  main                             
00001d55  __error__                        
00001d57  ButtonIntHandler                 
00001ed5  xTimerIsTimerActive              
00001eed  xTimerGenericCommand             
00001f69  xTimerCreateTimerTask            
00001f9b  xTimerCreate                     
00001fd5  vTimerSetTimerID                 
00001feb  pvTimerGetTimerID                
00002239  pcTimerGetTimerName              
00002261  PinoutSet                        
0000243d  LEDWrite                         
000024a1  LEDRead                          
00002529  SysCtlClockFreqSet               
00002729  GPIOPadConfigSet                 
0000285d  xPortGetFreeHeapSize             
00002863  vPortInitialiseBlocks            
00002865  vPortFree                        
000028c5  pvPortMalloc                     
00002975  xPortSysTickHandler              
0000299b  vPortSetupTimerInterrupt         
000029a7  xPortStartScheduler              
000029df  vPortExitCritical                
000029f1  vPortEnterCritical               
00002a09  vPortEndScheduler                
00002a0b  pxPortInitialiseStack            
00002a61  ulPortGetIPSR                    
00002a79  xPortPendSVHandler               
00002ad9  vPortSVCHandler                  
00002af9  vPortStartFirstTask              
00002b15  vPortEnableVFP                   
00002b25  ButtonsPoll                      
00002b99  ButtonsInit                      
00002bf1  __aeabi_memcpy                   
00002bf1  __aeabi_memcpy4                  
00002bf1  __aeabi_memcpy8                  
00002bf1  memcpy                           
00002c8d  vListInsertEnd                   
00002ca5  vListInsert                      
00002cdd  vListInitialiseItem              
00002ce3  vListInitialise                  
00002cf9  uxListRemove                     
00002d19  __aeabi_memclr                   
00002d19  __aeabi_memclr4                  
00002d19  __aeabi_memclr8                  
00002d1b  __aeabi_memset                   
00002d1b  __aeabi_memset4                  
00002d1b  __aeabi_memset8                  
00002d21  memset                           
00002d95  IntEnable                        
00002dfd  __TI_decompress_lzss             
00002e65  GPIOIntTypeSet                   
00002ebd  GPIOPinConfigure                 
00002f4d  UARTConfigSetExpClk              
00002fd9  __TI_auto_init_nobinit_nopinit   
0000301d  SysCtlPeripheralReady            
00003055  IntRegister                      
00003089  SysCtlPeripheralEnable           
000030bd  _c_int00_noargs                  
000030f1  GPIODirModeSet                   
0000311d  UARTDisable                      
0000315d  GPIOIntRegister                  
00003175  GPIOPinTypeGPIOOutput            
0000318d  UARTEnable                       
000031a1  GPIOPinTypeEthernetLED           
000031b3  GPIOPinTypeUART                  
000031c5  GPIOIntDisable                   
000031d3  GPIOIntStatus                    
000031e1  __TI_decompress_none             
000031ef  GPIOIntEnable                    
000031fb  __TI_zero_init                   
00003207  ResetISR                         
00003213  UARTCharPut                      
0000321d  GPIOIntClear                     
00003223  GPIOPinRead                      
00003229  GPIOPinWrite                     
0000322f  _system_pre_init                 
00003233  C$$EXIT                          
00003233  abort                            
00003724  ulMaxSyscallInterruptPriority    
0000373c  __TI_Handler_Table_Base          
00003748  __TI_Handler_Table_Limit         
00003758  __TI_CINIT_Base                  
00003770  __TI_CINIT_Limit                 
20000000  __start___llvm_prf_cnts          
20000000  __stop___llvm_prf_cnts           
20000000  g_pfnRAMVectors                  
2000c620  xQueueRegistry                   
2000c70c  xSemUART                         
2000c710  __stack                          
2000c910  __STACK_END                      
2000c910  __STACK_TOP                      
2000c910  pxCurrentTCB                     
2000c940  xHandleBlink1                    
2000c944  xHandleBlink2                    
2000c948  xHandleBlink3                    
2000c94c  xHandleBlink4                    
2000c950  xHandleButton1                   
2000c954  xHandleButton2                   
ffffffff  __TI_pprof_out_hndl              
ffffffff  __TI_prof_data_size              
ffffffff  __TI_prof_data_start             
ffffffff  __binit__                        
ffffffff  __c_args__                       
ffffffff  binit                            
UNDEFED   __mpu_init                       
UNDEFED   _system_post_cinit               

[184 symbols]
