<?xml version="1.0" encoding="ISO-8859-1" ?>
<link_info>
   <banner>TI ARM Linker PC v20.2.5.LTS</banner>
   <copyright>Copyright (c) 1996-2018 Texas Instruments Incorporated</copyright>
   <link_time>0x6172833a</link_time>
   <link_errors>0x0</link_errors>
   <output_file>LAB5.out</output_file>
   <entry_point>
      <name>_c_int00_noargs</name>
      <address>0x30bd</address>
   </entry_point>
   <input_file_list>
      <input_file id="fl-2">
         <path>.\</path>
         <kind>object</kind>
         <file>FreeRtos_Example.obj</file>
         <name>FreeRtos_Example.obj</name>
      </input_file>
      <input_file id="fl-3">
         <path>.\</path>
         <kind>object</kind>
         <file>tm4c129encpdt_startup_ccs.obj</file>
         <name>tm4c129encpdt_startup_ccs.obj</name>
      </input_file>
      <input_file id="fl-4">
         <path>.\FreeRTOS\</path>
         <kind>object</kind>
         <file>croutine.obj</file>
         <name>croutine.obj</name>
      </input_file>
      <input_file id="fl-5">
         <path>.\FreeRTOS\</path>
         <kind>object</kind>
         <file>event_groups.obj</file>
         <name>event_groups.obj</name>
      </input_file>
      <input_file id="fl-6">
         <path>.\FreeRTOS\</path>
         <kind>object</kind>
         <file>list.obj</file>
         <name>list.obj</name>
      </input_file>
      <input_file id="fl-7">
         <path>.\FreeRTOS\</path>
         <kind>object</kind>
         <file>queue.obj</file>
         <name>queue.obj</name>
      </input_file>
      <input_file id="fl-8">
         <path>.\FreeRTOS\</path>
         <kind>object</kind>
         <file>tasks.obj</file>
         <name>tasks.obj</name>
      </input_file>
      <input_file id="fl-9">
         <path>.\FreeRTOS\</path>
         <kind>object</kind>
         <file>timers.obj</file>
         <name>timers.obj</name>
      </input_file>
      <input_file id="fl-a">
         <path>.\FreeRTOS\portable\CCS\ARM_CM4F\</path>
         <kind>object</kind>
         <file>port.obj</file>
         <name>port.obj</name>
      </input_file>
      <input_file id="fl-b">
         <path>.\FreeRTOS\portable\CCS\ARM_CM4F\</path>
         <kind>object</kind>
         <file>portasm.obj</file>
         <name>portasm.obj</name>
      </input_file>
      <input_file id="fl-c">
         <path>.\FreeRTOS\portable\MemMang\</path>
         <kind>object</kind>
         <file>heap_2.obj</file>
         <name>heap_2.obj</name>
      </input_file>
      <input_file id="fl-d">
         <path>.\drivers\</path>
         <kind>object</kind>
         <file>buttons.obj</file>
         <name>buttons.obj</name>
      </input_file>
      <input_file id="fl-e">
         <path>.\drivers\</path>
         <kind>object</kind>
         <file>pinout.obj</file>
         <name>pinout.obj</name>
      </input_file>
      <input_file id="fl-13">
         <kind>object</kind>
         <file>&lt;internal&gt;</file>
         <name>&lt;internal&gt;</name>
      </input_file>
      <input_file id="fl-14">
         <path>C:\ti\TivaWare_C_Series-2.1.4.178\driverlib\ccs\Debug\</path>
         <kind>archive</kind>
         <file>driverlib.lib</file>
         <name>gpio.obj</name>
      </input_file>
      <input_file id="fl-15">
         <path>C:\ti\TivaWare_C_Series-2.1.4.178\driverlib\ccs\Debug\</path>
         <kind>archive</kind>
         <file>driverlib.lib</file>
         <name>interrupt.obj</name>
      </input_file>
      <input_file id="fl-16">
         <path>C:\ti\TivaWare_C_Series-2.1.4.178\driverlib\ccs\Debug\</path>
         <kind>archive</kind>
         <file>driverlib.lib</file>
         <name>sysctl.obj</name>
      </input_file>
      <input_file id="fl-17">
         <path>C:\ti\TivaWare_C_Series-2.1.4.178\driverlib\ccs\Debug\</path>
         <kind>archive</kind>
         <file>driverlib.lib</file>
         <name>uart.obj</name>
      </input_file>
      <input_file id="fl-18">
         <path>C:\ti\TivaWare_C_Series-2.1.4.178\driverlib\ccs\Debug\</path>
         <kind>archive</kind>
         <file>driverlib.lib</file>
         <name>cpu.obj</name>
      </input_file>
      <input_file id="fl-ce">
         <path>C:\ti\ccs1040\ccs\tools\compiler\ti-cgt-arm_20.2.5.LTS\lib\</path>
         <kind>archive</kind>
         <file>rtsv7M4_T_le_v4SPD16_eabi.lib</file>
         <name>memcpy_t2.asm.obj</name>
      </input_file>
      <input_file id="fl-cf">
         <path>C:\ti\ccs1040\ccs\tools\compiler\ti-cgt-arm_20.2.5.LTS\lib\</path>
         <kind>archive</kind>
         <file>rtsv7M4_T_le_v4SPD16_eabi.lib</file>
         <name>memset_t2.asm.obj</name>
      </input_file>
      <input_file id="fl-d0">
         <path>C:\ti\ccs1040\ccs\tools\compiler\ti-cgt-arm_20.2.5.LTS\lib\</path>
         <kind>archive</kind>
         <file>rtsv7M4_T_le_v4SPD16_eabi.lib</file>
         <name>copy_zero_init.c.obj</name>
      </input_file>
      <input_file id="fl-d1">
         <path>C:\ti\ccs1040\ccs\tools\compiler\ti-cgt-arm_20.2.5.LTS\lib\</path>
         <kind>archive</kind>
         <file>rtsv7M4_T_le_v4SPD16_eabi.lib</file>
         <name>copy_decompress_none.c.obj</name>
      </input_file>
      <input_file id="fl-d2">
         <path>C:\ti\ccs1040\ccs\tools\compiler\ti-cgt-arm_20.2.5.LTS\lib\</path>
         <kind>archive</kind>
         <file>rtsv7M4_T_le_v4SPD16_eabi.lib</file>
         <name>copy_decompress_lzss.c.obj</name>
      </input_file>
      <input_file id="fl-d3">
         <path>C:\ti\ccs1040\ccs\tools\compiler\ti-cgt-arm_20.2.5.LTS\lib\</path>
         <kind>archive</kind>
         <file>rtsv7M4_T_le_v4SPD16_eabi.lib</file>
         <name>boot_cortex_m.c.obj</name>
      </input_file>
      <input_file id="fl-d4">
         <path>C:\ti\ccs1040\ccs\tools\compiler\ti-cgt-arm_20.2.5.LTS\lib\</path>
         <kind>archive</kind>
         <file>rtsv7M4_T_le_v4SPD16_eabi.lib</file>
         <name>autoinit.c.obj</name>
      </input_file>
      <input_file id="fl-d5">
         <path>C:\ti\ccs1040\ccs\tools\compiler\ti-cgt-arm_20.2.5.LTS\lib\</path>
         <kind>archive</kind>
         <file>rtsv7M4_T_le_v4SPD16_eabi.lib</file>
         <name>pre_init.c.obj</name>
      </input_file>
      <input_file id="fl-d6">
         <path>C:\ti\ccs1040\ccs\tools\compiler\ti-cgt-arm_20.2.5.LTS\lib\</path>
         <kind>archive</kind>
         <file>rtsv7M4_T_le_v4SPD16_eabi.lib</file>
         <name>cpy_tbl.c.obj</name>
      </input_file>
      <input_file id="fl-d7">
         <path>C:\ti\ccs1040\ccs\tools\compiler\ti-cgt-arm_20.2.5.LTS\lib\</path>
         <kind>archive</kind>
         <file>rtsv7M4_T_le_v4SPD16_eabi.lib</file>
         <name>exit.c.obj</name>
      </input_file>
      <input_file id="fl-d8">
         <path>C:\ti\ccs1040\ccs\tools\compiler\ti-cgt-arm_20.2.5.LTS\lib\</path>
         <kind>archive</kind>
         <file>rtsv7M4_T_le_v4SPD16_eabi.lib</file>
         <name>_lock.c.obj</name>
      </input_file>
      <input_file id="fl-d9">
         <path>C:\ti\ccs1040\ccs\tools\compiler\ti-cgt-arm_20.2.5.LTS\lib\</path>
         <kind>archive</kind>
         <file>rtsv7M4_T_le_v4SPD16_eabi.lib</file>
         <name>args_main.c.obj</name>
      </input_file>
   </input_file_list>
   <object_component_list>
      <object_component id="oc-12">
         <name>.intvecs</name>
         <load_address>0x0</load_address>
         <run_address>0x0</run_address>
         <size>0x208</size>
         <input_file_ref idref="fl-3"/>
      </object_component>
      <object_component id="oc-7f">
         <name>.text</name>
         <load_address>0x208</load_address>
         <run_address>0x208</run_address>
         <size>0x1180</size>
         <input_file_ref idref="fl-8"/>
      </object_component>
      <object_component id="oc-12b">
         <name>.text</name>
         <load_address>0x1388</load_address>
         <run_address>0x1388</run_address>
         <size>0x6c4</size>
         <input_file_ref idref="fl-7"/>
      </object_component>
      <object_component id="oc-c2">
         <name>.text</name>
         <load_address>0x1a4c</load_address>
         <run_address>0x1a4c</run_address>
         <size>0x488</size>
         <input_file_ref idref="fl-2"/>
      </object_component>
      <object_component id="oc-f1">
         <name>.text</name>
         <load_address>0x1ed4</load_address>
         <run_address>0x1ed4</run_address>
         <size>0x38c</size>
         <input_file_ref idref="fl-9"/>
      </object_component>
      <object_component id="oc-137">
         <name>.text</name>
         <load_address>0x2260</load_address>
         <run_address>0x2260</run_address>
         <size>0x2c8</size>
         <input_file_ref idref="fl-e"/>
      </object_component>
      <object_component id="oc-185">
         <name>.text:SysCtlClockFreqSet</name>
         <load_address>0x2528</load_address>
         <run_address>0x2528</run_address>
         <size>0x200</size>
         <input_file_ref idref="fl-16"/>
      </object_component>
      <object_component id="oc-232">
         <name>.text:GPIOPadConfigSet</name>
         <load_address>0x2728</load_address>
         <run_address>0x2728</run_address>
         <size>0x132</size>
         <input_file_ref idref="fl-14"/>
      </object_component>
      <object_component id="oc-eb">
         <name>.text</name>
         <load_address>0x285c</load_address>
         <run_address>0x285c</run_address>
         <size>0x118</size>
         <input_file_ref idref="fl-c"/>
      </object_component>
      <object_component id="oc-32">
         <name>.text</name>
         <load_address>0x2974</load_address>
         <run_address>0x2974</run_address>
         <size>0xdc</size>
         <input_file_ref idref="fl-a"/>
      </object_component>
      <object_component id="oc-2d">
         <name>.text</name>
         <load_address>0x2a50</load_address>
         <run_address>0x2a50</run_address>
         <size>0xd2</size>
         <input_file_ref idref="fl-b"/>
      </object_component>
      <object_component id="oc-13d">
         <name>.text</name>
         <load_address>0x2b24</load_address>
         <run_address>0x2b24</run_address>
         <size>0xcc</size>
         <input_file_ref idref="fl-d"/>
      </object_component>
      <object_component id="oc-46">
         <name>.text</name>
         <load_address>0x2bf0</load_address>
         <run_address>0x2bf0</run_address>
         <size>0x9c</size>
         <input_file_ref idref="fl-ce"/>
      </object_component>
      <object_component id="oc-d9">
         <name>.text</name>
         <load_address>0x2c8c</load_address>
         <run_address>0x2c8c</run_address>
         <size>0x8c</size>
         <input_file_ref idref="fl-6"/>
      </object_component>
      <object_component id="oc-b6">
         <name>.text</name>
         <load_address>0x2d18</load_address>
         <run_address>0x2d18</run_address>
         <size>0x7a</size>
         <input_file_ref idref="fl-cf"/>
      </object_component>
      <object_component id="oc-27c">
         <name>.text:IntEnable</name>
         <load_address>0x2d94</load_address>
         <run_address>0x2d94</run_address>
         <size>0x68</size>
         <input_file_ref idref="fl-15"/>
      </object_component>
      <object_component id="oc-15">
         <name>.text:decompress:lzss:__TI_decompress_lzss</name>
         <load_address>0x2dfc</load_address>
         <run_address>0x2dfc</run_address>
         <size>0x68</size>
         <input_file_ref idref="fl-d2"/>
      </object_component>
      <object_component id="oc-179">
         <name>.text:GPIOIntTypeSet</name>
         <load_address>0x2e64</load_address>
         <run_address>0x2e64</run_address>
         <size>0x56</size>
         <input_file_ref idref="fl-14"/>
      </object_component>
      <object_component id="oc-14f">
         <name>.text:GPIOPinConfigure</name>
         <load_address>0x2ebc</load_address>
         <run_address>0x2ebc</run_address>
         <size>0x48</size>
         <input_file_ref idref="fl-14"/>
      </object_component>
      <object_component id="oc-28b">
         <name>.text:_SysCtlFrequencyGet</name>
         <load_address>0x2f04</load_address>
         <run_address>0x2f04</run_address>
         <size>0x48</size>
         <input_file_ref idref="fl-16"/>
      </object_component>
      <object_component id="oc-155">
         <name>.text:UARTConfigSetExpClk</name>
         <load_address>0x2f4c</load_address>
         <run_address>0x2f4c</run_address>
         <size>0x46</size>
         <input_file_ref idref="fl-17"/>
      </object_component>
      <object_component id="oc-270">
         <name>.text:_GPIOIntNumberGet</name>
         <load_address>0x2f94</load_address>
         <run_address>0x2f94</run_address>
         <size>0x44</size>
         <input_file_ref idref="fl-14"/>
      </object_component>
      <object_component id="oc-1a2">
         <name>.text:__TI_auto_init_nobinit_nopinit:__TI_auto_init_nobinit_nopinit</name>
         <load_address>0x2fd8</load_address>
         <run_address>0x2fd8</run_address>
         <size>0x44</size>
         <input_file_ref idref="fl-d4"/>
      </object_component>
      <object_component id="oc-15b">
         <name>.text:SysCtlPeripheralReady</name>
         <load_address>0x301c</load_address>
         <run_address>0x301c</run_address>
         <size>0x38</size>
         <input_file_ref idref="fl-16"/>
      </object_component>
      <object_component id="oc-276">
         <name>.text:IntRegister</name>
         <load_address>0x3054</load_address>
         <run_address>0x3054</run_address>
         <size>0x34</size>
         <input_file_ref idref="fl-15"/>
      </object_component>
      <object_component id="oc-143">
         <name>.text:SysCtlPeripheralEnable</name>
         <load_address>0x3088</load_address>
         <run_address>0x3088</run_address>
         <size>0x34</size>
         <input_file_ref idref="fl-16"/>
      </object_component>
      <object_component id="oc-64">
         <name>.text:_c_int00_noargs:_c_int00_noargs</name>
         <load_address>0x30bc</load_address>
         <run_address>0x30bc</run_address>
         <size>0x34</size>
         <input_file_ref idref="fl-d3"/>
      </object_component>
      <object_component id="oc-253">
         <name>.text:GPIODirModeSet</name>
         <load_address>0x30f0</load_address>
         <run_address>0x30f0</run_address>
         <size>0x2a</size>
         <input_file_ref idref="fl-14"/>
      </object_component>
      <object_component id="oc-25f">
         <name>.text:UARTDisable</name>
         <load_address>0x311c</load_address>
         <run_address>0x311c</run_address>
         <size>0x20</size>
         <input_file_ref idref="fl-17"/>
      </object_component>
      <object_component id="oc-285">
         <name>.text:_SysCtlMemTimingGet</name>
         <load_address>0x313c</load_address>
         <run_address>0x313c</run_address>
         <size>0x20</size>
         <input_file_ref idref="fl-16"/>
      </object_component>
      <object_component id="oc-173">
         <name>.text:GPIOIntRegister</name>
         <load_address>0x315c</load_address>
         <run_address>0x315c</run_address>
         <size>0x18</size>
         <input_file_ref idref="fl-14"/>
      </object_component>
      <object_component id="oc-161">
         <name>.text:GPIOPinTypeGPIOOutput</name>
         <load_address>0x3174</load_address>
         <run_address>0x3174</run_address>
         <size>0x18</size>
         <input_file_ref idref="fl-14"/>
      </object_component>
      <object_component id="oc-265">
         <name>.text:UARTEnable</name>
         <load_address>0x318c</load_address>
         <run_address>0x318c</run_address>
         <size>0x14</size>
         <input_file_ref idref="fl-17"/>
      </object_component>
      <object_component id="oc-238">
         <name>.text:GPIOPinTypeEthernetLED</name>
         <load_address>0x31a0</load_address>
         <run_address>0x31a0</run_address>
         <size>0x12</size>
         <input_file_ref idref="fl-14"/>
      </object_component>
      <object_component id="oc-149">
         <name>.text:GPIOPinTypeUART</name>
         <load_address>0x31b2</load_address>
         <run_address>0x31b2</run_address>
         <size>0x12</size>
         <input_file_ref idref="fl-14"/>
      </object_component>
      <object_component id="oc-167">
         <name>.text:GPIOIntDisable</name>
         <load_address>0x31c4</load_address>
         <run_address>0x31c4</run_address>
         <size>0xe</size>
         <input_file_ref idref="fl-14"/>
      </object_component>
      <object_component id="oc-18c">
         <name>.text:GPIOIntStatus</name>
         <load_address>0x31d2</load_address>
         <run_address>0x31d2</run_address>
         <size>0xe</size>
         <input_file_ref idref="fl-14"/>
      </object_component>
      <object_component id="oc-1b">
         <name>.text:decompress:none:__TI_decompress_none</name>
         <load_address>0x31e0</load_address>
         <run_address>0x31e0</run_address>
         <size>0xe</size>
         <input_file_ref idref="fl-d1"/>
      </object_component>
      <object_component id="oc-17f">
         <name>.text:GPIOIntEnable</name>
         <load_address>0x31ee</load_address>
         <run_address>0x31ee</run_address>
         <size>0xc</size>
         <input_file_ref idref="fl-14"/>
      </object_component>
      <object_component id="oc-58">
         <name>.text:decompress:ZI:__TI_zero_init</name>
         <load_address>0x31fa</load_address>
         <run_address>0x31fa</run_address>
         <size>0xc</size>
         <input_file_ref idref="fl-d0"/>
      </object_component>
      <object_component id="oc-27">
         <name>.text</name>
         <load_address>0x3206</load_address>
         <run_address>0x3206</run_address>
         <size>0xc</size>
         <input_file_ref idref="fl-3"/>
      </object_component>
      <object_component id="oc-131">
         <name>.text:UARTCharPut</name>
         <load_address>0x3212</load_address>
         <run_address>0x3212</run_address>
         <size>0xa</size>
         <input_file_ref idref="fl-17"/>
      </object_component>
      <object_component id="oc-16d">
         <name>.text:GPIOIntClear</name>
         <load_address>0x321c</load_address>
         <run_address>0x321c</run_address>
         <size>0x6</size>
         <input_file_ref idref="fl-14"/>
      </object_component>
      <object_component id="oc-244">
         <name>.text:GPIOPinRead</name>
         <load_address>0x3222</load_address>
         <run_address>0x3222</run_address>
         <size>0x6</size>
         <input_file_ref idref="fl-14"/>
      </object_component>
      <object_component id="oc-23e">
         <name>.text:GPIOPinWrite</name>
         <load_address>0x3228</load_address>
         <run_address>0x3228</run_address>
         <size>0x6</size>
         <input_file_ref idref="fl-14"/>
      </object_component>
      <object_component id="oc-bc">
         <name>.text:_system_pre_init</name>
         <load_address>0x322e</load_address>
         <run_address>0x322e</run_address>
         <size>0x4</size>
         <input_file_ref idref="fl-d5"/>
      </object_component>
      <object_component id="oc-196">
         <name>.text:abort:abort</name>
         <load_address>0x3232</load_address>
         <run_address>0x3232</run_address>
         <size>0x4</size>
         <input_file_ref idref="fl-d7"/>
      </object_component>
      <object_component id="oc-294">
         <name>.const:g_pppui32XTALtoVCO</name>
         <load_address>0x3238</load_address>
         <run_address>0x3238</run_address>
         <size>0x1b0</size>
         <input_file_ref idref="fl-16"/>
      </object_component>
      <object_component id="oc-2fe">
         <name>.const:g_ppui32GPIOIntMapSnowflake</name>
         <load_address>0x33e8</load_address>
         <run_address>0x33e8</run_address>
         <size>0xd8</size>
         <input_file_ref idref="fl-14"/>
      </object_component>
      <object_component id="oc-2fb">
         <name>.const:g_ppui32GPIOIntMapBlizzard</name>
         <load_address>0x34c0</load_address>
         <run_address>0x34c0</run_address>
         <size>0xc0</size>
         <input_file_ref idref="fl-14"/>
      </object_component>
      <object_component id="oc-25a">
         <name>.const:g_pui32GPIOBaseAddrs</name>
         <load_address>0x3580</load_address>
         <run_address>0x3580</run_address>
         <size>0x90</size>
         <input_file_ref idref="fl-14"/>
      </object_component>
      <object_component id="oc-307">
         <name>.const</name>
         <load_address>0x3610</load_address>
         <run_address>0x3610</run_address>
         <size>0x70</size>
         <input_file_ref idref="fl-15"/>
      </object_component>
      <object_component id="oc-291">
         <name>.const:g_pui32Xtals</name>
         <load_address>0x3680</load_address>
         <run_address>0x3680</run_address>
         <size>0x6c</size>
         <input_file_ref idref="fl-16"/>
      </object_component>
      <object_component id="oc-30b">
         <name>.const:g_sXTALtoMEMTIM</name>
         <load_address>0x36ec</load_address>
         <run_address>0x36ec</run_address>
         <size>0x30</size>
         <input_file_ref idref="fl-16"/>
      </object_component>
      <object_component id="oc-297">
         <name>.const</name>
         <load_address>0x371c</load_address>
         <run_address>0x371c</run_address>
         <size>0x8</size>
         <input_file_ref idref="fl-16"/>
      </object_component>
      <object_component id="oc-7c">
         <name>.const</name>
         <load_address>0x3724</load_address>
         <run_address>0x3724</run_address>
         <size>0x4</size>
         <input_file_ref idref="fl-a"/>
      </object_component>
      <object_component id="oc-38a">
         <name>.cinit..data.load</name>
         <load_address>0x3728</load_address>
         <run_address>0x3728</run_address>
         <size>0x13</size>
      </object_component>
      <object_component id="oc-387">
         <name>__TI_handler_table</name>
         <load_address>0x373c</load_address>
         <run_address>0x373c</run_address>
         <size>0xc</size>
      </object_component>
      <object_component id="oc-38b">
         <name>.cinit..bss.load</name>
         <load_address>0x3748</load_address>
         <run_address>0x3748</run_address>
         <size>0x8</size>
      </object_component>
      <object_component id="oc-389">
         <name>.cinit..vtable.load</name>
         <load_address>0x3750</load_address>
         <run_address>0x3750</run_address>
         <size>0x8</size>
      </object_component>
      <object_component id="oc-388">
         <name>__TI_cinit_table</name>
         <load_address>0x3758</load_address>
         <run_address>0x3758</run_address>
         <size>0x18</size>
      </object_component>
      <object_component id="oc-302">
         <name>.vtable</name>
         <uninitialized>true</uninitialized>
         <run_address>0x20000000</run_address>
         <size>0x26c</size>
         <input_file_ref idref="fl-15"/>
      </object_component>
      <object_component id="oc-192">
         <name>.data</name>
         <load_address>0x2000c940</load_address>
         <run_address>0x2000c940</run_address>
         <size>0x18</size>
         <input_file_ref idref="fl-2"/>
      </object_component>
      <object_component id="oc-79">
         <name>.data</name>
         <load_address>0x2000c910</load_address>
         <run_address>0x2000c910</run_address>
         <size>0x30</size>
         <input_file_ref idref="fl-8"/>
      </object_component>
      <object_component id="oc-202">
         <name>.data</name>
         <load_address>0x2000c960</load_address>
         <run_address>0x2000c960</run_address>
         <size>0x8</size>
         <input_file_ref idref="fl-9"/>
      </object_component>
      <object_component id="oc-86">
         <name>.data</name>
         <load_address>0x2000c968</load_address>
         <run_address>0x2000c968</run_address>
         <size>0x4</size>
         <input_file_ref idref="fl-a"/>
      </object_component>
      <object_component id="oc-1f4">
         <name>.data</name>
         <load_address>0x2000c958</load_address>
         <run_address>0x2000c958</run_address>
         <size>0x8</size>
         <input_file_ref idref="fl-c"/>
      </object_component>
      <object_component id="oc-24c">
         <name>.data</name>
         <load_address>0x2000c96c</load_address>
         <run_address>0x2000c96c</run_address>
         <size>0x3</size>
         <input_file_ref idref="fl-d"/>
      </object_component>
      <object_component id="oc-e5">
         <name>.bss:pxReadyTasksLists</name>
         <uninitialized>true</uninitialized>
         <run_address>0x2000c5bc</run_address>
         <size>0x64</size>
         <input_file_ref idref="fl-8"/>
      </object_component>
      <object_component id="oc-f7">
         <name>.bss:xDelayedTaskList1</name>
         <uninitialized>true</uninitialized>
         <run_address>0x2000c688</run_address>
         <size>0x14</size>
         <input_file_ref idref="fl-8"/>
      </object_component>
      <object_component id="oc-fa">
         <name>.bss:xDelayedTaskList2</name>
         <uninitialized>true</uninitialized>
         <run_address>0x2000c69c</run_address>
         <size>0x14</size>
         <input_file_ref idref="fl-8"/>
      </object_component>
      <object_component id="oc-e8">
         <name>.bss</name>
         <uninitialized>true</uninitialized>
         <run_address>0x2000c6ec</run_address>
         <size>0x8</size>
         <input_file_ref idref="fl-8"/>
      </object_component>
      <object_component id="oc-e2">
         <name>.bss:xPendingReadyList</name>
         <uninitialized>true</uninitialized>
         <run_address>0x2000c6b0</run_address>
         <size>0x14</size>
         <input_file_ref idref="fl-8"/>
      </object_component>
      <object_component id="oc-fd">
         <name>.bss:xTasksWaitingTermination</name>
         <uninitialized>true</uninitialized>
         <run_address>0x2000c6d8</run_address>
         <size>0x14</size>
         <input_file_ref idref="fl-8"/>
      </object_component>
      <object_component id="oc-df">
         <name>.bss:xSuspendedTaskList</name>
         <uninitialized>true</uninitialized>
         <run_address>0x2000c6c4</run_address>
         <size>0x14</size>
         <input_file_ref idref="fl-8"/>
      </object_component>
      <object_component id="oc-205">
         <name>.bss:xActiveTimerList1</name>
         <uninitialized>true</uninitialized>
         <run_address>0x2000c660</run_address>
         <size>0x14</size>
         <input_file_ref idref="fl-9"/>
      </object_component>
      <object_component id="oc-208">
         <name>.bss:xActiveTimerList2</name>
         <uninitialized>true</uninitialized>
         <run_address>0x2000c674</run_address>
         <size>0x14</size>
         <input_file_ref idref="fl-9"/>
      </object_component>
      <object_component id="oc-20b">
         <name>.bss</name>
         <uninitialized>true</uninitialized>
         <run_address>0x2000c6f4</run_address>
         <size>0x8</size>
         <input_file_ref idref="fl-9"/>
      </object_component>
      <object_component id="oc-1fa">
         <name>.bss:ucHeap</name>
         <uninitialized>true</uninitialized>
         <run_address>0x2000026c</run_address>
         <size>0xc350</size>
         <input_file_ref idref="fl-c"/>
      </object_component>
      <object_component id="oc-1f7">
         <name>.bss:xStart</name>
         <uninitialized>true</uninitialized>
         <run_address>0x2000c704</run_address>
         <size>0x8</size>
         <input_file_ref idref="fl-c"/>
      </object_component>
      <object_component id="oc-1fd">
         <name>.bss:xEnd</name>
         <uninitialized>true</uninitialized>
         <run_address>0x2000c6fc</run_address>
         <size>0x8</size>
         <input_file_ref idref="fl-c"/>
      </object_component>
      <object_component id="oc-18b">
         <name>.common:xSemUART</name>
         <uninitialized>true</uninitialized>
         <run_address>0x2000c70c</run_address>
         <size>0x4</size>
      </object_component>
      <object_component id="oc-227">
         <name>.common:xQueueRegistry</name>
         <uninitialized>true</uninitialized>
         <run_address>0x2000c620</run_address>
         <size>0x40</size>
      </object_component>
      <object_component id="oc-24">
         <name>.stack</name>
         <uninitialized>true</uninitialized>
         <run_address>0x2000c710</run_address>
         <size>0x4</size>
         <input_file_ref idref="fl-d3"/>
      </object_component>
      <object_component id="oc-38d">
         <name>.stack</name>
         <uninitialized>true</uninitialized>
         <run_address>0x2000c710</run_address>
         <size>0x0</size>
      </object_component>
      <object_component id="oc-10f">
         <name>.debug_info</name>
         <load_address>0x0</load_address>
         <run_address>0x0</run_address>
         <size>0x9f1</size>
         <input_file_ref idref="fl-2"/>
      </object_component>
      <object_component id="oc-193">
         <name>.debug_info</name>
         <load_address>0x9f1</load_address>
         <run_address>0x9f1</run_address>
         <size>0x1ba</size>
         <input_file_ref idref="fl-2"/>
      </object_component>
      <object_component id="oc-c4">
         <name>.debug_info</name>
         <load_address>0xbab</load_address>
         <run_address>0xbab</run_address>
         <size>0xd99</size>
         <input_file_ref idref="fl-2"/>
      </object_component>
      <object_component id="oc-101">
         <name>.debug_info</name>
         <load_address>0x1944</load_address>
         <run_address>0x1944</run_address>
         <size>0x2ef</size>
         <input_file_ref idref="fl-2"/>
      </object_component>
      <object_component id="oc-9c">
         <name>.debug_info</name>
         <load_address>0x1c33</load_address>
         <run_address>0x1c33</run_address>
         <size>0x26b</size>
         <input_file_ref idref="fl-2"/>
      </object_component>
      <object_component id="oc-111">
         <name>.debug_info</name>
         <load_address>0x1e9e</load_address>
         <run_address>0x1e9e</run_address>
         <size>0x8b</size>
         <input_file_ref idref="fl-2"/>
      </object_component>
      <object_component id="oc-222">
         <name>.debug_info</name>
         <load_address>0x1f29</load_address>
         <run_address>0x1f29</run_address>
         <size>0x46</size>
         <input_file_ref idref="fl-2"/>
      </object_component>
      <object_component id="oc-21d">
         <name>.debug_info</name>
         <load_address>0x1f6f</load_address>
         <run_address>0x1f6f</run_address>
         <size>0x2c</size>
         <input_file_ref idref="fl-2"/>
      </object_component>
      <object_component id="oc-8b">
         <name>.debug_info</name>
         <load_address>0x1f9b</load_address>
         <run_address>0x1f9b</run_address>
         <size>0x2c</size>
         <input_file_ref idref="fl-2"/>
      </object_component>
      <object_component id="oc-116">
         <name>.debug_info</name>
         <load_address>0x1fc7</load_address>
         <run_address>0x1fc7</run_address>
         <size>0x2a4</size>
         <input_file_ref idref="fl-2"/>
      </object_component>
      <object_component id="oc-97">
         <name>.debug_info</name>
         <load_address>0x226b</load_address>
         <run_address>0x226b</run_address>
         <size>0xbb</size>
         <input_file_ref idref="fl-2"/>
      </object_component>
      <object_component id="oc-90">
         <name>.debug_info</name>
         <load_address>0x2326</load_address>
         <run_address>0x2326</run_address>
         <size>0x53</size>
         <input_file_ref idref="fl-2"/>
      </object_component>
      <object_component id="oc-10a">
         <name>.debug_info</name>
         <load_address>0x2379</load_address>
         <run_address>0x2379</run_address>
         <size>0x14c</size>
         <input_file_ref idref="fl-2"/>
      </object_component>
      <object_component id="oc-3a">
         <name>.debug_info</name>
         <load_address>0x24c5</load_address>
         <run_address>0x24c5</run_address>
         <size>0x33f</size>
         <input_file_ref idref="fl-3"/>
      </object_component>
      <object_component id="oc-13">
         <name>.debug_info</name>
         <load_address>0x2804</load_address>
         <run_address>0x2804</run_address>
         <size>0xe6</size>
         <input_file_ref idref="fl-3"/>
      </object_component>
      <object_component id="oc-28">
         <name>.debug_info</name>
         <load_address>0x28ea</load_address>
         <run_address>0x28ea</run_address>
         <size>0x265</size>
         <input_file_ref idref="fl-3"/>
      </object_component>
      <object_component id="oc-41">
         <name>.debug_info</name>
         <load_address>0x2b4f</load_address>
         <run_address>0x2b4f</run_address>
         <size>0x84</size>
         <input_file_ref idref="fl-3"/>
      </object_component>
      <object_component id="oc-2be">
         <name>.debug_info</name>
         <load_address>0x2bd3</load_address>
         <run_address>0x2bd3</run_address>
         <size>0x5ba</size>
         <input_file_ref idref="fl-5"/>
      </object_component>
      <object_component id="oc-1e5">
         <name>.debug_info</name>
         <load_address>0x318d</load_address>
         <run_address>0x318d</run_address>
         <size>0x110</size>
         <input_file_ref idref="fl-5"/>
      </object_component>
      <object_component id="oc-339">
         <name>.debug_info</name>
         <load_address>0x329d</load_address>
         <run_address>0x329d</run_address>
         <size>0x39</size>
         <input_file_ref idref="fl-5"/>
      </object_component>
      <object_component id="oc-1db">
         <name>.debug_info</name>
         <load_address>0x32d6</load_address>
         <run_address>0x32d6</run_address>
         <size>0x46</size>
         <input_file_ref idref="fl-5"/>
      </object_component>
      <object_component id="oc-33e">
         <name>.debug_info</name>
         <load_address>0x331c</load_address>
         <run_address>0x331c</run_address>
         <size>0x76</size>
         <input_file_ref idref="fl-5"/>
      </object_component>
      <object_component id="oc-1eb">
         <name>.debug_info</name>
         <load_address>0x3392</load_address>
         <run_address>0x3392</run_address>
         <size>0x2c4</size>
         <input_file_ref idref="fl-6"/>
      </object_component>
      <object_component id="oc-db">
         <name>.debug_info</name>
         <load_address>0x3656</load_address>
         <run_address>0x3656</run_address>
         <size>0x496</size>
         <input_file_ref idref="fl-6"/>
      </object_component>
      <object_component id="oc-228">
         <name>.debug_info</name>
         <load_address>0x3aec</load_address>
         <run_address>0x3aec</run_address>
         <size>0x7b6</size>
         <input_file_ref idref="fl-7"/>
      </object_component>
      <object_component id="oc-12e">
         <name>.debug_info</name>
         <load_address>0x42a2</load_address>
         <run_address>0x42a2</run_address>
         <size>0x2633</size>
         <input_file_ref idref="fl-7"/>
      </object_component>
      <object_component id="oc-2dc">
         <name>.debug_info</name>
         <load_address>0x68d5</load_address>
         <run_address>0x68d5</run_address>
         <size>0x1cd</size>
         <input_file_ref idref="fl-7"/>
      </object_component>
      <object_component id="oc-1e0">
         <name>.debug_info</name>
         <load_address>0x6aa2</load_address>
         <run_address>0x6aa2</run_address>
         <size>0x35</size>
         <input_file_ref idref="fl-7"/>
      </object_component>
      <object_component id="oc-d6">
         <name>.debug_info</name>
         <load_address>0x6ad7</load_address>
         <run_address>0x6ad7</run_address>
         <size>0x71a</size>
         <input_file_ref idref="fl-8"/>
      </object_component>
      <object_component id="oc-7a">
         <name>.debug_info</name>
         <load_address>0x71f1</load_address>
         <run_address>0x71f1</run_address>
         <size>0x2e8</size>
         <input_file_ref idref="fl-8"/>
      </object_component>
      <object_component id="oc-e6">
         <name>.debug_info</name>
         <load_address>0x74d9</load_address>
         <run_address>0x74d9</run_address>
         <size>0xe4</size>
         <input_file_ref idref="fl-8"/>
      </object_component>
      <object_component id="oc-f8">
         <name>.debug_info</name>
         <load_address>0x75bd</load_address>
         <run_address>0x75bd</run_address>
         <size>0xe4</size>
         <input_file_ref idref="fl-8"/>
      </object_component>
      <object_component id="oc-fb">
         <name>.debug_info</name>
         <load_address>0x76a1</load_address>
         <run_address>0x76a1</run_address>
         <size>0xe4</size>
         <input_file_ref idref="fl-8"/>
      </object_component>
      <object_component id="oc-e9">
         <name>.debug_info</name>
         <load_address>0x7785</load_address>
         <run_address>0x7785</run_address>
         <size>0x126</size>
         <input_file_ref idref="fl-8"/>
      </object_component>
      <object_component id="oc-e3">
         <name>.debug_info</name>
         <load_address>0x78ab</load_address>
         <run_address>0x78ab</run_address>
         <size>0xe4</size>
         <input_file_ref idref="fl-8"/>
      </object_component>
      <object_component id="oc-fe">
         <name>.debug_info</name>
         <load_address>0x798f</load_address>
         <run_address>0x798f</run_address>
         <size>0xf2</size>
         <input_file_ref idref="fl-8"/>
      </object_component>
      <object_component id="oc-e0">
         <name>.debug_info</name>
         <load_address>0x7a81</load_address>
         <run_address>0x7a81</run_address>
         <size>0xe6</size>
         <input_file_ref idref="fl-8"/>
      </object_component>
      <object_component id="oc-80">
         <name>.debug_info</name>
         <load_address>0x7b67</load_address>
         <run_address>0x7b67</run_address>
         <size>0x403b</size>
         <input_file_ref idref="fl-8"/>
      </object_component>
      <object_component id="oc-1d6">
         <name>.debug_info</name>
         <load_address>0xbba2</load_address>
         <run_address>0xbba2</run_address>
         <size>0x169</size>
         <input_file_ref idref="fl-8"/>
      </object_component>
      <object_component id="oc-20f">
         <name>.debug_info</name>
         <load_address>0xbd0b</load_address>
         <run_address>0xbd0b</run_address>
         <size>0x7d1</size>
         <input_file_ref idref="fl-9"/>
      </object_component>
      <object_component id="oc-206">
         <name>.debug_info</name>
         <load_address>0xc4dc</load_address>
         <run_address>0xc4dc</run_address>
         <size>0xe5</size>
         <input_file_ref idref="fl-9"/>
      </object_component>
      <object_component id="oc-209">
         <name>.debug_info</name>
         <load_address>0xc5c1</load_address>
         <run_address>0xc5c1</run_address>
         <size>0xe5</size>
         <input_file_ref idref="fl-9"/>
      </object_component>
      <object_component id="oc-20c">
         <name>.debug_info</name>
         <load_address>0xc6a6</load_address>
         <run_address>0xc6a6</run_address>
         <size>0x11d</size>
         <input_file_ref idref="fl-9"/>
      </object_component>
      <object_component id="oc-203">
         <name>.debug_info</name>
         <load_address>0xc7c3</load_address>
         <run_address>0xc7c3</run_address>
         <size>0xd9</size>
         <input_file_ref idref="fl-9"/>
      </object_component>
      <object_component id="oc-f2">
         <name>.debug_info</name>
         <load_address>0xc89c</load_address>
         <run_address>0xc89c</run_address>
         <size>0x1594</size>
         <input_file_ref idref="fl-9"/>
      </object_component>
      <object_component id="oc-210">
         <name>.debug_info</name>
         <load_address>0xde30</load_address>
         <run_address>0xde30</run_address>
         <size>0x1ce</size>
         <input_file_ref idref="fl-9"/>
      </object_component>
      <object_component id="oc-8a">
         <name>.debug_info</name>
         <load_address>0xdffe</load_address>
         <run_address>0xdffe</run_address>
         <size>0x3a4</size>
         <input_file_ref idref="fl-a"/>
      </object_component>
      <object_component id="oc-7d">
         <name>.debug_info</name>
         <load_address>0xe3a2</load_address>
         <run_address>0xe3a2</run_address>
         <size>0x112</size>
         <input_file_ref idref="fl-a"/>
      </object_component>
      <object_component id="oc-87">
         <name>.debug_info</name>
         <load_address>0xe4b4</load_address>
         <run_address>0xe4b4</run_address>
         <size>0xf9</size>
         <input_file_ref idref="fl-a"/>
      </object_component>
      <object_component id="oc-35">
         <name>.debug_info</name>
         <load_address>0xe5ad</load_address>
         <run_address>0xe5ad</run_address>
         <size>0x6a9</size>
         <input_file_ref idref="fl-a"/>
      </object_component>
      <object_component id="oc-2f">
         <name>.debug_info</name>
         <load_address>0xec56</load_address>
         <run_address>0xec56</run_address>
         <size>0x247</size>
         <input_file_ref idref="fl-b"/>
      </object_component>
      <object_component id="oc-201">
         <name>.debug_info</name>
         <load_address>0xee9d</load_address>
         <run_address>0xee9d</run_address>
         <size>0x36d</size>
         <input_file_ref idref="fl-c"/>
      </object_component>
      <object_component id="oc-1fb">
         <name>.debug_info</name>
         <load_address>0xf20a</load_address>
         <run_address>0xf20a</run_address>
         <size>0xe0</size>
         <input_file_ref idref="fl-c"/>
      </object_component>
      <object_component id="oc-1f8">
         <name>.debug_info</name>
         <load_address>0xf2ea</load_address>
         <run_address>0xf2ea</run_address>
         <size>0xe0</size>
         <input_file_ref idref="fl-c"/>
      </object_component>
      <object_component id="oc-1fe">
         <name>.debug_info</name>
         <load_address>0xf3ca</load_address>
         <run_address>0xf3ca</run_address>
         <size>0xdc</size>
         <input_file_ref idref="fl-c"/>
      </object_component>
      <object_component id="oc-1f5">
         <name>.debug_info</name>
         <load_address>0xf4a6</load_address>
         <run_address>0xf4a6</run_address>
         <size>0xfa</size>
         <input_file_ref idref="fl-c"/>
      </object_component>
      <object_component id="oc-ed">
         <name>.debug_info</name>
         <load_address>0xf5a0</load_address>
         <run_address>0xf5a0</run_address>
         <size>0x588</size>
         <input_file_ref idref="fl-c"/>
      </object_component>
      <object_component id="oc-2c5">
         <name>.debug_info</name>
         <load_address>0xfb28</load_address>
         <run_address>0xfb28</run_address>
         <size>0x62</size>
         <input_file_ref idref="fl-c"/>
      </object_component>
      <object_component id="oc-250">
         <name>.debug_info</name>
         <load_address>0xfb8a</load_address>
         <run_address>0xfb8a</run_address>
         <size>0x2e8</size>
         <input_file_ref idref="fl-d"/>
      </object_component>
      <object_component id="oc-24d">
         <name>.debug_info</name>
         <load_address>0xfe72</load_address>
         <run_address>0xfe72</run_address>
         <size>0x122</size>
         <input_file_ref idref="fl-d"/>
      </object_component>
      <object_component id="oc-13f">
         <name>.debug_info</name>
         <load_address>0xff94</load_address>
         <run_address>0xff94</run_address>
         <size>0x3e7</size>
         <input_file_ref idref="fl-d"/>
      </object_component>
      <object_component id="oc-24b">
         <name>.debug_info</name>
         <load_address>0x1037b</load_address>
         <run_address>0x1037b</run_address>
         <size>0x399</size>
         <input_file_ref idref="fl-e"/>
      </object_component>
      <object_component id="oc-138">
         <name>.debug_info</name>
         <load_address>0x10714</load_address>
         <run_address>0x10714</run_address>
         <size>0x661</size>
         <input_file_ref idref="fl-e"/>
      </object_component>
      <object_component id="oc-25e">
         <name>.debug_info</name>
         <load_address>0x10d75</load_address>
         <run_address>0x10d75</run_address>
         <size>0x240</size>
         <input_file_ref idref="fl-14"/>
      </object_component>
      <object_component id="oc-2fc">
         <name>.debug_info</name>
         <load_address>0x10fb5</load_address>
         <run_address>0x10fb5</run_address>
         <size>0x167</size>
         <input_file_ref idref="fl-14"/>
      </object_component>
      <object_component id="oc-2ff">
         <name>.debug_info</name>
         <load_address>0x1111c</load_address>
         <run_address>0x1111c</run_address>
         <size>0x169</size>
         <input_file_ref idref="fl-14"/>
      </object_component>
      <object_component id="oc-25b">
         <name>.debug_info</name>
         <load_address>0x11285</load_address>
         <run_address>0x11285</run_address>
         <size>0x15b</size>
         <input_file_ref idref="fl-14"/>
      </object_component>
      <object_component id="oc-23f">
         <name>.debug_info</name>
         <load_address>0x113e0</load_address>
         <run_address>0x113e0</run_address>
         <size>0x2a3</size>
         <input_file_ref idref="fl-14"/>
      </object_component>
      <object_component id="oc-254">
         <name>.debug_info</name>
         <load_address>0x11683</load_address>
         <run_address>0x11683</run_address>
         <size>0x2b3</size>
         <input_file_ref idref="fl-14"/>
      </object_component>
      <object_component id="oc-233">
         <name>.debug_info</name>
         <load_address>0x11936</load_address>
         <run_address>0x11936</run_address>
         <size>0x316</size>
         <input_file_ref idref="fl-14"/>
      </object_component>
      <object_component id="oc-14a">
         <name>.debug_info</name>
         <load_address>0x11c4c</load_address>
         <run_address>0x11c4c</run_address>
         <size>0x27b</size>
         <input_file_ref idref="fl-14"/>
      </object_component>
      <object_component id="oc-162">
         <name>.debug_info</name>
         <load_address>0x11ec7</load_address>
         <run_address>0x11ec7</run_address>
         <size>0x2b7</size>
         <input_file_ref idref="fl-14"/>
      </object_component>
      <object_component id="oc-239">
         <name>.debug_info</name>
         <load_address>0x1217e</load_address>
         <run_address>0x1217e</run_address>
         <size>0x289</size>
         <input_file_ref idref="fl-14"/>
      </object_component>
      <object_component id="oc-245">
         <name>.debug_info</name>
         <load_address>0x12407</load_address>
         <run_address>0x12407</run_address>
         <size>0x27b</size>
         <input_file_ref idref="fl-14"/>
      </object_component>
      <object_component id="oc-150">
         <name>.debug_info</name>
         <load_address>0x12682</load_address>
         <run_address>0x12682</run_address>
         <size>0x280</size>
         <input_file_ref idref="fl-14"/>
      </object_component>
      <object_component id="oc-271">
         <name>.debug_info</name>
         <load_address>0x12902</load_address>
         <run_address>0x12902</run_address>
         <size>0x298</size>
         <input_file_ref idref="fl-14"/>
      </object_component>
      <object_component id="oc-17a">
         <name>.debug_info</name>
         <load_address>0x12b9a</load_address>
         <run_address>0x12b9a</run_address>
         <size>0x2bb</size>
         <input_file_ref idref="fl-14"/>
      </object_component>
      <object_component id="oc-18d">
         <name>.debug_info</name>
         <load_address>0x12e55</load_address>
         <run_address>0x12e55</run_address>
         <size>0x27f</size>
         <input_file_ref idref="fl-14"/>
      </object_component>
      <object_component id="oc-174">
         <name>.debug_info</name>
         <load_address>0x130d4</load_address>
         <run_address>0x130d4</run_address>
         <size>0x2cf</size>
         <input_file_ref idref="fl-14"/>
      </object_component>
      <object_component id="oc-180">
         <name>.debug_info</name>
         <load_address>0x133a3</load_address>
         <run_address>0x133a3</run_address>
         <size>0x28f</size>
         <input_file_ref idref="fl-14"/>
      </object_component>
      <object_component id="oc-168">
         <name>.debug_info</name>
         <load_address>0x13632</load_address>
         <run_address>0x13632</run_address>
         <size>0x291</size>
         <input_file_ref idref="fl-14"/>
      </object_component>
      <object_component id="oc-16e">
         <name>.debug_info</name>
         <load_address>0x138c3</load_address>
         <run_address>0x138c3</run_address>
         <size>0x28d</size>
         <input_file_ref idref="fl-14"/>
      </object_component>
      <object_component id="oc-22c">
         <name>.debug_info</name>
         <load_address>0x13b50</load_address>
         <run_address>0x13b50</run_address>
         <size>0x18b</size>
         <input_file_ref idref="fl-14"/>
      </object_component>
      <object_component id="oc-306">
         <name>.debug_info</name>
         <load_address>0x13cdb</load_address>
         <run_address>0x13cdb</run_address>
         <size>0x20e</size>
         <input_file_ref idref="fl-15"/>
      </object_component>
      <object_component id="oc-308">
         <name>.debug_info</name>
         <load_address>0x13ee9</load_address>
         <run_address>0x13ee9</run_address>
         <size>0x210</size>
         <input_file_ref idref="fl-15"/>
      </object_component>
      <object_component id="oc-303">
         <name>.debug_info</name>
         <load_address>0x140f9</load_address>
         <run_address>0x140f9</run_address>
         <size>0x157</size>
         <input_file_ref idref="fl-15"/>
      </object_component>
      <object_component id="oc-279">
         <name>.debug_info</name>
         <load_address>0x14250</load_address>
         <run_address>0x14250</run_address>
         <size>0x2c1</size>
         <input_file_ref idref="fl-15"/>
      </object_component>
      <object_component id="oc-27f">
         <name>.debug_info</name>
         <load_address>0x14511</load_address>
         <run_address>0x14511</run_address>
         <size>0x268</size>
         <input_file_ref idref="fl-15"/>
      </object_component>
      <object_component id="oc-252">
         <name>.debug_info</name>
         <load_address>0x14779</load_address>
         <run_address>0x14779</run_address>
         <size>0x298</size>
         <input_file_ref idref="fl-16"/>
      </object_component>
      <object_component id="oc-292">
         <name>.debug_info</name>
         <load_address>0x14a11</load_address>
         <run_address>0x14a11</run_address>
         <size>0x14d</size>
         <input_file_ref idref="fl-16"/>
      </object_component>
      <object_component id="oc-295">
         <name>.debug_info</name>
         <load_address>0x14b5e</load_address>
         <run_address>0x14b5e</run_address>
         <size>0x159</size>
         <input_file_ref idref="fl-16"/>
      </object_component>
      <object_component id="oc-30c">
         <name>.debug_info</name>
         <load_address>0x14cb7</load_address>
         <run_address>0x14cb7</run_address>
         <size>0x153</size>
         <input_file_ref idref="fl-16"/>
      </object_component>
      <object_component id="oc-298">
         <name>.debug_info</name>
         <load_address>0x14e0a</load_address>
         <run_address>0x14e0a</run_address>
         <size>0x160</size>
         <input_file_ref idref="fl-16"/>
      </object_component>
      <object_component id="oc-15c">
         <name>.debug_info</name>
         <load_address>0x14f6a</load_address>
         <run_address>0x14f6a</run_address>
         <size>0x27f</size>
         <input_file_ref idref="fl-16"/>
      </object_component>
      <object_component id="oc-144">
         <name>.debug_info</name>
         <load_address>0x151e9</load_address>
         <run_address>0x151e9</run_address>
         <size>0x27d</size>
         <input_file_ref idref="fl-16"/>
      </object_component>
      <object_component id="oc-286">
         <name>.debug_info</name>
         <load_address>0x15466</load_address>
         <run_address>0x15466</run_address>
         <size>0x270</size>
         <input_file_ref idref="fl-16"/>
      </object_component>
      <object_component id="oc-28c">
         <name>.debug_info</name>
         <load_address>0x156d6</load_address>
         <run_address>0x156d6</run_address>
         <size>0x2ba</size>
         <input_file_ref idref="fl-16"/>
      </object_component>
      <object_component id="oc-186">
         <name>.debug_info</name>
         <load_address>0x15990</load_address>
         <run_address>0x15990</run_address>
         <size>0x49a</size>
         <input_file_ref idref="fl-16"/>
      </object_component>
      <object_component id="oc-2ef">
         <name>.debug_info</name>
         <load_address>0x15e2a</load_address>
         <run_address>0x15e2a</run_address>
         <size>0x5f</size>
         <input_file_ref idref="fl-16"/>
      </object_component>
      <object_component id="oc-231">
         <name>.debug_info</name>
         <load_address>0x15e89</load_address>
         <run_address>0x15e89</run_address>
         <size>0x227</size>
         <input_file_ref idref="fl-17"/>
      </object_component>
      <object_component id="oc-266">
         <name>.debug_info</name>
         <load_address>0x160b0</load_address>
         <run_address>0x160b0</run_address>
         <size>0x247</size>
         <input_file_ref idref="fl-17"/>
      </object_component>
      <object_component id="oc-260">
         <name>.debug_info</name>
         <load_address>0x162f7</load_address>
         <run_address>0x162f7</run_address>
         <size>0x249</size>
         <input_file_ref idref="fl-17"/>
      </object_component>
      <object_component id="oc-157">
         <name>.debug_info</name>
         <load_address>0x16540</load_address>
         <run_address>0x16540</run_address>
         <size>0x326</size>
         <input_file_ref idref="fl-17"/>
      </object_component>
      <object_component id="oc-133">
         <name>.debug_info</name>
         <load_address>0x16866</load_address>
         <run_address>0x16866</run_address>
         <size>0x273</size>
         <input_file_ref idref="fl-17"/>
      </object_component>
      <object_component id="oc-49">
         <name>.debug_info</name>
         <load_address>0x16ad9</load_address>
         <run_address>0x16ad9</run_address>
         <size>0x119</size>
         <input_file_ref idref="fl-ce"/>
      </object_component>
      <object_component id="oc-b9">
         <name>.debug_info</name>
         <load_address>0x16bf2</load_address>
         <run_address>0x16bf2</run_address>
         <size>0x147</size>
         <input_file_ref idref="fl-cf"/>
      </object_component>
      <object_component id="oc-b5">
         <name>.debug_info</name>
         <load_address>0x16d39</load_address>
         <run_address>0x16d39</run_address>
         <size>0x2d4</size>
         <input_file_ref idref="fl-d0"/>
      </object_component>
      <object_component id="oc-5b">
         <name>.debug_info</name>
         <load_address>0x1700d</load_address>
         <run_address>0x1700d</run_address>
         <size>0x1b5</size>
         <input_file_ref idref="fl-d0"/>
      </object_component>
      <object_component id="oc-b0">
         <name>.debug_info</name>
         <load_address>0x171c2</load_address>
         <run_address>0x171c2</run_address>
         <size>0x46</size>
         <input_file_ref idref="fl-d0"/>
      </object_component>
      <object_component id="oc-122">
         <name>.debug_info</name>
         <load_address>0x17208</load_address>
         <run_address>0x17208</run_address>
         <size>0x2c</size>
         <input_file_ref idref="fl-d0"/>
      </object_component>
      <object_component id="oc-51">
         <name>.debug_info</name>
         <load_address>0x17234</load_address>
         <run_address>0x17234</run_address>
         <size>0x2a8</size>
         <input_file_ref idref="fl-d1"/>
      </object_component>
      <object_component id="oc-1e">
         <name>.debug_info</name>
         <load_address>0x174dc</load_address>
         <run_address>0x174dc</run_address>
         <size>0x1ea</size>
         <input_file_ref idref="fl-d1"/>
      </object_component>
      <object_component id="oc-4c">
         <name>.debug_info</name>
         <load_address>0x176c6</load_address>
         <run_address>0x176c6</run_address>
         <size>0x46</size>
         <input_file_ref idref="fl-d1"/>
      </object_component>
      <object_component id="oc-a8">
         <name>.debug_info</name>
         <load_address>0x1770c</load_address>
         <run_address>0x1770c</run_address>
         <size>0x2c</size>
         <input_file_ref idref="fl-d1"/>
      </object_component>
      <object_component id="oc-a6">
         <name>.debug_info</name>
         <load_address>0x17738</load_address>
         <run_address>0x17738</run_address>
         <size>0x29e</size>
         <input_file_ref idref="fl-d2"/>
      </object_component>
      <object_component id="oc-17">
         <name>.debug_info</name>
         <load_address>0x179d6</load_address>
         <run_address>0x179d6</run_address>
         <size>0x250</size>
         <input_file_ref idref="fl-d2"/>
      </object_component>
      <object_component id="oc-3c">
         <name>.debug_info</name>
         <load_address>0x17c26</load_address>
         <run_address>0x17c26</run_address>
         <size>0x60</size>
         <input_file_ref idref="fl-d2"/>
      </object_component>
      <object_component id="oc-11b">
         <name>.debug_info</name>
         <load_address>0x17c86</load_address>
         <run_address>0x17c86</run_address>
         <size>0x46</size>
         <input_file_ref idref="fl-d2"/>
      </object_component>
      <object_component id="oc-a1">
         <name>.debug_info</name>
         <load_address>0x17ccc</load_address>
         <run_address>0x17ccc</run_address>
         <size>0x39</size>
         <input_file_ref idref="fl-d2"/>
      </object_component>
      <object_component id="oc-25">
         <name>.debug_info</name>
         <load_address>0x17d05</load_address>
         <run_address>0x17d05</run_address>
         <size>0x10b</size>
         <input_file_ref idref="fl-d3"/>
      </object_component>
      <object_component id="oc-68">
         <name>.debug_info</name>
         <load_address>0x17e10</load_address>
         <run_address>0x17e10</run_address>
         <size>0x1a9</size>
         <input_file_ref idref="fl-d3"/>
      </object_component>
      <object_component id="oc-2a9">
         <name>.debug_info</name>
         <load_address>0x17fb9</load_address>
         <run_address>0x17fb9</run_address>
         <size>0x4b3</size>
         <input_file_ref idref="fl-d4"/>
      </object_component>
      <object_component id="oc-1a4">
         <name>.debug_info</name>
         <load_address>0x1846c</load_address>
         <run_address>0x1846c</run_address>
         <size>0x1a6</size>
         <input_file_ref idref="fl-d4"/>
      </object_component>
      <object_component id="oc-326">
         <name>.debug_info</name>
         <load_address>0x18612</load_address>
         <run_address>0x18612</run_address>
         <size>0x39</size>
         <input_file_ref idref="fl-d4"/>
      </object_component>
      <object_component id="oc-352">
         <name>.debug_info</name>
         <load_address>0x1864b</load_address>
         <run_address>0x1864b</run_address>
         <size>0x39</size>
         <input_file_ref idref="fl-d4"/>
      </object_component>
      <object_component id="oc-32b">
         <name>.debug_info</name>
         <load_address>0x18684</load_address>
         <run_address>0x18684</run_address>
         <size>0x39</size>
         <input_file_ref idref="fl-d4"/>
      </object_component>
      <object_component id="oc-330">
         <name>.debug_info</name>
         <load_address>0x186bd</load_address>
         <run_address>0x186bd</run_address>
         <size>0xcd</size>
         <input_file_ref idref="fl-d4"/>
      </object_component>
      <object_component id="oc-bf">
         <name>.debug_info</name>
         <load_address>0x1878a</load_address>
         <run_address>0x1878a</run_address>
         <size>0x153</size>
         <input_file_ref idref="fl-d5"/>
      </object_component>
      <object_component id="oc-198">
         <name>.debug_info</name>
         <load_address>0x188dd</load_address>
         <run_address>0x188dd</run_address>
         <size>0x122</size>
         <input_file_ref idref="fl-d7"/>
      </object_component>
      <object_component id="oc-38e">
         <name>.debug_info</name>
         <load_address>0x189ff</load_address>
         <run_address>0x189ff</run_address>
         <size>0x98</size>
      </object_component>
      <object_component id="oc-21c">
         <name>.debug_line</name>
         <load_address>0x0</load_address>
         <run_address>0x0</run_address>
         <size>0x227</size>
         <input_file_ref idref="fl-2"/>
      </object_component>
      <object_component id="oc-29d">
         <name>.debug_line</name>
         <load_address>0x227</load_address>
         <run_address>0x227</run_address>
         <size>0x39</size>
         <input_file_ref idref="fl-2"/>
      </object_component>
      <object_component id="oc-c3">
         <name>.debug_line</name>
         <load_address>0x260</load_address>
         <run_address>0x260</run_address>
         <size>0x1f0</size>
         <input_file_ref idref="fl-2"/>
      </object_component>
      <object_component id="oc-104">
         <name>.debug_line</name>
         <load_address>0x450</load_address>
         <run_address>0x450</run_address>
         <size>0x70</size>
         <input_file_ref idref="fl-2"/>
      </object_component>
      <object_component id="oc-9f">
         <name>.debug_line</name>
         <load_address>0x4c0</load_address>
         <run_address>0x4c0</run_address>
         <size>0x6f</size>
         <input_file_ref idref="fl-2"/>
      </object_component>
      <object_component id="oc-114">
         <name>.debug_line</name>
         <load_address>0x52f</load_address>
         <run_address>0x52f</run_address>
         <size>0x20</size>
         <input_file_ref idref="fl-2"/>
      </object_component>
      <object_component id="oc-225">
         <name>.debug_line</name>
         <load_address>0x54f</load_address>
         <run_address>0x54f</run_address>
         <size>0x71</size>
         <input_file_ref idref="fl-2"/>
      </object_component>
      <object_component id="oc-220">
         <name>.debug_line</name>
         <load_address>0x5c0</load_address>
         <run_address>0x5c0</run_address>
         <size>0x72</size>
         <input_file_ref idref="fl-2"/>
      </object_component>
      <object_component id="oc-8e">
         <name>.debug_line</name>
         <load_address>0x632</load_address>
         <run_address>0x632</run_address>
         <size>0x74</size>
         <input_file_ref idref="fl-2"/>
      </object_component>
      <object_component id="oc-119">
         <name>.debug_line</name>
         <load_address>0x6a6</load_address>
         <run_address>0x6a6</run_address>
         <size>0x73</size>
         <input_file_ref idref="fl-2"/>
      </object_component>
      <object_component id="oc-9a">
         <name>.debug_line</name>
         <load_address>0x719</load_address>
         <run_address>0x719</run_address>
         <size>0x70</size>
         <input_file_ref idref="fl-2"/>
      </object_component>
      <object_component id="oc-93">
         <name>.debug_line</name>
         <load_address>0x789</load_address>
         <run_address>0x789</run_address>
         <size>0x83</size>
         <input_file_ref idref="fl-2"/>
      </object_component>
      <object_component id="oc-10d">
         <name>.debug_line</name>
         <load_address>0x80c</load_address>
         <run_address>0x80c</run_address>
         <size>0x70</size>
         <input_file_ref idref="fl-2"/>
      </object_component>
      <object_component id="oc-96">
         <name>.debug_line</name>
         <load_address>0x87c</load_address>
         <run_address>0x87c</run_address>
         <size>0x42</size>
         <input_file_ref idref="fl-3"/>
      </object_component>
      <object_component id="oc-39">
         <name>.debug_line</name>
         <load_address>0x8be</load_address>
         <run_address>0x8be</run_address>
         <size>0x42</size>
         <input_file_ref idref="fl-3"/>
      </object_component>
      <object_component id="oc-2b">
         <name>.debug_line</name>
         <load_address>0x900</load_address>
         <run_address>0x900</run_address>
         <size>0x9c</size>
         <input_file_ref idref="fl-3"/>
      </object_component>
      <object_component id="oc-44">
         <name>.debug_line</name>
         <load_address>0x99c</load_address>
         <run_address>0x99c</run_address>
         <size>0x20</size>
         <input_file_ref idref="fl-3"/>
      </object_component>
      <object_component id="oc-338">
         <name>.debug_line</name>
         <load_address>0x9bc</load_address>
         <run_address>0x9bc</run_address>
         <size>0x177</size>
         <input_file_ref idref="fl-5"/>
      </object_component>
      <object_component id="oc-1e8">
         <name>.debug_line</name>
         <load_address>0xb33</load_address>
         <run_address>0xb33</run_address>
         <size>0x6b</size>
         <input_file_ref idref="fl-5"/>
      </object_component>
      <object_component id="oc-33c">
         <name>.debug_line</name>
         <load_address>0xb9e</load_address>
         <run_address>0xb9e</run_address>
         <size>0x78</size>
         <input_file_ref idref="fl-5"/>
      </object_component>
      <object_component id="oc-1de">
         <name>.debug_line</name>
         <load_address>0xc16</load_address>
         <run_address>0xc16</run_address>
         <size>0x72</size>
         <input_file_ref idref="fl-5"/>
      </object_component>
      <object_component id="oc-341">
         <name>.debug_line</name>
         <load_address>0xc88</load_address>
         <run_address>0xc88</run_address>
         <size>0x3e</size>
         <input_file_ref idref="fl-5"/>
      </object_component>
      <object_component id="oc-2c0">
         <name>.debug_line</name>
         <load_address>0xcc6</load_address>
         <run_address>0xcc6</run_address>
         <size>0x20</size>
         <input_file_ref idref="fl-6"/>
      </object_component>
      <object_component id="oc-de">
         <name>.debug_line</name>
         <load_address>0xce6</load_address>
         <run_address>0xce6</run_address>
         <size>0xec</size>
         <input_file_ref idref="fl-6"/>
      </object_component>
      <object_component id="oc-2db">
         <name>.debug_line</name>
         <load_address>0xdd2</load_address>
         <run_address>0xdd2</run_address>
         <size>0x18e</size>
         <input_file_ref idref="fl-7"/>
      </object_component>
      <object_component id="oc-12d">
         <name>.debug_line</name>
         <load_address>0xf60</load_address>
         <run_address>0xf60</run_address>
         <size>0x68f</size>
         <input_file_ref idref="fl-7"/>
      </object_component>
      <object_component id="oc-2df">
         <name>.debug_line</name>
         <load_address>0x15ef</load_address>
         <run_address>0x15ef</run_address>
         <size>0x37</size>
         <input_file_ref idref="fl-7"/>
      </object_component>
      <object_component id="oc-1e3">
         <name>.debug_line</name>
         <load_address>0x1626</load_address>
         <run_address>0x1626</run_address>
         <size>0x74</size>
         <input_file_ref idref="fl-7"/>
      </object_component>
      <object_component id="oc-1d5">
         <name>.debug_line</name>
         <load_address>0x169a</load_address>
         <run_address>0x169a</run_address>
         <size>0x1c4</size>
         <input_file_ref idref="fl-8"/>
      </object_component>
      <object_component id="oc-d5">
         <name>.debug_line</name>
         <load_address>0x185e</load_address>
         <run_address>0x185e</run_address>
         <size>0x37</size>
         <input_file_ref idref="fl-8"/>
      </object_component>
      <object_component id="oc-1f1">
         <name>.debug_line</name>
         <load_address>0x1895</load_address>
         <run_address>0x1895</run_address>
         <size>0x37</size>
         <input_file_ref idref="fl-8"/>
      </object_component>
      <object_component id="oc-216">
         <name>.debug_line</name>
         <load_address>0x18cc</load_address>
         <run_address>0x18cc</run_address>
         <size>0x37</size>
         <input_file_ref idref="fl-8"/>
      </object_component>
      <object_component id="oc-218">
         <name>.debug_line</name>
         <load_address>0x1903</load_address>
         <run_address>0x1903</run_address>
         <size>0x37</size>
         <input_file_ref idref="fl-8"/>
      </object_component>
      <object_component id="oc-1f3">
         <name>.debug_line</name>
         <load_address>0x193a</load_address>
         <run_address>0x193a</run_address>
         <size>0x37</size>
         <input_file_ref idref="fl-8"/>
      </object_component>
      <object_component id="oc-1ef">
         <name>.debug_line</name>
         <load_address>0x1971</load_address>
         <run_address>0x1971</run_address>
         <size>0x37</size>
         <input_file_ref idref="fl-8"/>
      </object_component>
      <object_component id="oc-21a">
         <name>.debug_line</name>
         <load_address>0x19a8</load_address>
         <run_address>0x19a8</run_address>
         <size>0x37</size>
         <input_file_ref idref="fl-8"/>
      </object_component>
      <object_component id="oc-1ed">
         <name>.debug_line</name>
         <load_address>0x19df</load_address>
         <run_address>0x19df</run_address>
         <size>0x37</size>
         <input_file_ref idref="fl-8"/>
      </object_component>
      <object_component id="oc-84">
         <name>.debug_line</name>
         <load_address>0x1a16</load_address>
         <run_address>0x1a16</run_address>
         <size>0xd41</size>
         <input_file_ref idref="fl-8"/>
      </object_component>
      <object_component id="oc-1d9">
         <name>.debug_line</name>
         <load_address>0x2757</load_address>
         <run_address>0x2757</run_address>
         <size>0x37</size>
         <input_file_ref idref="fl-8"/>
      </object_component>
      <object_component id="oc-2d9">
         <name>.debug_line</name>
         <load_address>0x278e</load_address>
         <run_address>0x278e</run_address>
         <size>0x1c8</size>
         <input_file_ref idref="fl-9"/>
      </object_component>
      <object_component id="oc-2d3">
         <name>.debug_line</name>
         <load_address>0x2956</load_address>
         <run_address>0x2956</run_address>
         <size>0x38</size>
         <input_file_ref idref="fl-9"/>
      </object_component>
      <object_component id="oc-2d5">
         <name>.debug_line</name>
         <load_address>0x298e</load_address>
         <run_address>0x298e</run_address>
         <size>0x38</size>
         <input_file_ref idref="fl-9"/>
      </object_component>
      <object_component id="oc-2d7">
         <name>.debug_line</name>
         <load_address>0x29c6</load_address>
         <run_address>0x29c6</run_address>
         <size>0x38</size>
         <input_file_ref idref="fl-9"/>
      </object_component>
      <object_component id="oc-2d1">
         <name>.debug_line</name>
         <load_address>0x29fe</load_address>
         <run_address>0x29fe</run_address>
         <size>0x38</size>
         <input_file_ref idref="fl-9"/>
      </object_component>
      <object_component id="oc-f5">
         <name>.debug_line</name>
         <load_address>0x2a36</load_address>
         <run_address>0x2a36</run_address>
         <size>0x365</size>
         <input_file_ref idref="fl-9"/>
      </object_component>
      <object_component id="oc-213">
         <name>.debug_line</name>
         <load_address>0x2d9b</load_address>
         <run_address>0x2d9b</run_address>
         <size>0x38</size>
         <input_file_ref idref="fl-9"/>
      </object_component>
      <object_component id="oc-109">
         <name>.debug_line</name>
         <load_address>0x2dd3</load_address>
         <run_address>0x2dd3</run_address>
         <size>0x9c</size>
         <input_file_ref idref="fl-a"/>
      </object_component>
      <object_component id="oc-d8">
         <name>.debug_line</name>
         <load_address>0x2e6f</load_address>
         <run_address>0x2e6f</run_address>
         <size>0x4c</size>
         <input_file_ref idref="fl-a"/>
      </object_component>
      <object_component id="oc-107">
         <name>.debug_line</name>
         <load_address>0x2ebb</load_address>
         <run_address>0x2ebb</run_address>
         <size>0x4c</size>
         <input_file_ref idref="fl-a"/>
      </object_component>
      <object_component id="oc-33">
         <name>.debug_line</name>
         <load_address>0x2f07</load_address>
         <run_address>0x2f07</run_address>
         <size>0x127</size>
         <input_file_ref idref="fl-a"/>
      </object_component>
      <object_component id="oc-31">
         <name>.debug_line</name>
         <load_address>0x302e</load_address>
         <run_address>0x302e</run_address>
         <size>0xe8</size>
         <input_file_ref idref="fl-b"/>
      </object_component>
      <object_component id="oc-2cf">
         <name>.debug_line</name>
         <load_address>0x3116</load_address>
         <run_address>0x3116</run_address>
         <size>0x70</size>
         <input_file_ref idref="fl-c"/>
      </object_component>
      <object_component id="oc-2cb">
         <name>.debug_line</name>
         <load_address>0x3186</load_address>
         <run_address>0x3186</run_address>
         <size>0x49</size>
         <input_file_ref idref="fl-c"/>
      </object_component>
      <object_component id="oc-2c4">
         <name>.debug_line</name>
         <load_address>0x31cf</load_address>
         <run_address>0x31cf</run_address>
         <size>0x49</size>
         <input_file_ref idref="fl-c"/>
      </object_component>
      <object_component id="oc-2cd">
         <name>.debug_line</name>
         <load_address>0x3218</load_address>
         <run_address>0x3218</run_address>
         <size>0x49</size>
         <input_file_ref idref="fl-c"/>
      </object_component>
      <object_component id="oc-2c2">
         <name>.debug_line</name>
         <load_address>0x3261</load_address>
         <run_address>0x3261</run_address>
         <size>0x49</size>
         <input_file_ref idref="fl-c"/>
      </object_component>
      <object_component id="oc-ec">
         <name>.debug_line</name>
         <load_address>0x32aa</load_address>
         <run_address>0x32aa</run_address>
         <size>0x138</size>
         <input_file_ref idref="fl-c"/>
      </object_component>
      <object_component id="oc-2c8">
         <name>.debug_line</name>
         <load_address>0x33e2</load_address>
         <run_address>0x33e2</run_address>
         <size>0x49</size>
         <input_file_ref idref="fl-c"/>
      </object_component>
      <object_component id="oc-2ec">
         <name>.debug_line</name>
         <load_address>0x342b</load_address>
         <run_address>0x342b</run_address>
         <size>0x56</size>
         <input_file_ref idref="fl-d"/>
      </object_component>
      <object_component id="oc-2ea">
         <name>.debug_line</name>
         <load_address>0x3481</load_address>
         <run_address>0x3481</run_address>
         <size>0x75</size>
         <input_file_ref idref="fl-d"/>
      </object_component>
      <object_component id="oc-13e">
         <name>.debug_line</name>
         <load_address>0x34f6</load_address>
         <run_address>0x34f6</run_address>
         <size>0xd7</size>
         <input_file_ref idref="fl-d"/>
      </object_component>
      <object_component id="oc-2e8">
         <name>.debug_line</name>
         <load_address>0x35cd</load_address>
         <run_address>0x35cd</run_address>
         <size>0x56</size>
         <input_file_ref idref="fl-e"/>
      </object_component>
      <object_component id="oc-13b">
         <name>.debug_line</name>
         <load_address>0x3623</load_address>
         <run_address>0x3623</run_address>
         <size>0x175</size>
         <input_file_ref idref="fl-e"/>
      </object_component>
      <object_component id="oc-2f8">
         <name>.debug_line</name>
         <load_address>0x3798</load_address>
[...]
      <symbol id="sm-1b4">
         <name>vQueueDelete</name>
         <value>0x19e5</value>
         <object_component_ref idref="oc-12b"/>
      </symbol>
      <symbol id="sm-1b5">
         <name>ucQueueGetQueueType</name>
         <value>0x1a3f</value>
         <object_component_ref idref="oc-12b"/>
      </symbol>
      <symbol id="sm-341">
         <name>vTaskDelay</name>
         <value>0x1049</value>
         <object_component_ref idref="oc-7f"/>
      </symbol>
      <symbol id="sm-342">
         <name>vTaskSuspendAll</name>
         <value>0xaa5</value>
         <object_component_ref idref="oc-7f"/>
      </symbol>
      <symbol id="sm-343">
         <name>vTaskPriorityInherit</name>
         <value>0xced</value>
         <object_component_ref idref="oc-7f"/>
      </symbol>
      <symbol id="sm-344">
         <name>vTaskPlaceOnEventList</name>
         <value>0xe35</value>
         <object_component_ref idref="oc-7f"/>
      </symbol>
      <symbol id="sm-345">
         <name>vTaskSetTaskNumber</name>
         <value>0xb95</value>
         <object_component_ref idref="oc-7f"/>
      </symbol>
      <symbol id="sm-346">
         <name>uxTaskPriorityGetFromISR</name>
         <value>0x10a9</value>
         <object_component_ref idref="oc-7f"/>
      </symbol>
      <symbol id="sm-347">
         <name>ulTaskNotifyTake</name>
         <value>0x1231</value>
         <object_component_ref idref="oc-7f"/>
      </symbol>
      <symbol id="sm-348">
         <name>xTaskCheckForTimeOut</name>
         <value>0xa07</value>
         <object_component_ref idref="oc-7f"/>
      </symbol>
      <symbol id="sm-349">
         <name>xTaskRemoveFromUnorderedEventList</name>
         <value>0x445</value>
         <object_component_ref idref="oc-7f"/>
      </symbol>
      <symbol id="sm-34a">
         <name>vTaskPrioritySet</name>
         <value>0xc1d</value>
         <object_component_ref idref="oc-7f"/>
      </symbol>
      <symbol id="sm-34b">
         <name>xTaskPriorityDisinherit</name>
         <value>0x4f9</value>
         <object_component_ref idref="oc-7f"/>
      </symbol>
      <symbol id="sm-34c">
         <name>vTaskStartScheduler</name>
         <value>0xb47</value>
         <object_component_ref idref="oc-7f"/>
      </symbol>
      <symbol id="sm-34d">
         <name>xTaskNotifyStateClear</name>
         <value>0x681</value>
         <object_component_ref idref="oc-7f"/>
      </symbol>
      <symbol id="sm-34e">
         <name>pvTaskIncrementMutexHeldCount</name>
         <value>0x12bf</value>
         <object_component_ref idref="oc-7f"/>
      </symbol>
      <symbol id="sm-34f">
         <name>xTaskGenericNotify</name>
         <value>0x791</value>
         <object_component_ref idref="oc-7f"/>
      </symbol>
      <symbol id="sm-350">
         <name>vTaskDelayUntil</name>
         <value>0xfcb</value>
         <object_component_ref idref="oc-7f"/>
      </symbol>
      <symbol id="sm-351">
         <name>uxTaskGetTaskNumber</name>
         <value>0x10e5</value>
         <object_component_ref idref="oc-7f"/>
      </symbol>
      <symbol id="sm-352">
         <name>vTaskEndScheduler</name>
         <value>0xf21</value>
         <object_component_ref idref="oc-7f"/>
      </symbol>
      <symbol id="sm-353">
         <name>xTaskNotifyWait</name>
         <value>0x5c5</value>
         <object_component_ref idref="oc-7f"/>
      </symbol>
      <symbol id="sm-354">
         <name>vTaskMissedYield</name>
         <value>0xf19</value>
         <object_component_ref idref="oc-7f"/>
      </symbol>
      <symbol id="sm-355">
         <name>uxTaskGetNumberOfTasks</name>
         <value>0x1211</value>
         <object_component_ref idref="oc-7f"/>
      </symbol>
      <symbol id="sm-356">
         <name>xTaskGenericNotifyFromISR</name>
         <value>0x6e1</value>
         <object_component_ref idref="oc-7f"/>
      </symbol>
      <symbol id="sm-357">
         <name>uxTaskPriorityGet</name>
         <value>0x10c9</value>
         <object_component_ref idref="oc-7f"/>
      </symbol>
      <symbol id="sm-358">
         <name>xTaskResumeAll</name>
         <value>0x389</value>
         <object_component_ref idref="oc-7f"/>
      </symbol>
      <symbol id="sm-359">
         <name>xTaskGetTickCount</name>
         <value>0x6b1</value>
         <object_component_ref idref="oc-7f"/>
      </symbol>
      <symbol id="sm-35a">
         <name>xTaskGenericCreate</name>
         <value>0x90d</value>
         <object_component_ref idref="oc-7f"/>
      </symbol>
      <symbol id="sm-35b">
         <name>uxTaskGetSystemState</name>
         <value>0x118d</value>
         <object_component_ref idref="oc-7f"/>
      </symbol>
      <symbol id="sm-35c">
         <name>vTaskDelete</name>
         <value>0xf39</value>
         <object_component_ref idref="oc-7f"/>
      </symbol>
      <symbol id="sm-35d">
         <name>pxCurrentTCB</name>
         <value>0x2000c910</value>
         <object_component_ref idref="oc-79"/>
      </symbol>
      <symbol id="sm-35e">
         <name>vTaskNotifyGiveFromISR</name>
         <value>0xe99</value>
         <object_component_ref idref="oc-7f"/>
      </symbol>
      <symbol id="sm-35f">
         <name>vTaskSuspend</name>
         <value>0xab5</value>
         <object_component_ref idref="oc-7f"/>
      </symbol>
      <symbol id="sm-360">
         <name>xTaskGetTickCountFromISR</name>
         <value>0x6ab</value>
         <object_component_ref idref="oc-7f"/>
      </symbol>
      <symbol id="sm-361">
         <name>vTaskResume</name>
         <value>0xbb1</value>
         <object_component_ref idref="oc-7f"/>
      </symbol>
      <symbol id="sm-362">
         <name>vTaskPlaceOnEventListRestricted</name>
         <value>0xdd5</value>
         <object_component_ref idref="oc-7f"/>
      </symbol>
      <symbol id="sm-363">
         <name>vTaskSetTimeOutState</name>
         <value>0x9f9</value>
         <object_component_ref idref="oc-7f"/>
      </symbol>
      <symbol id="sm-364">
         <name>xTaskIncrementTick</name>
         <value>0x2ad</value>
         <object_component_ref idref="oc-7f"/>
      </symbol>
      <symbol id="sm-365">
         <name>vTaskSwitchContext</name>
         <value>0xa53</value>
         <object_component_ref idref="oc-7f"/>
      </symbol>
      <symbol id="sm-366">
         <name>uxTaskResetEventItemValue</name>
         <value>0x1095</value>
         <object_component_ref idref="oc-7f"/>
      </symbol>
      <symbol id="sm-367">
         <name>xTaskGetSchedulerState</name>
         <value>0x6bd</value>
         <object_component_ref idref="oc-7f"/>
      </symbol>
      <symbol id="sm-368">
         <name>xTaskResumeFromISR</name>
         <value>0x223</value>
         <object_component_ref idref="oc-7f"/>
      </symbol>
      <symbol id="sm-369">
         <name>xTaskGetCurrentTaskHandle</name>
         <value>0x6d5</value>
         <object_component_ref idref="oc-7f"/>
      </symbol>
      <symbol id="sm-36a">
         <name>vTaskPlaceOnUnorderedEventList</name>
         <value>0xd71</value>
         <object_component_ref idref="oc-7f"/>
      </symbol>
      <symbol id="sm-36b">
         <name>xTaskRemoveFromEventList</name>
         <value>0x495</value>
         <object_component_ref idref="oc-7f"/>
      </symbol>
      <symbol id="sm-3df">
         <name>xTimerCreateTimerTask</name>
         <value>0x1f69</value>
         <object_component_ref idref="oc-f1"/>
      </symbol>
      <symbol id="sm-3e0">
         <name>pcTimerGetTimerName</name>
         <value>0x2239</value>
         <object_component_ref idref="oc-f1"/>
      </symbol>
      <symbol id="sm-3e1">
         <name>xTimerIsTimerActive</name>
         <value>0x1ed5</value>
         <object_component_ref idref="oc-f1"/>
      </symbol>
      <symbol id="sm-3e2">
         <name>xTimerCreate</name>
         <value>0x1f9b</value>
         <object_component_ref idref="oc-f1"/>
      </symbol>
      <symbol id="sm-3e3">
         <name>xTimerGenericCommand</name>
         <value>0x1eed</value>
         <object_component_ref idref="oc-f1"/>
      </symbol>
      <symbol id="sm-3e4">
         <name>pvTimerGetTimerID</name>
         <value>0x1feb</value>
         <object_component_ref idref="oc-f1"/>
      </symbol>
      <symbol id="sm-3e5">
         <name>vTimerSetTimerID</name>
         <value>0x1fd5</value>
         <object_component_ref idref="oc-f1"/>
      </symbol>
      <symbol id="sm-40f">
         <name>ulMaxSyscallInterruptPriority</name>
         <value>0x3724</value>
         <object_component_ref idref="oc-7c"/>
      </symbol>
      <symbol id="sm-410">
         <name>vPortSetupTimerInterrupt</name>
         <value>0x299b</value>
         <object_component_ref idref="oc-32"/>
      </symbol>
      <symbol id="sm-411">
         <name>vPortEndScheduler</name>
         <value>0x2a09</value>
         <object_component_ref idref="oc-32"/>
      </symbol>
      <symbol id="sm-412">
         <name>xPortSysTickHandler</name>
         <value>0x2975</value>
         <object_component_ref idref="oc-32"/>
      </symbol>
      <symbol id="sm-413">
         <name>pxPortInitialiseStack</name>
         <value>0x2a0b</value>
         <object_component_ref idref="oc-32"/>
      </symbol>
      <symbol id="sm-414">
         <name>vPortExitCritical</name>
         <value>0x29df</value>
         <object_component_ref idref="oc-32"/>
      </symbol>
      <symbol id="sm-415">
         <name>xPortStartScheduler</name>
         <value>0x29a7</value>
         <object_component_ref idref="oc-32"/>
      </symbol>
      <symbol id="sm-416">
         <name>vPortEnterCritical</name>
         <value>0x29f1</value>
         <object_component_ref idref="oc-32"/>
      </symbol>
      <symbol id="sm-425">
         <name>vPortStartFirstTask</name>
         <value>0x2af9</value>
         <object_component_ref idref="oc-2d"/>
      </symbol>
      <symbol id="sm-426">
         <name>ulPortGetIPSR</name>
         <value>0x2a61</value>
         <object_component_ref idref="oc-2d"/>
      </symbol>
      <symbol id="sm-427">
         <name>vPortEnableVFP</name>
         <value>0x2b15</value>
         <object_component_ref idref="oc-2d"/>
      </symbol>
      <symbol id="sm-428">
         <name>xPortPendSVHandler</name>
         <value>0x2a79</value>
         <object_component_ref idref="oc-2d"/>
      </symbol>
      <symbol id="sm-429">
         <name>vPortSVCHandler</name>
         <value>0x2ad9</value>
         <object_component_ref idref="oc-2d"/>
      </symbol>
      <symbol id="sm-46c">
         <name>vPortInitialiseBlocks</name>
         <value>0x2863</value>
         <object_component_ref idref="oc-eb"/>
      </symbol>
      <symbol id="sm-46d">
         <name>xPortGetFreeHeapSize</name>
         <value>0x285d</value>
         <object_component_ref idref="oc-eb"/>
      </symbol>
      <symbol id="sm-46e">
         <name>pvPortMalloc</name>
         <value>0x28c5</value>
         <object_component_ref idref="oc-eb"/>
      </symbol>
      <symbol id="sm-46f">
         <name>vPortFree</name>
         <value>0x2865</value>
         <object_component_ref idref="oc-eb"/>
      </symbol>
      <symbol id="sm-491">
         <name>ButtonsInit</name>
         <value>0x2b99</value>
         <object_component_ref idref="oc-13d"/>
      </symbol>
      <symbol id="sm-492">
         <name>ButtonsPoll</name>
         <value>0x2b25</value>
         <object_component_ref idref="oc-13d"/>
      </symbol>
      <symbol id="sm-4ba">
         <name>LEDWrite</name>
         <value>0x243d</value>
         <object_component_ref idref="oc-137"/>
      </symbol>
      <symbol id="sm-4bb">
         <name>LEDRead</name>
         <value>0x24a1</value>
         <object_component_ref idref="oc-137"/>
      </symbol>
      <symbol id="sm-4bc">
         <name>PinoutSet</name>
         <value>0x2261</value>
         <object_component_ref idref="oc-137"/>
      </symbol>
      <symbol id="sm-562">
         <name>GPIOIntRegister</name>
         <value>0x315d</value>
         <object_component_ref idref="oc-173"/>
      </symbol>
      <symbol id="sm-563">
         <name>GPIOPinConfigure</name>
         <value>0x2ebd</value>
         <object_component_ref idref="oc-14f"/>
      </symbol>
      <symbol id="sm-564">
         <name>GPIOIntDisable</name>
         <value>0x31c5</value>
         <object_component_ref idref="oc-167"/>
      </symbol>
      <symbol id="sm-565">
         <name>GPIOIntEnable</name>
         <value>0x31ef</value>
         <object_component_ref idref="oc-17f"/>
      </symbol>
      <symbol id="sm-566">
         <name>GPIOIntTypeSet</name>
         <value>0x2e65</value>
         <object_component_ref idref="oc-179"/>
      </symbol>
      <symbol id="sm-567">
         <name>GPIOIntClear</name>
         <value>0x321d</value>
         <object_component_ref idref="oc-16d"/>
      </symbol>
      <symbol id="sm-568">
         <name>GPIOPinTypeUART</name>
         <value>0x31b3</value>
         <object_component_ref idref="oc-149"/>
      </symbol>
      <symbol id="sm-569">
         <name>GPIOIntStatus</name>
         <value>0x31d3</value>
         <object_component_ref idref="oc-18c"/>
      </symbol>
      <symbol id="sm-56a">
         <name>GPIOPinTypeGPIOOutput</name>
         <value>0x3175</value>
         <object_component_ref idref="oc-161"/>
      </symbol>
      <symbol id="sm-56b">
         <name>GPIOPinRead</name>
         <value>0x3223</value>
         <object_component_ref idref="oc-244"/>
      </symbol>
      <symbol id="sm-56c">
         <name>GPIODirModeSet</name>
         <value>0x30f1</value>
         <object_component_ref idref="oc-253"/>
      </symbol>
      <symbol id="sm-56d">
         <name>GPIOPinWrite</name>
         <value>0x3229</value>
         <object_component_ref idref="oc-23e"/>
      </symbol>
      <symbol id="sm-56e">
         <name>GPIOPadConfigSet</name>
         <value>0x2729</value>
         <object_component_ref idref="oc-232"/>
      </symbol>
      <symbol id="sm-56f">
         <name>GPIOPinTypeEthernetLED</name>
         <value>0x31a1</value>
         <object_component_ref idref="oc-238"/>
      </symbol>
      <symbol id="sm-5a8">
         <name>IntEnable</name>
         <value>0x2d95</value>
         <object_component_ref idref="oc-27c"/>
      </symbol>
      <symbol id="sm-5a9">
         <name>IntRegister</name>
         <value>0x3055</value>
         <object_component_ref idref="oc-276"/>
      </symbol>
      <symbol id="sm-5aa">
         <name>g_pfnRAMVectors</name>
         <value>0x20000000</value>
         <object_component_ref idref="oc-302"/>
      </symbol>
      <symbol id="sm-624">
         <name>SysCtlPeripheralEnable</name>
         <value>0x3089</value>
         <object_component_ref idref="oc-143"/>
      </symbol>
      <symbol id="sm-625">
         <name>SysCtlPeripheralReady</name>
         <value>0x301d</value>
         <object_component_ref idref="oc-15b"/>
      </symbol>
      <symbol id="sm-626">
         <name>SysCtlClockFreqSet</name>
         <value>0x2529</value>
         <object_component_ref idref="oc-185"/>
      </symbol>
      <symbol id="sm-650">
         <name>UARTConfigSetExpClk</name>
         <value>0x2f4d</value>
         <object_component_ref idref="oc-155"/>
      </symbol>
      <symbol id="sm-651">
         <name>UARTDisable</name>
         <value>0x311d</value>
         <object_component_ref idref="oc-25f"/>
      </symbol>
      <symbol id="sm-652">
         <name>UARTCharPut</name>
         <value>0x3213</value>
         <object_component_ref idref="oc-131"/>
      </symbol>
      <symbol id="sm-653">
         <name>UARTEnable</name>
         <value>0x318d</value>
         <object_component_ref idref="oc-265"/>
      </symbol>
      <symbol id="sm-66f">
         <name>memcpy</name>
         <value>0x2bf1</value>
         <object_component_ref idref="oc-46"/>
      </symbol>
      <symbol id="sm-670">
         <name>__aeabi_memcpy</name>
         <value>0x2bf1</value>
         <object_component_ref idref="oc-46"/>
      </symbol>
      <symbol id="sm-671">
         <name>__aeabi_memcpy8</name>
         <value>0x2bf1</value>
         <object_component_ref idref="oc-46"/>
      </symbol>
      <symbol id="sm-672">
         <name>__aeabi_memcpy4</name>
         <value>0x2bf1</value>
         <object_component_ref idref="oc-46"/>
      </symbol>
      <symbol id="sm-681">
         <name>__aeabi_memset</name>
         <value>0x2d1b</value>
         <object_component_ref idref="oc-b6"/>
      </symbol>
      <symbol id="sm-682">
         <name>memset</name>
         <value>0x2d21</value>
         <object_component_ref idref="oc-b6"/>
      </symbol>
      <symbol id="sm-683">
         <name>__aeabi_memset8</name>
         <value>0x2d1b</value>
         <object_component_ref idref="oc-b6"/>
      </symbol>
      <symbol id="sm-684">
         <name>__aeabi_memset4</name>
         <value>0x2d1b</value>
         <object_component_ref idref="oc-b6"/>
      </symbol>
      <symbol id="sm-685">
         <name>__aeabi_memclr8</name>
         <value>0x2d19</value>
         <object_component_ref idref="oc-b6"/>
      </symbol>
      <symbol id="sm-686">
         <name>__aeabi_memclr4</name>
         <value>0x2d19</value>
         <object_component_ref idref="oc-b6"/>
      </symbol>
      <symbol id="sm-687">
         <name>__aeabi_memclr</name>
         <value>0x2d19</value>
         <object_component_ref idref="oc-b6"/>
      </symbol>
      <symbol id="sm-69e">
         <name>__TI_zero_init</name>
         <value>0x31fb</value>
         <object_component_ref idref="oc-58"/>
      </symbol>
      <symbol id="sm-6b5">
         <name>__TI_decompress_none</name>
         <value>0x31e1</value>
         <object_component_ref idref="oc-1b"/>
      </symbol>
      <symbol id="sm-6d8">
         <name>__TI_decompress_lzss</name>
         <value>0x2dfd</value>
         <object_component_ref idref="oc-15"/>
      </symbol>
      <symbol id="sm-6eb">
         <name>__stack</name>
         <value>0x2000c710</value>
         <object_component_ref idref="oc-24"/>
      </symbol>
      <symbol id="sm-6ec">
         <name>_c_int00_noargs</name>
         <value>0x30bd</value>
         <object_component_ref idref="oc-64"/>
      </symbol>
      <symbol id="sm-714">
         <name>__TI_auto_init_nobinit_nopinit</name>
         <value>0x2fd9</value>
         <object_component_ref idref="oc-1a2"/>
      </symbol>
      <symbol id="sm-71e">
         <name>_system_pre_init</name>
         <value>0x322f</value>
         <object_component_ref idref="oc-bc"/>
      </symbol>
      <symbol id="sm-72a">
         <name>C$$EXIT</name>
         <value>0x3233</value>
         <object_component_ref idref="oc-196"/>
      </symbol>
      <symbol id="sm-72b">
         <name>abort</name>
         <value>0x3233</value>
         <object_component_ref idref="oc-196"/>
      </symbol>
      <symbol id="sm-72e">
         <name>__TI_static_base__</name>
         <value>0x0</value>
      </symbol>
      <symbol id="sm-731">
         <name>__mpu_init</name>
         <value>0x0</value>
      </symbol>
      <symbol id="sm-732">
         <name>_system_post_cinit</name>
         <value>0x0</value>
      </symbol>
   </symbol_table>
   <title>Link successful</title>
</link_info>
