******************************************************************************
                  TI ARM Linker PC v20.2.7                     
******************************************************************************
>> Linked Fri Jul  7 22:54:00 2023

OUTPUT FILE NAME:   <LAB63.out>
ENTRY POINT SYMBOL: "_c_int00_noargs"  address: 00003029


MEMORY CONFIGURATION

         name            origin    length      used     unused   attr    fill
----------------------  --------  ---------  --------  --------  ----  --------
  FLASH                 00000000   00100000  000034d6  000fcb2a  R  X
  SRAM                  20000000   00040000  0000c768  00033898  RW X


SEGMENT ALLOCATION MAP

run origin  load origin   length   init length attrs members
----------  ----------- ---------- ----------- ----- -------
00000000    00000000    000034d8   000034d8    r-x
  00000000    00000000    00000208   00000208    r-- .intvecs
  00000208    00000208    00002fae   00002fae    r-x .text
  000031b8    000031b8    000002e8   000002e8    r-- .const
  000034a0    000034a0    00000038   00000038    r-- .cinit
20000000    20000000    0000c768   00000000    rw-
  20000000    20000000    0000c518   00000000    rw- .bss
  2000c518    2000c518    00000200   00000000    rw- .stack
  2000c718    2000c718    00000050   00000000    rw- .data


SECTION ALLOCATION MAP

 output                                  attributes/
section   page    origin      length       input sections
--------  ----  ----------  ----------   ----------------
.intvecs   0    00000000    00000208     
                  00000000    00000208     tm4c129encpdt_startup_ccs.obj (.intvecs)

.text      0    00000208    00002fae     
                  00000208    00001180     tasks.obj (.text)
                  00001388    000006c4     queue.obj (.text)
                  00001a4c    00000568     FreeRtos_Example.obj (.text)
                  00001fb4    0000038c     timers.obj (.text)
                  00002340    000002c8     pinout.obj (.text)
                  00002608    00000200     driverlib.lib : sysctl.obj (.text:SysCtlClockFreqSet)
                  00002808    00000132                   : gpio.obj (.text:GPIOPadConfigSet)
                  0000293a    00000002     --HOLE-- [fill = 0]
                  0000293c    00000118     heap_2.obj (.text)
                  00002a54    000000dc     port.obj (.text)
                  00002b30    000000d2     portasm.obj (.text)
                  00002c02    0000009c     rtsv7M4_T_le_v4SPD16_eabi.lib : memcpy_t2.asm.obj (.text)
                  00002c9e    0000008c     list.obj (.text)
                  00002d2a    0000007a     driverlib.lib : adc.obj (.text:ADCSequenceStepConfigure)
                  00002da4    0000007a     rtsv7M4_T_le_v4SPD16_eabi.lib : memset_t2.asm.obj (.text)
                  00002e1e    00000068                                   : copy_decompress_lzss.c.obj (.text:decompress:lzss:__TI_decompress_lzss)
                  00002e86    00000050     driverlib.lib : adc.obj (.text:ADCSequenceConfigure)
                  00002ed6    00000002     --HOLE-- [fill = 0]
                  00002ed8    00000048                   : gpio.obj (.text:GPIOPinConfigure)
                  00002f20    00000048                   : sysctl.obj (.text:_SysCtlFrequencyGet)
                  00002f68    00000046                   : uart.obj (.text:UARTConfigSetExpClk)
                  00002fae    00000002     --HOLE-- [fill = 0]
                  00002fb0    00000044     rtsv7M4_T_le_v4SPD16_eabi.lib : autoinit.c.obj (.text:__TI_auto_init_nobinit_nopinit:__TI_auto_init_nobinit_nopinit)
                  00002ff4    00000034     driverlib.lib : sysctl.obj (.text:SysCtlPeripheralEnable)
                  00003028    00000034     rtsv7M4_T_le_v4SPD16_eabi.lib : boot_cortex_m.c.obj (.text:_c_int00_noargs:_c_int00_noargs)
                  0000305c    0000002a     driverlib.lib : gpio.obj (.text:GPIODirModeSet)
                  00003086    00000002     --HOLE-- [fill = 0]
                  00003088    00000020                   : uart.obj (.text:UARTDisable)
                  000030a8    00000020                   : sysctl.obj (.text:_SysCtlMemTimingGet)
                  000030c8    0000001e                   : adc.obj (.text:ADCSequenceDataGet)
                  000030e6    00000018                   : adc.obj (.text:ADCProcessorTrigger)
                  000030fe    00000014                   : uart.obj (.text:UARTEnable)
                  00003112    00000012                   : gpio.obj (.text:GPIOPinTypeADC)
                  00003124    00000012                   : gpio.obj (.text:GPIOPinTypeEthernetLED)
                  00003136    00000012                   : gpio.obj (.text:GPIOPinTypeUART)
                  00003148    0000000e                   : adc.obj (.text:ADCSequenceDisable)
                  00003156    0000000e                   : adc.obj (.text:ADCSequenceEnable)
                  00003164    0000000e                   : uart.obj (.text:UARTCharPutNonBlocking)
                  00003172    0000000e     rtsv7M4_T_le_v4SPD16_eabi.lib : copy_decompress_none.c.obj (.text:decompress:none:__TI_decompress_none)
                  00003180    0000000c                                   : copy_zero_init.c.obj (.text:decompress:ZI:__TI_zero_init)
                  0000318c    0000000c     tm4c129encpdt_startup_ccs.obj (.text)
                  00003198    0000000a     driverlib.lib : uart.obj (.text:UARTCharPut)
                  000031a2    00000006                   : gpio.obj (.text:GPIOPinRead)
                  000031a8    00000006                   : gpio.obj (.text:GPIOPinWrite)
                  000031ae    00000004     rtsv7M4_T_le_v4SPD16_eabi.lib : pre_init.c.obj (.text:_system_pre_init)
                  000031b2    00000004                                   : exit.c.obj (.text:abort:abort)

.const     0    000031b8    000002e8     
                  000031b8    000001b0     driverlib.lib : sysctl.obj (.const:g_pppui32XTALtoVCO)
                  00003368    00000090                   : gpio.obj (.const:g_pui32GPIOBaseAddrs)
                  000033f8    0000006c                   : sysctl.obj (.const:g_pui32Xtals)
                  00003464    00000030                   : sysctl.obj (.const:g_sXTALtoMEMTIM)
                  00003494    00000008                   : sysctl.obj (.const)
                  0000349c    00000004     port.obj (.const)

.cinit     0    000034a0    00000038     
                  000034a0    0000000f     (.cinit..data.load) [load image, compression = lzss]
                  000034af    00000001     --HOLE-- [fill = 0]
                  000034b0    0000000c     (__TI_handler_table)
                  000034bc    00000004     --HOLE-- [fill = 0]
                  000034c0    00000008     (.cinit..bss.load) [load image, compression = zero_init]
                  000034c8    00000010     (__TI_cinit_table)

.init_array 
*          0    00000000    00000000     UNINITIALIZED

.bss       0    20000000    0000c518     UNINITIALIZED
                  20000000    0000c350     heap_2.obj (.bss:ucHeap)
                  2000c350    00000064     tasks.obj (.bss:pxReadyTasksLists)
                  2000c3b4    00000040     (.common:xQueueRegistry)
                  2000c3f4    00000020     (.common:ADC0S0Value)
                  2000c414    00000020     (.common:ADC0S1Value)
                  2000c434    00000020     (.common:ADC0S2Value)
                  2000c454    00000014     timers.obj (.bss:xActiveTimerList1)
                  2000c468    00000014     timers.obj (.bss:xActiveTimerList2)
                  2000c47c    00000014     tasks.obj (.bss:xDelayedTaskList1)
                  2000c490    00000014     tasks.obj (.bss:xDelayedTaskList2)
                  2000c4a4    00000014     tasks.obj (.bss:xPendingReadyList)
                  2000c4b8    00000014     tasks.obj (.bss:xSuspendedTaskList)
                  2000c4cc    00000014     tasks.obj (.bss:xTasksWaitingTermination)
                  2000c4e0    0000000c     (.common:acc)
                  2000c4ec    00000008     tasks.obj (.bss)
                  2000c4f4    00000008     timers.obj (.bss)
                  2000c4fc    00000008     heap_2.obj (.bss:xEnd)
                  2000c504    00000008     heap_2.obj (.bss:xStart)
                  2000c50c    00000008     (.common:joystick)
                  2000c514    00000004     (.common:micValue)

.data      0    2000c718    00000050     UNINITIALIZED
                  2000c718    00000030     tasks.obj (.data)
                  2000c748    0000000c     FreeRtos_Example.obj (.data)
                  2000c754    00000008     heap_2.obj (.data)
                  2000c75c    00000008     timers.obj (.data)
                  2000c764    00000004     port.obj (.data)

.stack     0    2000c518    00000200     UNINITIALIZED
                  2000c518    00000004     rtsv7M4_T_le_v4SPD16_eabi.lib : boot_cortex_m.c.obj (.stack)
                  2000c51c    000001fc     --HOLE--

__llvm_prf_cnts 
*          0    20000000    00000000     UNINITIALIZED

MODULE SUMMARY

       Module                          code    ro data   rw data
       ------                          ----    -------   -------
    .\
       FreeRtos_Example.obj            1384    0         132    
       tm4c129encpdt_startup_ccs.obj   12      520       0      
    +--+-------------------------------+-------+---------+---------+
       Total:                          1396    520       132    
                                                                
    .\FreeRTOS\
       tasks.obj                       4480    0         256    
       queue.obj                       1732    0         64     
       timers.obj                      908     0         56     
       list.obj                        140     0         0      
    +--+-------------------------------+-------+---------+---------+
       Total:                          7260    0         376    
                                                                
    .\FreeRTOS\portable\CCS\ARM_CM4F\
       port.obj                        220     4         4      
       portasm.obj                     210     0         0      
    +--+-------------------------------+-------+---------+---------+
       Total:                          430     4         4      
                                                                
    .\FreeRTOS\portable\MemMang\
       heap_2.obj                      280     0         50024  
    +--+-------------------------------+-------+---------+---------+
       Total:                          280     0         50024  
                                                                
    .\drivers\
       pinout.obj                      712     0         0      
    +--+-------------------------------+-------+---------+---------+
       Total:                          712     0         0      
                                                                
    C:/ti/tivaware_c_series_2_1_4_178/driverlib/ccs/Debug/driverlib.lib
       sysctl.obj                      668     596       0      
       gpio.obj                        486     144       0      
       adc.obj                         284     0         0      
       uart.obj                        146     0         0      
    +--+-------------------------------+-------+---------+---------+
       Total:                          1584    740       0      
                                                                
    C:\ti\ccs1210\ccs\tools\compiler\ti-cgt-arm_20.2.7.LTS\lib\rtsv7M4_T_le_v4SPD16_eabi.lib
       memcpy_t2.asm.obj               156     0         0      
       memset_t2.asm.obj               122     0         0      
       copy_decompress_lzss.c.obj      104     0         0      
       autoinit.c.obj                  68      0         0      
       boot_cortex_m.c.obj             52      0         0      
       copy_decompress_none.c.obj      14      0         0      
       copy_zero_init.c.obj            12      0         0      
       exit.c.obj                      4       0         0      
       pre_init.c.obj                  4       0         0      
    +--+-------------------------------+-------+---------+---------+
       Total:                          536     0         0      
                                                                
       Stack:                          0       0         512    
       Linker Generated:               0       51        0      
    +--+-------------------------------+-------+---------+---------+
       Grand Total:                    12198   1315      51048  


LINKER GENERATED COPY TABLES

__TI_cinit_table @ 000034c8 records: 2, size/record: 8, table size: 16
	.data: load addr=000034a0, load size=0000000f bytes, run addr=2000c718, run size=00000050 bytes, compression=lzss
	.bss: load addr=000034c0, load size=00000008 bytes, run addr=20000000, run size=0000c518 bytes, compression=zero_init


LINKER GENERATED HANDLER TABLE

__TI_handler_table @ 000034b0 records: 3, size/record: 4, table size: 12
	index: 0, handler: __TI_decompress_lzss
	index: 1, handler: __TI_decompress_none
	index: 2, handler: __TI_zero_init


GLOBAL SYMBOLS: SORTED ALPHABETICALLY BY Name 

address   name                             
-------   ----                             
2000c3f4  ADC0S0Value                      
2000c414  ADC0S1Value                      
2000c434  ADC0S2Value                      
000030e7  ADCProcessorTrigger              
00002e87  ADCSequenceConfigure             
000030c9  ADCSequenceDataGet               
00003149  ADCSequenceDisable               
00003157  ADCSequenceEnable                
00002d2b  ADCSequenceStepConfigure         
000031b3  C$$EXIT                          
00001d59  ConfigureUART                    
0000305d  GPIODirModeSet                   
00002809  GPIOPadConfigSet                 
00002ed9  GPIOPinConfigure                 
000031a3  GPIOPinRead                      
00003113  GPIOPinTypeADC                   
00003125  GPIOPinTypeEthernetLED           
00003137  GPIOPinTypeUART                  
000031a9  GPIOPinWrite                     
00002581  LEDRead                          
0000251d  LEDWrite                         
00002341  PinoutSet                        
0000318d  ResetISR                         
00002609  SysCtlClockFreqSet               
00002ff5  SysCtlPeripheralEnable           
00003199  UARTCharPut                      
00003165  UARTCharPutNonBlocking           
00002f69  UARTConfigSetExpClk              
00003089  UARTDisable                      
000030ff  UARTEnable                       
00001ad1  UARTprintStr                     
2000c718  __STACK_END                      
00000200  __STACK_SIZE                     
2000c718  __STACK_TOP                      
000034c8  __TI_CINIT_Base                  
000034d8  __TI_CINIT_Limit                 
000034b0  __TI_Handler_Table_Base          
000034bc  __TI_Handler_Table_Limit         
00002fb1  __TI_auto_init_nobinit_nopinit   
00002e1f  __TI_decompress_lzss             
00003173  __TI_decompress_none             
ffffffff  __TI_pprof_out_hndl              
ffffffff  __TI_prof_data_size              
ffffffff  __TI_prof_data_start             
00000000  __TI_static_base__               
00003181  __TI_zero_init                   
00002da5  __aeabi_memclr                   
00002da5  __aeabi_memclr4                  
00002da5  __aeabi_memclr8                  
00002c03  __aeabi_memcpy                   
00002c03  __aeabi_memcpy4                  
00002c03  __aeabi_memcpy8                  
00002da7  __aeabi_memset                   
00002da7  __aeabi_memset4                  
00002da7  __aeabi_memset8                  
ffffffff  __binit__                        
ffffffff  __c_args__                       
UNDEFED   __mpu_init                       
2000c518  __stack                          
20000000  __start___llvm_prf_cnts          
20000000  __stop___llvm_prf_cnts           
00003029  _c_int00_noargs                  
UNDEFED   _system_post_cinit               
000031af  _system_pre_init                 
000031b3  abort                            
2000c4e0  acc                              
ffffffff  binit                            
00001b67  displayOutput                    
00000000  g_pfnVectors                     
00001af5  intToStr                         
2000c50c  joystick                         
00001dd5  main                             
00002c03  memcpy                           
00002dad  memset                           
2000c514  micValue                         
00002319  pcTimerGetTimerName              
000029a5  pvPortMalloc                     
000012bf  pvTaskIncrementMutexHeldCount    
000020cb  pvTimerGetTimerID                
2000c718  pxCurrentTCB                     
00002aeb  pxPortInitialiseStack            
00001a3f  ucQueueGetQueueType              
0000349c  ulMaxSyscallInterruptPriority    
00002b41  ulPortGetIPSR                    
00001231  ulTaskNotifyTake                 
00002d0b  uxListRemove                     
00001a3b  uxQueueGetQueueNumber            
00001a29  uxQueueMessagesWaiting           
00001a25  uxQueueMessagesWaitingFromISR    
00001a11  uxQueueSpacesAvailable           
00001211  uxTaskGetNumberOfTasks           
0000118d  uxTaskGetSystemState             
000010e5  uxTaskGetTaskNumber              
000010c9  uxTaskPriorityGet                
000010a9  uxTaskPriorityGetFromISR         
00001095  uxTaskResetEventItemValue        
00002cf5  vListInitialise                  
00002cef  vListInitialiseItem              
00002cb7  vListInsert                      
00002c9f  vListInsertEnd                   
00002bf5  vPortEnableVFP                   
00002ae9  vPortEndScheduler                
00002ad1  vPortEnterCritical               
00002abf  vPortExitCritical                
00002945  vPortFree                        
00002943  vPortInitialiseBlocks            
00002bb9  vPortSVCHandler                  
00002a7b  vPortSetupTimerInterrupt         
00002bd9  vPortStartFirstTask              
000019f5  vQueueAddToRegistry              
000019e5  vQueueDelete                     
000019e1  vQueueSetQueueNumber             
000019c7  vQueueUnregisterQueue            
00001987  vQueueWaitForMessageRestricted   
00001d05  vTaskAcc                         
00001049  vTaskDelay                       
00000fcb  vTaskDelayUntil                  
00000f39  vTaskDelete                      
00000f21  vTaskEndScheduler                
00001c15  vTaskGatekeeper                  
00001a8b  vTaskJoystick                    
00001a4d  vTaskMicrophone                  
00000f19  vTaskMissedYield                 
00000e99  vTaskNotifyGiveFromISR           
00000e35  vTaskPlaceOnEventList            
00000dd5  vTaskPlaceOnEventListRestricted  
00000d71  vTaskPlaceOnUnorderedEventList   
00000ced  vTaskPriorityInherit             
00000c1d  vTaskPrioritySet                 
00000bb1  vTaskResume                      
00000b95  vTaskSetTaskNumber               
000009f9  vTaskSetTimeOutState             
00000b47  vTaskStartScheduler              
00000ab5  vTaskSuspend                     
00000aa5  vTaskSuspendAll                  
00000a53  vTaskSwitchContext               
000020b5  vTimerSetTimerID                 
0000293d  xPortGetFreeHeapSize             
00002b59  xPortPendSVHandler               
00002a87  xPortStartScheduler              
00002a55  xPortSysTickHandler              
2000c750  xQueueAcc                        
00001973  xQueueCreateCountingSemaphore    
00001925  xQueueCreateMutex                
000018e9  xQueueGenericCreate              
0000142b  xQueueGenericReceive             
0000186b  xQueueGenericReset               
000016a3  xQueueGenericSend                
0000180f  xQueueGenericSendFromISR         
000017b9  xQueueGiveFromISR                
0000178d  xQueueGiveMutexRecursive         
00001609  xQueueIsQueueEmptyFromISR        
000015fb  xQueueIsQueueFullFromISR         
2000c74c  xQueueJoy                        
2000c748  xQueueMic                        
000015c9  xQueuePeekFromISR                
0000156d  xQueueReceiveFromISR             
2000c3b4  xQueueRegistry                   
0000153d  xQueueTakeMutexRecursive         
00000a07  xTaskCheckForTimeOut             
0000090d  xTaskGenericCreate               
00000791  xTaskGenericNotify               
000006e1  xTaskGenericNotifyFromISR        
000006d5  xTaskGetCurrentTaskHandle        
000006bd  xTaskGetSchedulerState           
000006b1  xTaskGetTickCount                
000006ab  xTaskGetTickCountFromISR         
000002ad  xTaskIncrementTick               
00000681  xTaskNotifyStateClear            
000005c5  xTaskNotifyWait                  
000004f9  xTaskPriorityDisinherit          
00000495  xTaskRemoveFromEventList         
00000445  xTaskRemoveFromUnorderedEventList
00000389  xTaskResumeAll                   
00000223  xTaskResumeFromISR               
0000207b  xTimerCreate                     
00002049  xTimerCreateTimerTask            
00001fcd  xTimerGenericCommand             
00001fb5  xTimerIsTimerActive              


GLOBAL SYMBOLS: SORTED BY Symbol Address 

address   name                             
-------   ----                             
00000000  __TI_static_base__               
00000000  g_pfnVectors                     
00000200  __STACK_SIZE                     
00000223  xTaskResumeFromISR               
000002ad  xTaskIncrementTick               
00000389  xTaskResumeAll                   
00000445  xTaskRemoveFromUnorderedEventList
00000495  xTaskRemoveFromEventList         
000004f9  xTaskPriorityDisinherit          
000005c5  xTaskNotifyWait                  
00000681  xTaskNotifyStateClear            
000006ab  xTaskGetTickCountFromISR         
000006b1  xTaskGetTickCount                
000006bd  xTaskGetSchedulerState           
000006d5  xTaskGetCurrentTaskHandle        
000006e1  xTaskGenericNotifyFromISR        
00000791  xTaskGenericNotify               
0000090d  xTaskGenericCreate               
000009f9  vTaskSetTimeOutState             
00000a07  xTaskCheckForTimeOut             
00000a53  vTaskSwitchContext               
00000aa5  vTaskSuspendAll                  
00000ab5  vTaskSuspend                     
00000b47  vTaskStartScheduler              
00000b95  vTaskSetTaskNumber               
00000bb1  vTaskResume                      
00000c1d  vTaskPrioritySet                 
00000ced  vTaskPriorityInherit             
00000d71  vTaskPlaceOnUnorderedEventList   
00000dd5  vTaskPlaceOnEventListRestricted  
00000e35  vTaskPlaceOnEventList            
00000e99  vTaskNotifyGiveFromISR           
00000f19  vTaskMissedYield                 
00000f21  vTaskEndScheduler                
00000f39  vTaskDelete                      
00000fcb  vTaskDelayUntil                  
00001049  vTaskDelay                       
00001095  uxTaskResetEventItemValue        
000010a9  uxTaskPriorityGetFromISR         
000010c9  uxTaskPriorityGet                
000010e5  uxTaskGetTaskNumber              
0000118d  uxTaskGetSystemState             
00001211  uxTaskGetNumberOfTasks           
00001231  ulTaskNotifyTake                 
000012bf  pvTaskIncrementMutexHeldCount    
0000142b  xQueueGenericReceive             
0000153d  xQueueTakeMutexRecursive         
0000156d  xQueueReceiveFromISR             
000015c9  xQueuePeekFromISR                
000015fb  xQueueIsQueueFullFromISR         
00001609  xQueueIsQueueEmptyFromISR        
000016a3  xQueueGenericSend                
0000178d  xQueueGiveMutexRecursive         
000017b9  xQueueGiveFromISR                
0000180f  xQueueGenericSendFromISR         
0000186b  xQueueGenericReset               
000018e9  xQueueGenericCreate              
00001925  xQueueCreateMutex                
00001973  xQueueCreateCountingSemaphore    
00001987  vQueueWaitForMessageRestricted   
000019c7  vQueueUnregisterQueue            
000019e1  vQueueSetQueueNumber             
000019e5  vQueueDelete                     
000019f5  vQueueAddToRegistry              
00001a11  uxQueueSpacesAvailable           
00001a25  uxQueueMessagesWaitingFromISR    
00001a29  uxQueueMessagesWaiting           
00001a3b  uxQueueGetQueueNumber            
00001a3f  ucQueueGetQueueType              
00001a4d  vTaskMicrophone                  
00001a8b  vTaskJoystick                    
00001ad1  UARTprintStr                     
00001af5  intToStr                         
00001b67  displayOutput                    
00001c15  vTaskGatekeeper                  
00001d05  vTaskAcc                         
00001d59  ConfigureUART                    
00001dd5  main                             
00001fb5  xTimerIsTimerActive              
00001fcd  xTimerGenericCommand             
00002049  xTimerCreateTimerTask            
0000207b  xTimerCreate                     
000020b5  vTimerSetTimerID                 
000020cb  pvTimerGetTimerID                
00002319  pcTimerGetTimerName              
00002341  PinoutSet                        
0000251d  LEDWrite                         
00002581  LEDRead                          
00002609  SysCtlClockFreqSet               
00002809  GPIOPadConfigSet                 
0000293d  xPortGetFreeHeapSize             
00002943  vPortInitialiseBlocks            
00002945  vPortFree                        
000029a5  pvPortMalloc                     
00002a55  xPortSysTickHandler              
00002a7b  vPortSetupTimerInterrupt         
00002a87  xPortStartScheduler              
00002abf  vPortExitCritical                
00002ad1  vPortEnterCritical               
00002ae9  vPortEndScheduler                
00002aeb  pxPortInitialiseStack            
00002b41  ulPortGetIPSR                    
00002b59  xPortPendSVHandler               
00002bb9  vPortSVCHandler                  
00002bd9  vPortStartFirstTask              
00002bf5  vPortEnableVFP                   
00002c03  __aeabi_memcpy                   
00002c03  __aeabi_memcpy4                  
00002c03  __aeabi_memcpy8                  
00002c03  memcpy                           
00002c9f  vListInsertEnd                   
00002cb7  vListInsert                      
00002cef  vListInitialiseItem              
00002cf5  vListInitialise                  
00002d0b  uxListRemove                     
00002d2b  ADCSequenceStepConfigure         
00002da5  __aeabi_memclr                   
00002da5  __aeabi_memclr4                  
00002da5  __aeabi_memclr8                  
00002da7  __aeabi_memset                   
00002da7  __aeabi_memset4                  
00002da7  __aeabi_memset8                  
00002dad  memset                           
00002e1f  __TI_decompress_lzss             
00002e87  ADCSequenceConfigure             
00002ed9  GPIOPinConfigure                 
00002f69  UARTConfigSetExpClk              
00002fb1  __TI_auto_init_nobinit_nopinit   
00002ff5  SysCtlPeripheralEnable           
00003029  _c_int00_noargs                  
0000305d  GPIODirModeSet                   
00003089  UARTDisable                      
000030c9  ADCSequenceDataGet               
000030e7  ADCProcessorTrigger              
000030ff  UARTEnable                       
00003113  GPIOPinTypeADC                   
00003125  GPIOPinTypeEthernetLED           
00003137  GPIOPinTypeUART                  
00003149  ADCSequenceDisable               
00003157  ADCSequenceEnable                
00003165  UARTCharPutNonBlocking           
00003173  __TI_decompress_none             
00003181  __TI_zero_init                   
0000318d  ResetISR                         
00003199  UARTCharPut                      
000031a3  GPIOPinRead                      
000031a9  GPIOPinWrite                     
000031af  _system_pre_init                 
000031b3  C$$EXIT                          
000031b3  abort                            
0000349c  ulMaxSyscallInterruptPriority    
000034b0  __TI_Handler_Table_Base          
000034bc  __TI_Handler_Table_Limit         
000034c8  __TI_CINIT_Base                  
000034d8  __TI_CINIT_Limit                 
20000000  __start___llvm_prf_cnts          
20000000  __stop___llvm_prf_cnts           
2000c3b4  xQueueRegistry                   
2000c3f4  ADC0S0Value                      
2000c414  ADC0S1Value                      
2000c434  ADC0S2Value                      
2000c4e0  acc                              
2000c50c  joystick                         
2000c514  micValue                         
2000c518  __stack                          
2000c718  __STACK_END                      
2000c718  __STACK_TOP                      
2000c718  pxCurrentTCB                     
2000c748  xQueueMic                        
2000c74c  xQueueJoy                        
2000c750  xQueueAcc                        
ffffffff  __TI_pprof_out_hndl              
ffffffff  __TI_prof_data_size              
ffffffff  __TI_prof_data_start             
ffffffff  __binit__                        
ffffffff  __c_args__                       
ffffffff  binit                            
UNDEFED   __mpu_init                       
UNDEFED   _system_post_cinit               

[179 symbols]
